Archive member included to satisfy reference by file (symbol)

C:/ST/STM32CubeIDE_1.13.1/STM32CubeIDE/plugins/com.st.stm32cube.ide.mcu.externaltools.gnu-tools-for-stm32.11.3.rel1.win32_1.1.0.202305231506/tools/bin/../lib/gcc/arm-none-eabi/11.3.1/../../../../arm-none-eabi/lib/thumb/v7e-m+fp/hard\libc_nano.a(libc_a-exit.o)
                              C:/ST/STM32CubeIDE_1.13.1/STM32CubeIDE/plugins/com.st.stm32cube.ide.mcu.externaltools.gnu-tools-for-stm32.11.3.rel1.win32_1.1.0.202305231506/tools/bin/../lib/gcc/arm-none-eabi/11.3.1/../../../../arm-none-eabi/lib/thumb/v7e-m+fp/hard/crt0.o (exit)
C:/ST/STM32CubeIDE_1.13.1/STM32CubeIDE/plugins/com.st.stm32cube.ide.mcu.externaltools.gnu-tools-for-stm32.11.3.rel1.win32_1.1.0.202305231506/tools/bin/../lib/gcc/arm-none-eabi/11.3.1/../../../../arm-none-eabi/lib/thumb/v7e-m+fp/hard\libc_nano.a(libc_a-rand.o)
                              ./Core/Src/main.o (rand)
C:/ST/STM32CubeIDE_1.13.1/STM32CubeIDE/plugins/com.st.stm32cube.ide.mcu.externaltools.gnu-tools-for-stm32.11.3.rel1.win32_1.1.0.202305231506/tools/bin/../lib/gcc/arm-none-eabi/11.3.1/../../../../arm-none-eabi/lib/thumb/v7e-m+fp/hard\libc_nano.a(libc_a-findfp.o)
                              C:/ST/STM32CubeIDE_1.13.1/STM32CubeIDE/plugins/com.st.stm32cube.ide.mcu.externaltools.gnu-tools-for-stm32.11.3.rel1.win32_1.1.0.202305231506/tools/bin/../lib/gcc/arm-none-eabi/11.3.1/../../../../arm-none-eabi/lib/thumb/v7e-m+fp/hard\libc_nano.a(libc_a-exit.o) (__stdio_exit_handler)
C:/ST/STM32CubeIDE_1.13.1/STM32CubeIDE/plugins/com.st.stm32cube.ide.mcu.externaltools.gnu-tools-for-stm32.11.3.rel1.win32_1.1.0.202305231506/tools/bin/../lib/gcc/arm-none-eabi/11.3.1/../../../../arm-none-eabi/lib/thumb/v7e-m+fp/hard\libc_nano.a(libc_a-fwalk.o)
                              C:/ST/STM32CubeIDE_1.13.1/STM32CubeIDE/plugins/com.st.stm32cube.ide.mcu.externaltools.gnu-tools-for-stm32.11.3.rel1.win32_1.1.0.202305231506/tools/bin/../lib/gcc/arm-none-eabi/11.3.1/../../../../arm-none-eabi/lib/thumb/v7e-m+fp/hard\libc_nano.a(libc_a-findfp.o) (_fwalk_sglue)
C:/ST/STM32CubeIDE_1.13.1/STM32CubeIDE/plugins/com.st.stm32cube.ide.mcu.externaltools.gnu-tools-for-stm32.11.3.rel1.win32_1.1.0.202305231506/tools/bin/../lib/gcc/arm-none-eabi/11.3.1/../../../../arm-none-eabi/lib/thumb/v7e-m+fp/hard\libc_nano.a(libc_a-printf.o)
                              ./Core/Src/main.o (printf)
C:/ST/STM32CubeIDE_1.13.1/STM32CubeIDE/plugins/com.st.stm32cube.ide.mcu.externaltools.gnu-tools-for-stm32.11.3.rel1.win32_1.1.0.202305231506/tools/bin/../lib/gcc/arm-none-eabi/11.3.1/../../../../arm-none-eabi/lib/thumb/v7e-m+fp/hard\libc_nano.a(libc_a-puts.o)
                              ./Core/Src/main.o (puts)
C:/ST/STM32CubeIDE_1.13.1/STM32CubeIDE/plugins/com.st.stm32cube.ide.mcu.externaltools.gnu-tools-for-stm32.11.3.rel1.win32_1.1.0.202305231506/tools/bin/../lib/gcc/arm-none-eabi/11.3.1/../../../../arm-none-eabi/lib/thumb/v7e-m+fp/hard\libc_nano.a(libc_a-stdio.o)
                              C:/ST/STM32CubeIDE_1.13.1/STM32CubeIDE/plugins/com.st.stm32cube.ide.mcu.externaltools.gnu-tools-for-stm32.11.3.rel1.win32_1.1.0.202305231506/tools/bin/../lib/gcc/arm-none-eabi/11.3.1/../../../../arm-none-eabi/lib/thumb/v7e-m+fp/hard\libc_nano.a(libc_a-findfp.o) (__sread)
C:/ST/STM32CubeIDE_1.13.1/STM32CubeIDE/plugins/com.st.stm32cube.ide.mcu.externaltools.gnu-tools-for-stm32.11.3.rel1.win32_1.1.0.202305231506/tools/bin/../lib/gcc/arm-none-eabi/11.3.1/../../../../arm-none-eabi/lib/thumb/v7e-m+fp/hard\libc_nano.a(libc_a-wbuf.o)
                              C:/ST/STM32CubeIDE_1.13.1/STM32CubeIDE/plugins/com.st.stm32cube.ide.mcu.externaltools.gnu-tools-for-stm32.11.3.rel1.win32_1.1.0.202305231506/tools/bin/../lib/gcc/arm-none-eabi/11.3.1/../../../../arm-none-eabi/lib/thumb/v7e-m+fp/hard\libc_nano.a(libc_a-puts.o) (__swbuf_r)
C:/ST/STM32CubeIDE_1.13.1/STM32CubeIDE/plugins/com.st.stm32cube.ide.mcu.externaltools.gnu-tools-for-stm32.11.3.rel1.win32_1.1.0.202305231506/tools/bin/../lib/gcc/arm-none-eabi/11.3.1/../../../../arm-none-eabi/lib/thumb/v7e-m+fp/hard\libc_nano.a(libc_a-wsetup.o)
                              C:/ST/STM32CubeIDE_1.13.1/STM32CubeIDE/plugins/com.st.stm32cube.ide.mcu.externaltools.gnu-tools-for-stm32.11.3.rel1.win32_1.1.0.202305231506/tools/bin/../lib/gcc/arm-none-eabi/11.3.1/../../../../arm-none-eabi/lib/thumb/v7e-m+fp/hard\libc_nano.a(libc_a-puts.o) (__swsetup_r)
C:/ST/STM32CubeIDE_1.13.1/STM32CubeIDE/plugins/com.st.stm32cube.ide.mcu.externaltools.gnu-tools-for-stm32.11.3.rel1.win32_1.1.0.202305231506/tools/bin/../lib/gcc/arm-none-eabi/11.3.1/../../../../arm-none-eabi/lib/thumb/v7e-m+fp/hard\libc_nano.a(libc_a-memset.o)
                              C:/ST/STM32CubeIDE_1.13.1/STM32CubeIDE/plugins/com.st.stm32cube.ide.mcu.externaltools.gnu-tools-for-stm32.11.3.rel1.win32_1.1.0.202305231506/tools/bin/../lib/gcc/arm-none-eabi/11.3.1/../../../../arm-none-eabi/lib/thumb/v7e-m+fp/hard/crt0.o (memset)
[...]
Memory Configuration

Name             Origin             Length             Attributes
RAM              0x0000000020000000 0x0000000000050000 xrw
FLASH            0x0000000008000000 0x0000000000100000 xr
*default*        0x0000000000000000 0xffffffffffffffff

Linker script and memory map

LOAD C:/ST/STM32CubeIDE_1.13.1/STM32CubeIDE/plugins/com.st.stm32cube.ide.mcu.externaltools.gnu-tools-for-stm32.11.3.rel1.win32_1.1.0.202305231506/tools/bin/../lib/gcc/arm-none-eabi/11.3.1/thumb/v7e-m+fp/hard/crti.o
LOAD C:/ST/STM32CubeIDE_1.13.1/STM32CubeIDE/plugins/com.st.stm32cube.ide.mcu.externaltools.gnu-tools-for-stm32.11.3.rel1.win32_1.1.0.202305231506/tools/bin/../lib/gcc/arm-none-eabi/11.3.1/thumb/v7e-m+fp/hard/crtbegin.o
LOAD C:/ST/STM32CubeIDE_1.13.1/STM32CubeIDE/plugins/com.st.stm32cube.ide.mcu.externaltools.gnu-tools-for-stm32.11.3.rel1.win32_1.1.0.202305231506/tools/bin/../lib/gcc/arm-none-eabi/11.3.1/../../../../arm-none-eabi/lib/thumb/v7e-m+fp/hard/crt0.o
LOAD ./Core/Src/freertos.o
LOAD ./Core/Src/main.o
LOAD ./Core/Src/stm32f7xx_hal_msp.o
LOAD ./Core/Src/stm32f7xx_it.o
LOAD ./Core/Src/syscalls.o
LOAD ./Core/Src/sysmem.o
LOAD ./Core/Src/system_stm32f7xx.o
LOAD ./Core/Startup/startup_stm32f746zgtx.o
LOAD ./Drivers/STM32F7xx_HAL_Driver/Src/stm32f7xx_hal.o
LOAD ./Drivers/STM32F7xx_HAL_Driver/Src/stm32f7xx_hal_cortex.o
LOAD ./Drivers/STM32F7xx_HAL_Driver/Src/stm32f7xx_hal_dma.o
LOAD ./Drivers/STM32F7xx_HAL_Driver/Src/stm32f7xx_hal_dma_ex.o
LOAD ./Drivers/STM32F7xx_HAL_Driver/Src/stm32f7xx_hal_exti.o
LOAD ./Drivers/STM32F7xx_HAL_Driver/Src/stm32f7xx_hal_flash.o
LOAD ./Drivers/STM32F7xx_HAL_Driver/Src/stm32f7xx_hal_flash_ex.o
LOAD ./Drivers/STM32F7xx_HAL_Driver/Src/stm32f7xx_hal_gpio.o
LOAD ./Drivers/STM32F7xx_HAL_Driver/Src/stm32f7xx_hal_i2c.o
LOAD ./Drivers/STM32F7xx_HAL_Driver/Src/stm32f7xx_hal_i2c_ex.o
LOAD ./Drivers/STM32F7xx_HAL_Driver/Src/stm32f7xx_hal_pwr.o
LOAD ./Drivers/STM32F7xx_HAL_Driver/Src/stm32f7xx_hal_pwr_ex.o
LOAD ./Drivers/STM32F7xx_HAL_Driver/Src/stm32f7xx_hal_rcc.o
LOAD ./Drivers/STM32F7xx_HAL_Driver/Src/stm32f7xx_hal_rcc_ex.o
LOAD ./Middlewares/Third_Party/FreeRTOS/Source/CMSIS_RTOS_V2/cmsis_os2.o
LOAD ./Middlewares/Third_Party/FreeRTOS/Source/croutine.o
LOAD ./Middlewares/Third_Party/FreeRTOS/Source/event_groups.o
LOAD ./Middlewares/Third_Party/FreeRTOS/Source/list.o
LOAD ./Middlewares/Third_Party/FreeRTOS/Source/queue.o
LOAD ./Middlewares/Third_Party/FreeRTOS/Source/stream_buffer.o
LOAD ./Middlewares/Third_Party/FreeRTOS/Source/tasks.o
LOAD ./Middlewares/Third_Party/FreeRTOS/Source/timers.o
LOAD ./Middlewares/Third_Party/FreeRTOS/Source/portable/GCC/ARM_CM7/r0p1/port.o
LOAD ./Middlewares/Third_Party/FreeRTOS/Source/portable/MemMang/heap_4.o
START GROUP
LOAD C:/ST/STM32CubeIDE_1.13.1/STM32CubeIDE/plugins/com.st.stm32cube.ide.mcu.externaltools.gnu-tools-for-stm32.11.3.rel1.win32_1.1.0.202305231506/tools/bin/../lib/gcc/arm-none-eabi/11.3.1/../../../../arm-none-eabi/lib/thumb/v7e-m+fp/hard\libc_nano.a
LOAD C:/ST/STM32CubeIDE_1.13.1/STM32CubeIDE/plugins/com.st.stm32cube.ide.mcu.externaltools.gnu-tools-for-stm32.11.3.rel1.win32_1.1.0.202305231506/tools/bin/../lib/gcc/arm-none-eabi/11.3.1/../../../../arm-none-eabi/lib/thumb/v7e-m+fp/hard\libm.a
END GROUP
START GROUP
LOAD C:/ST/STM32CubeIDE_1.13.1/STM32CubeIDE/plugins/com.st.stm32cube.ide.mcu.externaltools.gnu-tools-for-stm32.11.3.rel1.win32_1.1.0.202305231506/tools/bin/../lib/gcc/arm-none-eabi/11.3.1/thumb/v7e-m+fp/hard\libgcc.a
LOAD C:/ST/STM32CubeIDE_1.13.1/STM32CubeIDE/plugins/com.st.stm32cube.ide.mcu.externaltools.gnu-tools-for-stm32.11.3.rel1.win32_1.1.0.202305231506/tools/bin/../lib/gcc/arm-none-eabi/11.3.1/../../../../arm-none-eabi/lib/thumb/v7e-m+fp/hard\libc_nano.a
END GROUP
START GROUP
LOAD C:/ST/STM32CubeIDE_1.13.1/STM32CubeIDE/plugins/com.st.stm32cube.ide.mcu.externaltools.gnu-tools-for-stm32.11.3.rel1.win32_1.1.0.202305231506/tools/bin/../lib/gcc/arm-none-eabi/11.3.1/thumb/v7e-m+fp/hard\libgcc.a
LOAD C:/ST/STM32CubeIDE_1.13.1/STM32CubeIDE/plugins/com.st.stm32cube.ide.mcu.externaltools.gnu-tools-for-stm32.11.3.rel1.win32_1.1.0.202305231506/tools/bin/../lib/gcc/arm-none-eabi/11.3.1/../../../../arm-none-eabi/lib/thumb/v7e-m+fp/hard\libc_nano.a
LOAD C:/ST/STM32CubeIDE_1.13.1/STM32CubeIDE/plugins/com.st.stm32cube.ide.mcu.externaltools.gnu-tools-for-stm32.11.3.rel1.win32_1.1.0.202305231506/tools/bin/../lib/gcc/arm-none-eabi/11.3.1/../../../../arm-none-eabi/lib/thumb/v7e-m+fp/hard\libnosys.a
END GROUP
START GROUP
LOAD C:/ST/STM32CubeIDE_1.13.1/STM32CubeIDE/plugins/com.st.stm32cube.ide.mcu.externaltools.gnu-tools-for-stm32.11.3.rel1.win32_1.1.0.202305231506/tools/bin/../lib/gcc/arm-none-eabi/11.3.1/thumb/v7e-m+fp/hard\libgcc.a
LOAD C:/ST/STM32CubeIDE_1.13.1/STM32CubeIDE/plugins/com.st.stm32cube.ide.mcu.externaltools.gnu-tools-for-stm32.11.3.rel1.win32_1.1.0.202305231506/tools/bin/../lib/gcc/arm-none-eabi/11.3.1/../../../../arm-none-eabi/lib/thumb/v7e-m+fp/hard\libc_nano.a
LOAD C:/ST/STM32CubeIDE_1.13.1/STM32CubeIDE/plugins/com.st.stm32cube.ide.mcu.externaltools.gnu-tools-for-stm32.11.3.rel1.win32_1.1.0.202305231506/tools/bin/../lib/gcc/arm-none-eabi/11.3.1/../../../../arm-none-eabi/lib/thumb/v7e-m+fp/hard\libnosys.a
END GROUP
LOAD C:/ST/STM32CubeIDE_1.13.1/STM32CubeIDE/plugins/com.st.stm32cube.ide.mcu.externaltools.gnu-tools-for-stm32.11.3.rel1.win32_1.1.0.202305231506/tools/bin/../lib/gcc/arm-none-eabi/11.3.1/thumb/v7e-m+fp/hard/crtend.o
LOAD C:/ST/STM32CubeIDE_1.13.1/STM32CubeIDE/plugins/com.st.stm32cube.ide.mcu.externaltools.gnu-tools-for-stm32.11.3.rel1.win32_1.1.0.202305231506/tools/bin/../lib/gcc/arm-none-eabi/11.3.1/thumb/v7e-m+fp/hard/crtn.o
                0x0000000020050000                _estack = (ORIGIN (RAM) + LENGTH (RAM))
                0x0000000000000200                _Min_Heap_Size = 0x200
                0x0000000000000400                _Min_Stack_Size = 0x400

.isr_vector     0x0000000008000000      0x1c8
                0x0000000008000000                . = ALIGN (0x4)
 *(.isr_vector)
 .isr_vector    0x0000000008000000      0x1c8 ./Core/Startup/startup_stm32f746zgtx.o
                0x0000000008000000                g_pfnVectors
                0x00000000080001c8                . = ALIGN (0x4)

.text           0x00000000080001d0     0x6980
                0x00000000080001d0                . = ALIGN (0x4)
 *(.text)
 .text          0x00000000080001d0       0x40 C:/ST/STM32CubeIDE_1.13.1/STM32CubeIDE/plugins/com.st.stm32cube.ide.mcu.externaltools.gnu-tools-for-stm32.11.3.rel1.win32_1.1.0.202305231506/tools/bin/../lib/gcc/arm-none-eabi/11.3.1/thumb/v7e-m+fp/hard/crtbegin.o
 .text          0x0000000008000210       0xa0 C:/ST/STM32CubeIDE_1.13.1/STM32CubeIDE/plugins/com.st.stm32cube.ide.mcu.externaltools.gnu-tools-for-stm32.11.3.rel1.win32_1.1.0.202305231506/tools/bin/../lib/gcc/arm-none-eabi/11.3.1/../../../../arm-none-eabi/lib/thumb/v7e-m+fp/hard\libc_nano.a(libc_a-memchr.o)
                0x0000000008000210                memchr
 .text          0x00000000080002b0       0x30 C:/ST/STM32CubeIDE_1.13.1/STM32CubeIDE/plugins/com.st.stm32cube.ide.mcu.externaltools.gnu-tools-for-stm32.11.3.rel1.win32_1.1.0.202305231506/tools/bin/../lib/gcc/arm-none-eabi/11.3.1/thumb/v7e-m+fp/hard\libgcc.a(_aeabi_uldivmod.o)
                0x00000000080002b0                __aeabi_uldivmod
 .text          0x00000000080002e0      0x2c8 C:/ST/STM32CubeIDE_1.13.1/STM32CubeIDE/plugins/com.st.stm32cube.ide.mcu.externaltools.gnu-tools-for-stm32.11.3.rel1.win32_1.1.0.202305231506/tools/bin/../lib/gcc/arm-none-eabi/11.3.1/thumb/v7e-m+fp/hard\libgcc.a(_udivmoddi4.o)
                0x00000000080002e0                __udivmoddi4
 .text          0x00000000080005a8        0x4 C:/ST/STM32CubeIDE_1.13.1/STM32CubeIDE/plugins/com.st.stm32cube.ide.mcu.externaltools.gnu-tools-for-stm32.11.3.rel1.win32_1.1.0.202305231506/tools/bin/../lib/gcc/arm-none-eabi/11.3.1/thumb/v7e-m+fp/hard\libgcc.a(_dvmd_tls.o)
                0x00000000080005a8                __aeabi_idiv0
                0x00000000080005a8                __aeabi_ldiv0
 *(.text*)
 .text.main     0x00000000080005ac      0x200 ./Core/Src/main.o
                0x00000000080005ac                main
 .text.SystemClock_Config
                0x00000000080007ac       0xb8 ./Core/Src/main.o
                0x00000000080007ac                SystemClock_Config
 .text.generateTask
                0x0000000008000864       0x90 ./Core/Src/main.o
                0x0000000008000864                generateTask
 .text.dispatchTask
                0x00000000080008f4       0xcc ./Core/Src/main.o
                0x00000000080008f4                dispatchTask
 .text.policeTask
                0x00000000080009c0       0x38 ./Core/Src/main.o
                0x00000000080009c0                policeTask
 .text.ambulanceTask
                0x00000000080009f8       0x38 ./Core/Src/main.o
                0x00000000080009f8                ambulanceTask
 .text.fireTask
                0x0000000008000a30       0x38 ./Core/Src/main.o
                0x0000000008000a30                fireTask
 .text.coronaTask
                0x0000000008000a68       0x38 ./Core/Src/main.o
                0x0000000008000a68                coronaTask
 .text.ServiceRoutinePolice
                0x0000000008000aa0      0x128 ./Core/Src/main.o
                0x0000000008000aa0                ServiceRoutinePolice
 .text.ServiceRoutineFire
                0x0000000008000bc8      0x128 ./Core/Src/main.o
                0x0000000008000bc8                ServiceRoutineFire
 .text.ServiceRoutineAmbulance
                0x0000000008000cf0      0x128 ./Core/Src/main.o
                0x0000000008000cf0                ServiceRoutineAmbulance
 .text.ServiceRoutineCorona
                0x0000000008000e18      0x128 ./Core/Src/main.o
                0x0000000008000e18                ServiceRoutineCorona
 .text.timerCallback
                0x0000000008000f40       0x44 ./Core/Src/main.o
                0x0000000008000f40                timerCallback
 .text.loggingStartThread
                0x0000000008000f84       0x30 ./Core/Src/main.o
                0x0000000008000f84                loggingStartThread
 .text.MPU_Config
                0x0000000008000fb4       0x58 ./Core/Src/main.o
 .text.Error_Handler
                0x000000000800100c        0xa ./Core/Src/main.o
                0x000000000800100c                Error_Handler
 *fill*         0x0000000008001016        0x2 
 .text.HAL_MspInit
                0x0000000008001018       0x50 ./Core/Src/stm32f7xx_hal_msp.o
                0x0000000008001018                HAL_MspInit
 .text.NMI_Handler
                0x0000000008001068        0x6 ./Core/Src/stm32f7xx_it.o
                0x0000000008001068                NMI_Handler
 .text.HardFault_Handler
                0x000000000800106e        0x6 ./Core/Src/stm32f7xx_it.o
                0x000000000800106e                HardFault_Handler
 .text.MemManage_Handler
                0x0000000008001074        0x6 ./Core/Src/stm32f7xx_it.o
                0x0000000008001074                MemManage_Handler
 .text.BusFault_Handler
                0x000000000800107a        0x6 ./Core/Src/stm32f7xx_it.o
                0x000000000800107a                BusFault_Handler
 .text.UsageFault_Handler
                0x0000000008001080        0x6 ./Core/Src/stm32f7xx_it.o
                0x0000000008001080                UsageFault_Handler
 .text.DebugMon_Handler
                0x0000000008001086        0xe ./Core/Src/stm32f7xx_it.o
                0x0000000008001086                DebugMon_Handler
 .text.SysTick_Handler
                0x0000000008001094       0x1a ./Core/Src/stm32f7xx_it.o
                0x0000000008001094                SysTick_Handler
 .text._getpid  0x00000000080010ae       0x10 ./Core/Src/syscalls.o
                0x00000000080010ae                _getpid
 .text._kill    0x00000000080010be       0x20 ./Core/Src/syscalls.o
                0x00000000080010be                _kill
 .text._exit    0x00000000080010de       0x14 ./Core/Src/syscalls.o
                0x00000000080010de                _exit
 .text._read    0x00000000080010f2       0x3a ./Core/Src/syscalls.o
                0x00000000080010f2                _read
 .text._write   0x000000000800112c       0x38 ./Core/Src/syscalls.o
                0x000000000800112c                _write
 .text._close   0x0000000008001164       0x18 ./Core/Src/syscalls.o
                0x0000000008001164                _close
 .text._fstat   0x000000000800117c       0x20 ./Core/Src/syscalls.o
                0x000000000800117c                _fstat
 .text._isatty  0x000000000800119c       0x16 ./Core/Src/syscalls.o
                0x000000000800119c                _isatty
 .text._lseek   0x00000000080011b2       0x1a ./Core/Src/syscalls.o
                0x00000000080011b2                _lseek
 .text._sbrk    0x00000000080011cc       0x6c ./Core/Src/sysmem.o
                0x00000000080011cc                _sbrk
 .text.SystemInit
                0x0000000008001238       0x24 ./Core/Src/system_stm32f7xx.o
                0x0000000008001238                SystemInit
 .text.Reset_Handler
                0x000000000800125c       0x50 ./Core/Startup/startup_stm32f746zgtx.o
                0x000000000800125c                Reset_Handler
 .text.Default_Handler
                0x00000000080012ac        0x2 ./Core/Startup/startup_stm32f746zgtx.o
                0x00000000080012ac                RTC_Alarm_IRQHandler
                0x00000000080012ac                EXTI2_IRQHandler
                0x00000000080012ac                TIM8_CC_IRQHandler
                0x00000000080012ac                UART8_IRQHandler
                0x00000000080012ac                SPI4_IRQHandler
                0x00000000080012ac                TIM1_CC_IRQHandler
                0x00000000080012ac                DMA2_Stream5_IRQHandler
                0x00000000080012ac                DMA1_Stream5_IRQHandler
                0x00000000080012ac                PVD_IRQHandler
                0x00000000080012ac                TAMP_STAMP_IRQHandler
                0x00000000080012ac                CAN2_RX1_IRQHandler
                0x00000000080012ac                EXTI3_IRQHandler
                0x00000000080012ac                TIM8_TRG_COM_TIM14_IRQHandler
                0x00000000080012ac                TIM1_UP_TIM10_IRQHandler
                0x00000000080012ac                TIM8_UP_TIM13_IRQHandler
                0x00000000080012ac                I2C3_ER_IRQHandler
                0x00000000080012ac                EXTI0_IRQHandler
                0x00000000080012ac                I2C2_EV_IRQHandler
                0x00000000080012ac                DMA1_Stream2_IRQHandler
                0x00000000080012ac                CAN1_RX0_IRQHandler
                0x00000000080012ac                FPU_IRQHandler
                0x00000000080012ac                OTG_HS_WKUP_IRQHandler
                0x00000000080012ac                LTDC_ER_IRQHandler
                0x00000000080012ac                CAN2_SCE_IRQHandler
                0x00000000080012ac                DMA2_Stream2_IRQHandler
                0x00000000080012ac                SPI1_IRQHandler
                0x00000000080012ac                TIM6_DAC_IRQHandler
                0x00000000080012ac                TIM1_BRK_TIM9_IRQHandler
                0x00000000080012ac                DCMI_IRQHandler
                0x00000000080012ac                CAN2_RX0_IRQHandler
                0x00000000080012ac                DMA2_Stream3_IRQHandler
                0x00000000080012ac                SAI2_IRQHandler
                0x00000000080012ac                USART6_IRQHandler
                0x00000000080012ac                USART3_IRQHandler
                0x00000000080012ac                CAN1_RX1_IRQHandler
                0x00000000080012ac                UART5_IRQHandler
                0x00000000080012ac                DMA2_Stream0_IRQHandler
                0x00000000080012ac                TIM4_IRQHandler
                0x00000000080012ac                QUADSPI_IRQHandler
                0x00000000080012ac                I2C1_EV_IRQHandler
                0x00000000080012ac                DMA1_Stream6_IRQHandler
                0x00000000080012ac                DMA1_Stream1_IRQHandler
                0x00000000080012ac                UART4_IRQHandler
                0x00000000080012ac                TIM3_IRQHandler
                0x00000000080012ac                RCC_IRQHandler
                0x00000000080012ac                TIM8_BRK_TIM12_IRQHandler
                0x00000000080012ac                Default_Handler
                0x00000000080012ac                CEC_IRQHandler
                0x00000000080012ac                EXTI15_10_IRQHandler
                0x00000000080012ac                ADC_IRQHandler
                0x00000000080012ac                DMA1_Stream7_IRQHandler
                0x00000000080012ac                SPI5_IRQHandler
                0x00000000080012ac                TIM7_IRQHandler
                0x00000000080012ac                SDMMC1_IRQHandler
                0x00000000080012ac                CAN2_TX_IRQHandler
                0x00000000080012ac                TIM5_IRQHandler
                0x00000000080012ac                DMA2_Stream7_IRQHandler
                0x00000000080012ac                I2C3_EV_IRQHandler
                0x00000000080012ac                EXTI9_5_IRQHandler
                0x00000000080012ac                RTC_WKUP_IRQHandler
                0x00000000080012ac                LTDC_IRQHandler
                0x00000000080012ac                ETH_WKUP_IRQHandler
                0x00000000080012ac                SPDIF_RX_IRQHandler
                0x00000000080012ac                SPI2_IRQHandler
                0x00000000080012ac                OTG_HS_EP1_IN_IRQHandler
                0x00000000080012ac                DMA1_Stream0_IRQHandler
                0x00000000080012ac                CAN1_TX_IRQHandler
                0x00000000080012ac                EXTI4_IRQHandler
                0x00000000080012ac                RNG_IRQHandler
                0x00000000080012ac                ETH_IRQHandler
                0x00000000080012ac                OTG_HS_EP1_OUT_IRQHandler
                0x00000000080012ac                WWDG_IRQHandler
                0x00000000080012ac                SPI6_IRQHandler
                0x00000000080012ac                I2C4_EV_IRQHandler
                0x00000000080012ac                TIM2_IRQHandler
                0x00000000080012ac                OTG_FS_WKUP_IRQHandler
                0x00000000080012ac                TIM1_TRG_COM_TIM11_IRQHandler
                0x00000000080012ac                OTG_HS_IRQHandler
                0x00000000080012ac                DMA2D_IRQHandler
                0x00000000080012ac                EXTI1_IRQHandler
                0x00000000080012ac                UART7_IRQHandler
                0x00000000080012ac                USART2_IRQHandler
                0x00000000080012ac                I2C2_ER_IRQHandler
                0x00000000080012ac                DMA2_Stream1_IRQHandler
                0x00000000080012ac                CAN1_SCE_IRQHandler
                0x00000000080012ac                FLASH_IRQHandler
                0x00000000080012ac                DMA2_Stream4_IRQHandler
                0x00000000080012ac                USART1_IRQHandler
                0x00000000080012ac                OTG_FS_IRQHandler
                0x00000000080012ac                SPI3_IRQHandler
                0x00000000080012ac                DMA1_Stream4_IRQHandler
                0x00000000080012ac                I2C1_ER_IRQHandler
                0x00000000080012ac                FMC_IRQHandler
                0x00000000080012ac                LPTIM1_IRQHandler
                0x00000000080012ac                I2C4_ER_IRQHandler
                0x00000000080012ac                DMA2_Stream6_IRQHandler
                0x00000000080012ac                SAI1_IRQHandler
                0x00000000080012ac                DMA1_Stream3_IRQHandler
 .text.HAL_Init
                0x00000000080012ae       0x1a ./Drivers/STM32F7xx_HAL_Driver/Src/stm32f7xx_hal.o
                0x00000000080012ae                HAL_Init
 .text.HAL_InitTick
                0x00000000080012c8       0x60 ./Drivers/STM32F7xx_HAL_Driver/Src/stm32f7xx_hal.o
                0x00000000080012c8                HAL_InitTick
 .text.HAL_IncTick
                0x0000000008001328       0x28 ./Drivers/STM32F7xx_HAL_Driver/Src/stm32f7xx_hal.o
                0x0000000008001328                HAL_IncTick
 .text.HAL_GetTick
                0x0000000008001350       0x18 ./Drivers/STM32F7xx_HAL_Driver/Src/stm32f7xx_hal.o
                0x0000000008001350                HAL_GetTick
 .text.__NVIC_SetPriorityGrouping
                0x0000000008001368       0x48 ./Drivers/STM32F7xx_HAL_Driver/Src/stm32f7xx_hal_cortex.o
 .text.__NVIC_GetPriorityGrouping
                0x00000000080013b0       0x1c ./Drivers/STM32F7xx_HAL_Driver/Src/stm32f7xx_hal_cortex.o
 .text.__NVIC_SetPriority
                0x00000000080013cc       0x54 ./Drivers/STM32F7xx_HAL_Driver/Src/stm32f7xx_hal_cortex.o
 .text.NVIC_EncodePriority
                0x0000000008001420       0x66 ./Drivers/STM32F7xx_HAL_Driver/Src/stm32f7xx_hal_cortex.o
 *fill*         0x0000000008001486        0x2 
 .text.SysTick_Config
                0x0000000008001488       0x44 ./Drivers/STM32F7xx_HAL_Driver/Src/stm32f7xx_hal_cortex.o
 .text.HAL_NVIC_SetPriorityGrouping
                0x00000000080014cc       0x16 ./Drivers/STM32F7xx_HAL_Driver/Src/stm32f7xx_hal_cortex.o
                0x00000000080014cc                HAL_NVIC_SetPriorityGrouping
 .text.HAL_NVIC_SetPriority
                0x00000000080014e2       0x38 ./Drivers/STM32F7xx_HAL_Driver/Src/stm32f7xx_hal_cortex.o
                0x00000000080014e2                HAL_NVIC_SetPriority
 .text.HAL_SYSTICK_Config
                0x000000000800151a       0x18 ./Drivers/STM32F7xx_HAL_Driver/Src/stm32f7xx_hal_cortex.o
                0x000000000800151a                HAL_SYSTICK_Config
 *fill*         0x0000000008001532        0x2 
 .text.HAL_MPU_Disable
                0x0000000008001534       0x30 ./Drivers/STM32F7xx_HAL_Driver/Src/stm32f7xx_hal_cortex.o
                0x0000000008001534                HAL_MPU_Disable
 .text.HAL_MPU_Enable
                0x0000000008001564       0x40 ./Drivers/STM32F7xx_HAL_Driver/Src/stm32f7xx_hal_cortex.o
                0x0000000008001564                HAL_MPU_Enable
 .text.HAL_MPU_ConfigRegion
                0x00000000080015a4       0x88 ./Drivers/STM32F7xx_HAL_Driver/Src/stm32f7xx_hal_cortex.o
                0x00000000080015a4                HAL_MPU_ConfigRegion
 .text.HAL_RCC_OscConfig
                0x000000000800162c      0x548 ./Drivers/STM32F7xx_HAL_Driver/Src/stm32f7xx_hal_rcc.o
                0x000000000800162c                HAL_RCC_OscConfig
 .text.HAL_RCC_ClockConfig
                0x0000000008001b74      0x1d8 ./Drivers/STM32F7xx_HAL_Driver/Src/stm32f7xx_hal_rcc.o
                0x0000000008001b74                HAL_RCC_ClockConfig
 .text.HAL_RCC_GetSysClockFreq
                0x0000000008001d4c      0x18c ./Drivers/STM32F7xx_HAL_Driver/Src/stm32f7xx_hal_rcc.o
                0x0000000008001d4c                HAL_RCC_GetSysClockFreq
 .text.SVC_Setup
                0x0000000008001ed8        0xe ./Middlewares/Third_Party/FreeRTOS/Source/CMSIS_RTOS_V2/cmsis_os2.o
 *fill*         0x0000000008001ee6        0x2 
 .text.osKernelInitialize
                0x0000000008001ee8       0x68 ./Middlewares/Third_Party/FreeRTOS/Source/CMSIS_RTOS_V2/cmsis_os2.o
                0x0000000008001ee8                osKernelInitialize
 .text.osKernelStart
                0x0000000008001f50       0x6c ./Middlewares/Third_Party/FreeRTOS/Source/CMSIS_RTOS_V2/cmsis_os2.o
                0x0000000008001f50                osKernelStart
 .text.osThreadNew
                0x0000000008001fbc      0x14c ./Middlewares/Third_Party/FreeRTOS/Source/CMSIS_RTOS_V2/cmsis_os2.o
                0x0000000008001fbc                osThreadNew
 .text.osDelay  0x0000000008002108       0x5c ./Middlewares/Third_Party/FreeRTOS/Source/CMSIS_RTOS_V2/cmsis_os2.o
                0x0000000008002108                osDelay
 .text.TimerCallback
                0x0000000008002164       0x2a ./Middlewares/Third_Party/FreeRTOS/Source/CMSIS_RTOS_V2/cmsis_os2.o
 *fill*         0x000000000800218e        0x2 
 .text.osTimerNew
                0x0000000008002190      0x108 ./Middlewares/Third_Party/FreeRTOS/Source/CMSIS_RTOS_V2/cmsis_os2.o
                0x0000000008002190                osTimerNew
 .text.osTimerStart
                0x0000000008002298       0x80 ./Middlewares/Third_Party/FreeRTOS/Source/CMSIS_RTOS_V2/cmsis_os2.o
                0x0000000008002298                osTimerStart
 .text.osMutexNew
                0x0000000008002318      0x134 ./Middlewares/Third_Party/FreeRTOS/Source/CMSIS_RTOS_V2/cmsis_os2.o
                0x0000000008002318                osMutexNew
 .text.osMutexAcquire
                0x000000000800244c       0xbc ./Middlewares/Third_Party/FreeRTOS/Source/CMSIS_RTOS_V2/cmsis_os2.o
                0x000000000800244c                osMutexAcquire
 .text.osMutexRelease
                0x0000000008002508       0xa0 ./Middlewares/Third_Party/FreeRTOS/Source/CMSIS_RTOS_V2/cmsis_os2.o
                0x0000000008002508                osMutexRelease
 .text.osMessageQueueNew
                0x00000000080025a8      0x10c ./Middlewares/Third_Party/FreeRTOS/Source/CMSIS_RTOS_V2/cmsis_os2.o
                0x00000000080025a8                osMessageQueueNew
 .text.osMessageQueuePut
                0x00000000080026b4       0xe8 ./Middlewares/Third_Party/FreeRTOS/Source/CMSIS_RTOS_V2/cmsis_os2.o
                0x00000000080026b4                osMessageQueuePut
 .text.osMessageQueueGet
                0x000000000800279c       0xe4 ./Middlewares/Third_Party/FreeRTOS/Source/CMSIS_RTOS_V2/cmsis_os2.o
                0x000000000800279c                osMessageQueueGet
 .text.vApplicationGetIdleTaskMemory
                0x0000000008002880       0x34 ./Middlewares/Third_Party/FreeRTOS/Source/CMSIS_RTOS_V2/cmsis_os2.o
                0x0000000008002880                vApplicationGetIdleTaskMemory
 .text.vApplicationGetTimerTaskMemory
                0x00000000080028b4       0x34 ./Middlewares/Third_Party/FreeRTOS/Source/CMSIS_RTOS_V2/cmsis_os2.o
                0x00000000080028b4                vApplicationGetTimerTaskMemory
 .text.vListInitialise
                0x00000000080028e8       0x40 ./Middlewares/Third_Party/FreeRTOS/Source/list.o
                0x00000000080028e8                vListInitialise
 .text.vListInitialiseItem
                0x0000000008002928       0x1a ./Middlewares/Third_Party/FreeRTOS/Source/list.o
                0x0000000008002928                vListInitialiseItem
 .text.vListInsertEnd
                0x0000000008002942       0x48 ./Middlewares/Third_Party/FreeRTOS/Source/list.o
                0x0000000008002942                vListInsertEnd
 .text.vListInsert
                0x000000000800298a       0x72 ./Middlewares/Third_Party/FreeRTOS/Source/list.o
                0x000000000800298a                vListInsert
 .text.uxListRemove
                0x00000000080029fc       0x54 ./Middlewares/Third_Party/FreeRTOS/Source/list.o
                0x00000000080029fc                uxListRemove
 .text.xQueueGenericReset
                0x0000000008002a50       0xd4 ./Middlewares/Third_Party/FreeRTOS/Source/queue.o
                0x0000000008002a50                xQueueGenericReset
 .text.xQueueGenericCreateStatic
                0x0000000008002b24      0x104 ./Middlewares/Third_Party/FreeRTOS/Source/queue.o
                0x0000000008002b24                xQueueGenericCreateStatic
 .text.xQueueGenericCreate
                0x0000000008002c28       0x84 ./Middlewares/Third_Party/FreeRTOS/Source/queue.o
                0x0000000008002c28                xQueueGenericCreate
 .text.prvInitialiseNewQueue
                0x0000000008002cac       0x46 ./Middlewares/Third_Party/FreeRTOS/Source/queue.o
 .text.prvInitialiseMutex
                0x0000000008002cf2       0x34 ./Middlewares/Third_Party/FreeRTOS/Source/queue.o
 .text.xQueueCreateMutex
                0x0000000008002d26       0x30 ./Middlewares/Third_Party/FreeRTOS/Source/queue.o
                0x0000000008002d26                xQueueCreateMutex
 .text.xQueueCreateMutexStatic
                0x0000000008002d56       0x36 ./Middlewares/Third_Party/FreeRTOS/Source/queue.o
                0x0000000008002d56                xQueueCreateMutexStatic
 .text.xQueueGiveMutexRecursive
                0x0000000008002d8c       0x6c ./Middlewares/Third_Party/FreeRTOS/Source/queue.o
                0x0000000008002d8c                xQueueGiveMutexRecursive
 .text.xQueueTakeMutexRecursive
                0x0000000008002df8       0x70 ./Middlewares/Third_Party/FreeRTOS/Source/queue.o
                0x0000000008002df8                xQueueTakeMutexRecursive
 .text.xQueueGenericSend
                0x0000000008002e68      0x20c ./Middlewares/Third_Party/FreeRTOS/Source/queue.o
                0x0000000008002e68                xQueueGenericSend
 .text.xQueueGenericSendFromISR
                0x0000000008003074      0x140 ./Middlewares/Third_Party/FreeRTOS/Source/queue.o
                0x0000000008003074                xQueueGenericSendFromISR
 .text.xQueueReceive
                0x00000000080031b4      0x1cc ./Middlewares/Third_Party/FreeRTOS/Source/queue.o
                0x00000000080031b4                xQueueReceive
 .text.xQueueSemaphoreTake
                0x0000000008003380      0x228 ./Middlewares/Third_Party/FreeRTOS/Source/queue.o
                0x0000000008003380                xQueueSemaphoreTake
 .text.xQueueReceiveFromISR
                0x00000000080035a8      0x10c ./Middlewares/Third_Party/FreeRTOS/Source/queue.o
                0x00000000080035a8                xQueueReceiveFromISR
 .text.prvGetDisinheritPriorityAfterTimeout
                0x00000000080036b4       0x30 ./Middlewares/Third_Party/FreeRTOS/Source/queue.o
 .text.prvCopyDataToQueue
                0x00000000080036e4       0xd4 ./Middlewares/Third_Party/FreeRTOS/Source/queue.o
 .text.prvCopyDataFromQueue
                0x00000000080037b8       0x4c ./Middlewares/Third_Party/FreeRTOS/Source/queue.o
 .text.prvUnlockQueue
                0x0000000008003804       0xa4 ./Middlewares/Third_Party/FreeRTOS/Source/queue.o
 .text.prvIsQueueEmpty
                0x00000000080038a8       0x2c ./Middlewares/Third_Party/FreeRTOS/Source/queue.o
 .text.prvIsQueueFull
                0x00000000080038d4       0x30 ./Middlewares/Third_Party/FreeRTOS/Source/queue.o
 .text.vQueueAddToRegistry
                0x0000000008003904       0x54 ./Middlewares/Third_Party/FreeRTOS/Source/queue.o
                0x0000000008003904                vQueueAddToRegistry
 .text.vQueueWaitForMessageRestricted
                0x0000000008003958       0x68 ./Middlewares/Third_Party/FreeRTOS/Source/queue.o
                0x0000000008003958                vQueueWaitForMessageRestricted
 .text.xTaskCreateStatic
                0x00000000080039c0       0xc6 ./Middlewares/Third_Party/FreeRTOS/Source/tasks.o
                0x00000000080039c0                xTaskCreateStatic
 .text.xTaskCreate
                0x0000000008003a86       0x8a ./Middlewares/Third_Party/FreeRTOS/Source/tasks.o
                0x0000000008003a86                xTaskCreate
 .text.prvInitialiseNewTask
                0x0000000008003b10      0x122 ./Middlewares/Third_Party/FreeRTOS/Source/tasks.o
 *fill*         0x0000000008003c32        0x2 
 .text.prvAddNewTaskToReadyList
                0x0000000008003c34       0xe0 ./Middlewares/Third_Party/FreeRTOS/Source/tasks.o
 .text.vTaskDelay
                0x0000000008003d14       0x6c ./Middlewares/Third_Party/FreeRTOS/Source/tasks.o
                0x0000000008003d14                vTaskDelay
 .text.vTaskStartScheduler
                0x0000000008003d80       0xd4 ./Middlewares/Third_Party/FreeRTOS/Source/tasks.o
                0x0000000008003d80                vTaskStartScheduler
 .text.vTaskSuspendAll
                0x0000000008003e54       0x1c ./Middlewares/Third_Party/FreeRTOS/Source/tasks.o
                0x0000000008003e54                vTaskSuspendAll
 .text.xTaskResumeAll
                0x0000000008003e70      0x140 ./Middlewares/Third_Party/FreeRTOS/Source/tasks.o
                0x0000000008003e70                xTaskResumeAll
 .text.xTaskGetTickCount
                0x0000000008003fb0       0x20 ./Middlewares/Third_Party/FreeRTOS/Source/tasks.o
                0x0000000008003fb0                xTaskGetTickCount
 .text.xTaskIncrementTick
                0x0000000008003fd0      0x178 ./Middlewares/Third_Party/FreeRTOS/Source/tasks.o
                0x0000000008003fd0                xTaskIncrementTick
 .text.vTaskSwitchContext
                0x0000000008004148       0xc0 ./Middlewares/Third_Party/FreeRTOS/Source/tasks.o
                0x0000000008004148                vTaskSwitchContext
 .text.vTaskPlaceOnEventList
                0x0000000008004208       0x4c ./Middlewares/Third_Party/FreeRTOS/Source/tasks.o
                0x0000000008004208                vTaskPlaceOnEventList
 .text.vTaskPlaceOnEventListRestricted
                0x0000000008004254       0x5c ./Middlewares/Third_Party/FreeRTOS/Source/tasks.o
                0x0000000008004254                vTaskPlaceOnEventListRestricted
 .text.xTaskRemoveFromEventList
                0x00000000080042b0       0xcc ./Middlewares/Third_Party/FreeRTOS/Source/tasks.o
                0x00000000080042b0                xTaskRemoveFromEventList
 .text.vTaskInternalSetTimeOutState
                0x000000000800437c       0x2c ./Middlewares/Third_Party/FreeRTOS/Source/tasks.o
                0x000000000800437c                vTaskInternalSetTimeOutState
 .text.xTaskCheckForTimeOut
                0x00000000080043a8       0xcc ./Middlewares/Third_Party/FreeRTOS/Source/tasks.o
                0x00000000080043a8                xTaskCheckForTimeOut
 .text.vTaskMissedYield
                0x0000000008004474       0x18 ./Middlewares/Third_Party/FreeRTOS/Source/tasks.o
                0x0000000008004474                vTaskMissedYield
 .text.prvIdleTask
                0x000000000800448c       0x30 ./Middlewares/Third_Party/FreeRTOS/Source/tasks.o
 .text.prvInitialiseTaskLists
                0x00000000080044bc       0x80 ./Middlewares/Third_Party/FreeRTOS/Source/tasks.o
 .text.prvCheckTasksWaitingTermination
                0x000000000800453c       0x5c ./Middlewares/Third_Party/FreeRTOS/Source/tasks.o
 .text.prvDeleteTCB
                0x0000000008004598       0x62 ./Middlewares/Third_Party/FreeRTOS/Source/tasks.o
 *fill*         0x00000000080045fa        0x2 
 .text.prvResetNextTaskUnblockTime
                0x00000000080045fc       0x40 ./Middlewares/Third_Party/FreeRTOS/Source/tasks.o
 .text.xTaskGetCurrentTaskHandle
                0x000000000800463c       0x20 ./Middlewares/Third_Party/FreeRTOS/Source/tasks.o
                0x000000000800463c                xTaskGetCurrentTaskHandle
 .text.xTaskGetSchedulerState
                0x000000000800465c       0x3c ./Middlewares/Third_Party/FreeRTOS/Source/tasks.o
                0x000000000800465c                xTaskGetSchedulerState
 .text.xTaskPriorityInherit
                0x0000000008004698       0xd0 ./Middlewares/Third_Party/FreeRTOS/Source/tasks.o
                0x0000000008004698                xTaskPriorityInherit
 .text.xTaskPriorityDisinherit
                0x0000000008004768       0xe4 ./Middlewares/Third_Party/FreeRTOS/Source/tasks.o
                0x0000000008004768                xTaskPriorityDisinherit
 .text.vTaskPriorityDisinheritAfterTimeout
                0x000000000800484c      0x10c ./Middlewares/Third_Party/FreeRTOS/Source/tasks.o
                0x000000000800484c                vTaskPriorityDisinheritAfterTimeout
 .text.pvTaskIncrementMutexHeldCount
                0x0000000008004958       0x28 ./Middlewares/Third_Party/FreeRTOS/Source/tasks.o
                0x0000000008004958                pvTaskIncrementMutexHeldCount
 .text.prvAddCurrentTaskToDelayedList
                0x0000000008004980       0xa8 ./Middlewares/Third_Party/FreeRTOS/Source/tasks.o
 .text.xTimerCreateTimerTask
                0x0000000008004a28       0x94 ./Middlewares/Third_Party/FreeRTOS/Source/timers.o
                0x0000000008004a28                xTimerCreateTimerTask
 .text.xTimerCreate
                0x0000000008004abc       0x42 ./Middlewares/Third_Party/FreeRTOS/Source/timers.o
                0x0000000008004abc                xTimerCreate
 .text.xTimerCreateStatic
                0x0000000008004afe       0x84 ./Middlewares/Third_Party/FreeRTOS/Source/timers.o
                0x0000000008004afe                xTimerCreateStatic
 .text.prvInitialiseNewTimer
                0x0000000008004b82       0x7a ./Middlewares/Third_Party/FreeRTOS/Source/timers.o
 .text.xTimerGenericCommand
                0x0000000008004bfc       0xa0 ./Middlewares/Third_Party/FreeRTOS/Source/timers.o
                0x0000000008004bfc                xTimerGenericCommand
 .text.prvProcessExpiredTimer
                0x0000000008004c9c       0x9c ./Middlewares/Third_Party/FreeRTOS/Source/timers.o
 .text.prvTimerTask
                0x0000000008004d38       0x24 ./Middlewares/Third_Party/FreeRTOS/Source/timers.o
 .text.prvProcessTimerOrBlockTask
                0x0000000008004d5c       0x9c ./Middlewares/Third_Party/FreeRTOS/Source/timers.o
 .text.prvGetNextExpireTime
                0x0000000008004df8       0x48 ./Middlewares/Third_Party/FreeRTOS/Source/timers.o
 .text.prvSampleTimeNow
                0x0000000008004e40       0x40 ./Middlewares/Third_Party/FreeRTOS/Source/timers.o
 .text.prvInsertTimerInActiveList
                0x0000000008004e80       0x84 ./Middlewares/Third_Party/FreeRTOS/Source/timers.o
 .text.prvProcessReceivedCommands
                0x0000000008004f04      0x1d0 ./Middlewares/Third_Party/FreeRTOS/Source/timers.o
 .text.prvSwitchTimerLists
                0x00000000080050d4       0xcc ./Middlewares/Third_Party/FreeRTOS/Source/timers.o
 .text.prvCheckForValidListAndQueue
                0x00000000080051a0       0x80 ./Middlewares/Third_Party/FreeRTOS/Source/timers.o
 .text.pvTimerGetTimerID
                0x0000000008005220       0x44 ./Middlewares/Third_Party/FreeRTOS/Source/timers.o
                0x0000000008005220                pvTimerGetTimerID
 .text.pxPortInitialiseStack
                0x0000000008005264       0x68 ./Middlewares/Third_Party/FreeRTOS/Source/portable/GCC/ARM_CM7/r0p1/port.o
                0x0000000008005264                pxPortInitialiseStack
 .text.prvTaskExitError
                0x00000000080052cc       0x60 ./Middlewares/Third_Party/FreeRTOS/Source/portable/GCC/ARM_CM7/r0p1/port.o
 *fill*         0x000000000800532c        0x4 
 .text.SVC_Handler
                0x0000000008005330       0x28 ./Middlewares/Third_Party/FreeRTOS/Source/portable/GCC/ARM_CM7/r0p1/port.o
                0x0000000008005330                SVC_Handler
 .text.prvPortStartFirstTask
                0x0000000008005358       0x28 ./Middlewares/Third_Party/FreeRTOS/Source/portable/GCC/ARM_CM7/r0p1/port.o
 .text.xPortStartScheduler
                0x0000000008005380       0xfc ./Middlewares/Third_Party/FreeRTOS/Source/portable/GCC/ARM_CM7/r0p1/port.o
                0x0000000008005380                xPortStartScheduler
 .text.vPortEnterCritical
                0x000000000800547c       0x68 ./Middlewares/Third_Party/FreeRTOS/Source/portable/GCC/ARM_CM7/r0p1/port.o
                0x000000000800547c                vPortEnterCritical
 .text.vPortExitCritical
                0x00000000080054e4       0x58 ./Middlewares/Third_Party/FreeRTOS/Source/portable/GCC/ARM_CM7/r0p1/port.o
                0x00000000080054e4                vPortExitCritical
 *fill*         0x000000000800553c        0x4 
 .text.PendSV_Handler
                0x0000000008005540       0x68 ./Middlewares/Third_Party/FreeRTOS/Source/portable/GCC/ARM_CM7/r0p1/port.o
                0x0000000008005540                PendSV_Handler
 .text.xPortSysTickHandler
                0x00000000080055a8       0x48 ./Middlewares/Third_Party/FreeRTOS/Source/portable/GCC/ARM_CM7/r0p1/port.o
                0x00000000080055a8                xPortSysTickHandler
 .text.vPortSetupTimerInterrupt
                0x00000000080055f0       0x48 ./Middlewares/Third_Party/FreeRTOS/Source/portable/GCC/ARM_CM7/r0p1/port.o
                0x00000000080055f0                vPortSetupTimerInterrupt
 .text.vPortEnableVFP
                0x0000000008005638       0x14 ./Middlewares/Third_Party/FreeRTOS/Source/portable/GCC/ARM_CM7/r0p1/port.o
 .text.vPortValidateInterruptPriority
                0x000000000800564c       0x88 ./Middlewares/Third_Party/FreeRTOS/Source/portable/GCC/ARM_CM7/r0p1/port.o
                0x000000000800564c                vPortValidateInterruptPriority
 .text.pvPortMalloc
                0x00000000080056d4      0x194 ./Middlewares/Third_Party/FreeRTOS/Source/portable/MemMang/heap_4.o
                0x00000000080056d4                pvPortMalloc
 .text.vPortFree
                0x0000000008005868       0xbc ./Middlewares/Third_Party/FreeRTOS/Source/portable/MemMang/heap_4.o
                0x0000000008005868                vPortFree
 .text.prvHeapInit
                0x0000000008005924       0xc4 ./Middlewares/Third_Party/FreeRTOS/Source/portable/MemMang/heap_4.o
 .text.prvInsertBlockIntoFreeList
                0x00000000080059e8       0xb4 ./Middlewares/Third_Party/FreeRTOS/Source/portable/MemMang/heap_4.o
 .text.rand     0x0000000008005a9c       0x7c C:/ST/STM32CubeIDE_1.13.1/STM32CubeIDE/plugins/com.st.stm32cube.ide.mcu.externaltools.gnu-tools-for-stm32.11.3.rel1.win32_1.1.0.202305231506/tools/bin/../lib/gcc/arm-none-eabi/11.3.1/../../../../arm-none-eabi/lib/thumb/v7e-m+fp/hard\libc_nano.a(libc_a-rand.o)
                0x0000000008005a9c                rand
 .text.std      0x0000000008005b18       0x48 C:/ST/STM32CubeIDE_1.13.1/STM32CubeIDE/plugins/com.st.stm32cube.ide.mcu.externaltools.gnu-tools-for-stm32.11.3.rel1.win32_1.1.0.202305231506/tools/bin/../lib/gcc/arm-none-eabi/11.3.1/../../../../arm-none-eabi/lib/thumb/v7e-m+fp/hard\libc_nano.a(libc_a-findfp.o)
 .text.stdio_exit_handler
                0x0000000008005b60       0x18 C:/ST/STM32CubeIDE_1.13.1/STM32CubeIDE/plugins/com.st.stm32cube.ide.mcu.externaltools.gnu-tools-for-stm32.11.3.rel1.win32_1.1.0.202305231506/tools/bin/../lib/gcc/arm-none-eabi/11.3.1/../../../../arm-none-eabi/lib/thumb/v7e-m+fp/hard\libc_nano.a(libc_a-findfp.o)
 .text.cleanup_stdio
                0x0000000008005b78       0x40 C:/ST/STM32CubeIDE_1.13.1/STM32CubeIDE/plugins/com.st.stm32cube.ide.mcu.externaltools.gnu-tools-for-stm32.11.3.rel1.win32_1.1.0.202305231506/tools/bin/../lib/gcc/arm-none-eabi/11.3.1/../../../../arm-none-eabi/lib/thumb/v7e-m+fp/hard\libc_nano.a(libc_a-findfp.o)
 .text.global_stdio_init.part.0
                0x0000000008005bb8       0x3c C:/ST/STM32CubeIDE_1.13.1/STM32CubeIDE/plugins/com.st.stm32cube.ide.mcu.externaltools.gnu-tools-for-stm32.11.3.rel1.win32_1.1.0.202305231506/tools/bin/../lib/gcc/arm-none-eabi/11.3.1/../../../../arm-none-eabi/lib/thumb/v7e-m+fp/hard\libc_nano.a(libc_a-findfp.o)
 .text.__sfp_lock_acquire
                0x0000000008005bf4        0xc C:/ST/STM32CubeIDE_1.13.1/STM32CubeIDE/plugins/com.st.stm32cube.ide.mcu.externaltools.gnu-tools-for-stm32.11.3.rel1.win32_1.1.0.202305231506/tools/bin/../lib/gcc/arm-none-eabi/11.3.1/../../../../arm-none-eabi/lib/thumb/v7e-m+fp/hard\libc_nano.a(libc_a-findfp.o)
                0x0000000008005bf4                __sfp_lock_acquire
 .text.__sfp_lock_release
                0x0000000008005c00        0xc C:/ST/STM32CubeIDE_1.13.1/STM32CubeIDE/plugins/com.st.stm32cube.ide.mcu.externaltools.gnu-tools-for-stm32.11.3.rel1.win32_1.1.0.202305231506/tools/bin/../lib/gcc/arm-none-eabi/11.3.1/../../../../arm-none-eabi/lib/thumb/v7e-m+fp/hard\libc_nano.a(libc_a-findfp.o)
                0x0000000008005c00                __sfp_lock_release
 .text.__sinit  0x0000000008005c0c       0x30 C:/ST/STM32CubeIDE_1.13.1/STM32CubeIDE/plugins/com.st.stm32cube.ide.mcu.externaltools.gnu-tools-for-stm32.11.3.rel1.win32_1.1.0.202305231506/tools/bin/../lib/gcc/arm-none-eabi/11.3.1/../../../../arm-none-eabi/lib/thumb/v7e-m+fp/hard\libc_nano.a(libc_a-findfp.o)
                0x0000000008005c0c                __sinit
 .text._fwalk_sglue
                0x0000000008005c3c       0x3c C:/ST/STM32CubeIDE_1.13.1/STM32CubeIDE/plugins/com.st.stm32cube.ide.mcu.externaltools.gnu-tools-for-stm32.11.3.rel1.win32_1.1.0.202305231506/tools/bin/../lib/gcc/arm-none-eabi/11.3.1/../../../../arm-none-eabi/lib/thumb/v7e-m+fp/hard\libc_nano.a(libc_a-fwalk.o)
                0x0000000008005c3c                _fwalk_sglue
 .text.printf   0x0000000008005c78       0x24 C:/ST/STM32CubeIDE_1.13.1/STM32CubeIDE/plugins/com.st.stm32cube.ide.mcu.externaltools.gnu-tools-for-stm32.11.3.rel1.win32_1.1.0.202305231506/tools/bin/../lib/gcc/arm-none-eabi/11.3.1/../../../../arm-none-eabi/lib/thumb/v7e-m+fp/hard\libc_nano.a(libc_a-printf.o)
                0x0000000008005c78                iprintf
                0x0000000008005c78                printf
 .text._puts_r  0x0000000008005c9c       0xa8 C:/ST/STM32CubeIDE_1.13.1/STM32CubeIDE/plugins/com.st.stm32cube.ide.mcu.externaltools.gnu-tools-for-stm32.11.3.rel1.win32_1.1.0.202305231506/tools/bin/../lib/gcc/arm-none-eabi/11.3.1/../../../../arm-none-eabi/lib/thumb/v7e-m+fp/hard\libc_nano.a(libc_a-puts.o)
                0x0000000008005c9c                _puts_r
 .text.puts     0x0000000008005d44       0x10 C:/ST/STM32CubeIDE_1.13.1/STM32CubeIDE/plugins/com.st.stm32cube.ide.mcu.externaltools.gnu-tools-for-stm32.11.3.rel1.win32_1.1.0.202305231506/tools/bin/../lib/gcc/arm-none-eabi/11.3.1/../../../../arm-none-eabi/lib/thumb/v7e-m+fp/hard\libc_nano.a(libc_a-puts.o)
                0x0000000008005d44                puts
 .text.__sread  0x0000000008005d54       0x22 C:/ST/STM32CubeIDE_1.13.1/STM32CubeIDE/plugins/com.st.stm32cube.ide.mcu.externaltools.gnu-tools-for-stm32.11.3.rel1.win32_1.1.0.202305231506/tools/bin/../lib/gcc/arm-none-eabi/11.3.1/../../../../arm-none-eabi/lib/thumb/v7e-m+fp/hard\libc_nano.a(libc_a-stdio.o)
                0x0000000008005d54                __sread
 .text.__swrite
                0x0000000008005d76       0x38 C:/ST/STM32CubeIDE_1.13.1/STM32CubeIDE/plugins/com.st.stm32cube.ide.mcu.externaltools.gnu-tools-for-stm32.11.3.rel1.win32_1.1.0.202305231506/tools/bin/../lib/gcc/arm-none-eabi/11.3.1/../../../../arm-none-eabi/lib/thumb/v7e-m+fp/hard\libc_nano.a(libc_a-stdio.o)
                0x0000000008005d76                __swrite
 .text.__sseek  0x0000000008005dae       0x24 C:/ST/STM32CubeIDE_1.13.1/STM32CubeIDE/plugins/com.st.stm32cube.ide.mcu.externaltools.gnu-tools-for-stm32.11.3.rel1.win32_1.1.0.202305231506/tools/bin/../lib/gcc/arm-none-eabi/11.3.1/../../../../arm-none-eabi/lib/thumb/v7e-m+fp/hard\libc_nano.a(libc_a-stdio.o)
                0x0000000008005dae                __sseek
 .text.__sclose
                0x0000000008005dd2        0x8 C:/ST/STM32CubeIDE_1.13.1/STM32CubeIDE/plugins/com.st.stm32cube.ide.mcu.externaltools.gnu-tools-for-stm32.11.3.rel1.win32_1.1.0.202305231506/tools/bin/../lib/gcc/arm-none-eabi/11.3.1/../../../../arm-none-eabi/lib/thumb/v7e-m+fp/hard\libc_nano.a(libc_a-stdio.o)
                0x0000000008005dd2                __sclose
 .text.__swbuf_r
                0x0000000008005dda       0x7a C:/ST/STM32CubeIDE_1.13.1/STM32CubeIDE/plugins/com.st.stm32cube.ide.mcu.externaltools.gnu-tools-for-stm32.11.3.rel1.win32_1.1.0.202305231506/tools/bin/../lib/gcc/arm-none-eabi/11.3.1/../../../../arm-none-eabi/lib/thumb/v7e-m+fp/hard\libc_nano.a(libc_a-wbuf.o)
                0x0000000008005dda                __swbuf_r
 .text.__swsetup_r
                0x0000000008005e54       0xb0 C:/ST/STM32CubeIDE_1.13.1/STM32CubeIDE/plugins/com.st.stm32cube.ide.mcu.externaltools.gnu-tools-for-stm32.11.3.rel1.win32_1.1.0.202305231506/tools/bin/../lib/gcc/arm-none-eabi/11.3.1/../../../../arm-none-eabi/lib/thumb/v7e-m+fp/hard\libc_nano.a(libc_a-wsetup.o)
                0x0000000008005e54                __swsetup_r
 .text.memset   0x0000000008005f04       0x10 C:/ST/STM32CubeIDE_1.13.1/STM32CubeIDE/plugins/com.st.stm32cube.ide.mcu.externaltools.gnu-tools-for-stm32.11.3.rel1.win32_1.1.0.202305231506/tools/bin/../lib/gcc/arm-none-eabi/11.3.1/../../../../arm-none-eabi/lib/thumb/v7e-m+fp/hard\libc_nano.a(libc_a-memset.o)
                0x0000000008005f04                memset
 .text._close_r
                0x0000000008005f14       0x20 C:/ST/STM32CubeIDE_1.13.1/STM32CubeIDE/plugins/com.st.stm32cube.ide.mcu.externaltools.gnu-tools-for-stm32.11.3.rel1.win32_1.1.0.202305231506/tools/bin/../lib/gcc/arm-none-eabi/11.3.1/../../../../arm-none-eabi/lib/thumb/v7e-m+fp/hard\libc_nano.a(libc_a-closer.o)
                0x0000000008005f14                _close_r
 .text._lseek_r
                0x0000000008005f34       0x24 C:/ST/STM32CubeIDE_1.13.1/STM32CubeIDE/plugins/com.st.stm32cube.ide.mcu.externaltools.gnu-tools-for-stm32.11.3.rel1.win32_1.1.0.202305231506/tools/bin/../lib/gcc/arm-none-eabi/11.3.1/../../../../arm-none-eabi/lib/thumb/v7e-m+fp/hard\libc_nano.a(libc_a-lseekr.o)
                0x0000000008005f34                _lseek_r
 .text._read_r  0x0000000008005f58       0x24 C:/ST/STM32CubeIDE_1.13.1/STM32CubeIDE/plugins/com.st.stm32cube.ide.mcu.externaltools.gnu-tools-for-stm32.11.3.rel1.win32_1.1.0.202305231506/tools/bin/../lib/gcc/arm-none-eabi/11.3.1/../../../../arm-none-eabi/lib/thumb/v7e-m+fp/hard\libc_nano.a(libc_a-readr.o)
                0x0000000008005f58                _read_r
 .text._write_r
                0x0000000008005f7c       0x24 C:/ST/STM32CubeIDE_1.13.1/STM32CubeIDE/plugins/com.st.stm32cube.ide.mcu.externaltools.gnu-tools-for-stm32.11.3.rel1.win32_1.1.0.202305231506/tools/bin/../lib/gcc/arm-none-eabi/11.3.1/../../../../arm-none-eabi/lib/thumb/v7e-m+fp/hard\libc_nano.a(libc_a-writer.o)
                0x0000000008005f7c                _write_r
 .text.__errno  0x0000000008005fa0        0xc C:/ST/STM32CubeIDE_1.13.1/STM32CubeIDE/plugins/com.st.stm32cube.ide.mcu.externaltools.gnu-tools-for-stm32.11.3.rel1.win32_1.1.0.202305231506/tools/bin/../lib/gcc/arm-none-eabi/11.3.1/../../../../arm-none-eabi/lib/thumb/v7e-m+fp/hard\libc_nano.a(libc_a-errno.o)
                0x0000000008005fa0                __errno
 .text.__libc_init_array
                0x0000000008005fac       0x48 C:/ST/STM32CubeIDE_1.13.1/STM32CubeIDE/plugins/com.st.stm32cube.ide.mcu.externaltools.gnu-tools-for-stm32.11.3.rel1.win32_1.1.0.202305231506/tools/bin/../lib/gcc/arm-none-eabi/11.3.1/../../../../arm-none-eabi/lib/thumb/v7e-m+fp/hard\libc_nano.a(libc_a-init.o)
                0x0000000008005fac                __libc_init_array
 .text.__retarget_lock_acquire_recursive
                0x0000000008005ff4        0x2 C:/ST/STM32CubeIDE_1.13.1/STM32CubeIDE/plugins/com.st.stm32cube.ide.mcu.externaltools.gnu-tools-for-stm32.11.3.rel1.win32_1.1.0.202305231506/tools/bin/../lib/gcc/arm-none-eabi/11.3.1/../../../../arm-none-eabi/lib/thumb/v7e-m+fp/hard\libc_nano.a(libc_a-lock.o)
                0x0000000008005ff4                __retarget_lock_acquire_recursive
 .text.__retarget_lock_release_recursive
                0x0000000008005ff6        0x2 C:/ST/STM32CubeIDE_1.13.1/STM32CubeIDE/plugins/com.st.stm32cube.ide.mcu.externaltools.gnu-tools-for-stm32.11.3.rel1.win32_1.1.0.202305231506/tools/bin/../lib/gcc/arm-none-eabi/11.3.1/../../../../arm-none-eabi/lib/thumb/v7e-m+fp/hard\libc_nano.a(libc_a-lock.o)
                0x0000000008005ff6                __retarget_lock_release_recursive
 .text.memcpy   0x0000000008005ff8       0x1c C:/ST/STM32CubeIDE_1.13.1/STM32CubeIDE/plugins/com.st.stm32cube.ide.mcu.externaltools.gnu-tools-for-stm32.11.3.rel1.win32_1.1.0.202305231506/tools/bin/../lib/gcc/arm-none-eabi/11.3.1/../../../../arm-none-eabi/lib/thumb/v7e-m+fp/hard\libc_nano.a(libc_a-memcpy-stub.o)
                0x0000000008005ff8                memcpy
 .text.__assert_func
                0x0000000008006014       0x3c C:/ST/STM32CubeIDE_1.13.1/STM32CubeIDE/plugins/com.st.stm32cube.ide.mcu.externaltools.gnu-tools-for-stm32.11.3.rel1.win32_1.1.0.202305231506/tools/bin/../lib/gcc/arm-none-eabi/11.3.1/../../../../arm-none-eabi/lib/thumb/v7e-m+fp/hard\libc_nano.a(libc_a-assert.o)
                0x0000000008006014                __assert_func
 .text._free_r  0x0000000008006050       0x98 C:/ST/STM32CubeIDE_1.13.1/STM32CubeIDE/plugins/com.st.stm32cube.ide.mcu.externaltools.gnu-tools-for-stm32.11.3.rel1.win32_1.1.0.202305231506/tools/bin/../lib/gcc/arm-none-eabi/11.3.1/../../../../arm-none-eabi/lib/thumb/v7e-m+fp/hard\libc_nano.a(libc_a-freer.o)
                0x0000000008006050                _free_r
 .text.malloc   0x00000000080060e8       0x10 C:/ST/STM32CubeIDE_1.13.1/STM32CubeIDE/plugins/com.st.stm32cube.ide.mcu.externaltools.gnu-tools-for-stm32.11.3.rel1.win32_1.1.0.202305231506/tools/bin/../lib/gcc/arm-none-eabi/11.3.1/../../../../arm-none-eabi/lib/thumb/v7e-m+fp/hard\libc_nano.a(libc_a-malloc.o)
                0x00000000080060e8                malloc
 .text.sbrk_aligned
                0x00000000080060f8       0x40 C:/ST/STM32CubeIDE_1.13.1/STM32CubeIDE/plugins/com.st.stm32cube.ide.mcu.externaltools.gnu-tools-for-stm32.11.3.rel1.win32_1.1.0.202305231506/tools/bin/../lib/gcc/arm-none-eabi/11.3.1/../../../../arm-none-eabi/lib/thumb/v7e-m+fp/hard\libc_nano.a(libc_a-mallocr.o)
 .text._malloc_r
                0x0000000008006138      0x100 C:/ST/STM32CubeIDE_1.13.1/STM32CubeIDE/plugins/com.st.stm32cube.ide.mcu.externaltools.gnu-tools-for-stm32.11.3.rel1.win32_1.1.0.202305231506/tools/bin/../lib/gcc/arm-none-eabi/11.3.1/../../../../arm-none-eabi/lib/thumb/v7e-m+fp/hard\libc_nano.a(libc_a-mallocr.o)
                0x0000000008006138                _malloc_r
 .text.__malloc_lock
                0x0000000008006238        0xc C:/ST/STM32CubeIDE_1.13.1/STM32CubeIDE/plugins/com.st.stm32cube.ide.mcu.externaltools.gnu-tools-for-stm32.11.3.rel1.win32_1.1.0.202305231506/tools/bin/../lib/gcc/arm-none-eabi/11.3.1/../../../../arm-none-eabi/lib/thumb/v7e-m+fp/hard\libc_nano.a(libc_a-mlock.o)
                0x0000000008006238                __malloc_lock
 .text.__malloc_unlock
                0x0000000008006244        0xc C:/ST/STM32CubeIDE_1.13.1/STM32CubeIDE/plugins/com.st.stm32cube.ide.mcu.externaltools.gnu-tools-for-stm32.11.3.rel1.win32_1.1.0.202305231506/tools/bin/../lib/gcc/arm-none-eabi/11.3.1/../../../../arm-none-eabi/lib/thumb/v7e-m+fp/hard\libc_nano.a(libc_a-mlock.o)
                0x0000000008006244                __malloc_unlock
 .text.__sfputc_r
                0x0000000008006250       0x2e C:/ST/STM32CubeIDE_1.13.1/STM32CubeIDE/plugins/com.st.stm32cube.ide.mcu.externaltools.gnu-tools-for-stm32.11.3.rel1.win32_1.1.0.202305231506/tools/bin/../lib/gcc/arm-none-eabi/11.3.1/../../../../arm-none-eabi/lib/thumb/v7e-m+fp/hard\libc_nano.a(libc_a-nano-vfprintf.o)
 .text.__sfputs_r
                0x000000000800627e       0x24 C:/ST/STM32CubeIDE_1.13.1/STM32CubeIDE/plugins/com.st.stm32cube.ide.mcu.externaltools.gnu-tools-for-stm32.11.3.rel1.win32_1.1.0.202305231506/tools/bin/../lib/gcc/arm-none-eabi/11.3.1/../../../../arm-none-eabi/lib/thumb/v7e-m+fp/hard\libc_nano.a(libc_a-nano-vfprintf.o)
                0x000000000800627e                __sfputs_r
 *fill*         0x00000000080062a2        0x2 
 .text._vfprintf_r
                0x00000000080062a4      0x234 C:/ST/STM32CubeIDE_1.13.1/STM32CubeIDE/plugins/com.st.stm32cube.ide.mcu.externaltools.gnu-tools-for-stm32.11.3.rel1.win32_1.1.0.202305231506/tools/bin/../lib/gcc/arm-none-eabi/11.3.1/../../../../arm-none-eabi/lib/thumb/v7e-m+fp/hard\libc_nano.a(libc_a-nano-vfprintf.o)
                0x00000000080062a4                _vfprintf_r
                0x00000000080062a4                _vfiprintf_r
 .text._printf_common
                0x00000000080064d8       0xda C:/ST/STM32CubeIDE_1.13.1/STM32CubeIDE/plugins/com.st.stm32cube.ide.mcu.externaltools.gnu-tools-for-stm32.11.3.rel1.win32_1.1.0.202305231506/tools/bin/../lib/gcc/arm-none-eabi/11.3.1/../../../../arm-none-eabi/lib/thumb/v7e-m+fp/hard\libc_nano.a(libc_a-nano-vfprintf_i.o)
                0x00000000080064d8                _printf_common
 *fill*         0x00000000080065b2        0x2 
 .text._printf_i
                0x00000000080065b4      0x244 C:/ST/STM32CubeIDE_1.13.1/STM32CubeIDE/plugins/com.st.stm32cube.ide.mcu.externaltools.gnu-tools-for-stm32.11.3.rel1.win32_1.1.0.202305231506/tools/bin/../lib/gcc/arm-none-eabi/11.3.1/../../../../arm-none-eabi/lib/thumb/v7e-m+fp/hard\libc_nano.a(libc_a-nano-vfprintf_i.o)
                0x00000000080065b4                _printf_i
 .text.__sflush_r
                0x00000000080067f8      0x10c C:/ST/STM32CubeIDE_1.13.1/STM32CubeIDE/plugins/com.st.stm32cube.ide.mcu.externaltools.gnu-tools-for-stm32.11.3.rel1.win32_1.1.0.202305231506/tools/bin/../lib/gcc/arm-none-eabi/11.3.1/../../../../arm-none-eabi/lib/thumb/v7e-m+fp/hard\libc_nano.a(libc_a-fflush.o)
                0x00000000080067f8                __sflush_r
 .text._fflush_r
                0x0000000008006904       0x50 C:/ST/STM32CubeIDE_1.13.1/STM32CubeIDE/plugins/com.st.stm32cube.ide.mcu.externaltools.gnu-tools-for-stm32.11.3.rel1.win32_1.1.0.202305231506/tools/bin/../lib/gcc/arm-none-eabi/11.3.1/../../../../arm-none-eabi/lib/thumb/v7e-m+fp/hard\libc_nano.a(libc_a-fflush.o)
                0x0000000008006904                _fflush_r
 .text.fprintf  0x0000000008006954       0x24 C:/ST/STM32CubeIDE_1.13.1/STM32CubeIDE/plugins/com.st.stm32cube.ide.mcu.externaltools.gnu-tools-for-stm32.11.3.rel1.win32_1.1.0.202305231506/tools/bin/../lib/gcc/arm-none-eabi/11.3.1/../../../../arm-none-eabi/lib/thumb/v7e-m+fp/hard\libc_nano.a(libc_a-fprintf.o)
                0x0000000008006954                fiprintf
                0x0000000008006954                fprintf
 .text.__swhatbuf_r
                0x0000000008006978       0x4c C:/ST/STM32CubeIDE_1.13.1/STM32CubeIDE/plugins/com.st.stm32cube.ide.mcu.externaltools.gnu-tools-for-stm32.11.3.rel1.win32_1.1.0.202305231506/tools/bin/../lib/gcc/arm-none-eabi/11.3.1/../../../../arm-none-eabi/lib/thumb/v7e-m+fp/hard\libc_nano.a(libc_a-makebuf.o)
                0x0000000008006978                __swhatbuf_r
 .text.__smakebuf_r
                0x00000000080069c4       0x78 C:/ST/STM32CubeIDE_1.13.1/STM32CubeIDE/plugins/com.st.stm32cube.ide.mcu.externaltools.gnu-tools-for-stm32.11.3.rel1.win32_1.1.0.202305231506/tools/bin/../lib/gcc/arm-none-eabi/11.3.1/../../../../arm-none-eabi/lib/thumb/v7e-m+fp/hard\libc_nano.a(libc_a-makebuf.o)
                0x00000000080069c4                __smakebuf_r
 .text._fstat_r
                0x0000000008006a3c       0x24 C:/ST/STM32CubeIDE_1.13.1/STM32CubeIDE/plugins/com.st.stm32cube.ide.mcu.externaltools.gnu-tools-for-stm32.11.3.rel1.win32_1.1.0.202305231506/tools/bin/../lib/gcc/arm-none-eabi/11.3.1/../../../../arm-none-eabi/lib/thumb/v7e-m+fp/hard\libc_nano.a(libc_a-fstatr.o)
                0x0000000008006a3c                _fstat_r
 .text._isatty_r
                0x0000000008006a60       0x20 C:/ST/STM32CubeIDE_1.13.1/STM32CubeIDE/plugins/com.st.stm32cube.ide.mcu.externaltools.gnu-tools-for-stm32.11.3.rel1.win32_1.1.0.202305231506/tools/bin/../lib/gcc/arm-none-eabi/11.3.1/../../../../arm-none-eabi/lib/thumb/v7e-m+fp/hard\libc_nano.a(libc_a-isattyr.o)
                0x0000000008006a60                _isatty_r
 .text._sbrk_r  0x0000000008006a80       0x20 C:/ST/STM32CubeIDE_1.13.1/STM32CubeIDE/plugins/com.st.stm32cube.ide.mcu.externaltools.gnu-tools-for-stm32.11.3.rel1.win32_1.1.0.202305231506/tools/bin/../lib/gcc/arm-none-eabi/11.3.1/../../../../arm-none-eabi/lib/thumb/v7e-m+fp/hard\libc_nano.a(libc_a-sbrkr.o)
                0x0000000008006a80                _sbrk_r
 .text.abort    0x0000000008006aa0        0xe C:/ST/STM32CubeIDE_1.13.1/STM32CubeIDE/plugins/com.st.stm32cube.ide.mcu.externaltools.gnu-tools-for-stm32.11.3.rel1.win32_1.1.0.202305231506/tools/bin/../lib/gcc/arm-none-eabi/11.3.1/../../../../arm-none-eabi/lib/thumb/v7e-m+fp/hard\libc_nano.a(libc_a-abort.o)
                0x0000000008006aa0                abort
 .text._raise_r
                0x0000000008006aae       0x50 C:/ST/STM32CubeIDE_1.13.1/STM32CubeIDE/plugins/com.st.stm32cube.ide.mcu.externaltools.gnu-tools-for-stm32.11.3.rel1.win32_1.1.0.202305231506/tools/bin/../lib/gcc/arm-none-eabi/11.3.1/../../../../arm-none-eabi/lib/thumb/v7e-m+fp/hard\libc_nano.a(libc_a-signal.o)
                0x0000000008006aae                _raise_r
 *fill*         0x0000000008006afe        0x2 
 .text.raise    0x0000000008006b00       0x10 C:/ST/STM32CubeIDE_1.13.1/STM32CubeIDE/plugins/com.st.stm32cube.ide.mcu.externaltools.gnu-tools-for-stm32.11.3.rel1.win32_1.1.0.202305231506/tools/bin/../lib/gcc/arm-none-eabi/11.3.1/../../../../arm-none-eabi/lib/thumb/v7e-m+fp/hard\libc_nano.a(libc_a-signal.o)
                0x0000000008006b00                raise
 .text._kill_r  0x0000000008006b10       0x24 C:/ST/STM32CubeIDE_1.13.1/STM32CubeIDE/plugins/com.st.stm32cube.ide.mcu.externaltools.gnu-tools-for-stm32.11.3.rel1.win32_1.1.0.202305231506/tools/bin/../lib/gcc/arm-none-eabi/11.3.1/../../../../arm-none-eabi/lib/thumb/v7e-m+fp/hard\libc_nano.a(libc_a-signalr.o)
                0x0000000008006b10                _kill_r
 .text._getpid_r
                0x0000000008006b34        0x4 C:/ST/STM32CubeIDE_1.13.1/STM32CubeIDE/plugins/com.st.stm32cube.ide.mcu.externaltools.gnu-tools-for-stm32.11.3.rel1.win32_1.1.0.202305231506/tools/bin/../lib/gcc/arm-none-eabi/11.3.1/../../../../arm-none-eabi/lib/thumb/v7e-m+fp/hard\libc_nano.a(libc_a-signalr.o)
                0x0000000008006b34                _getpid_r
 *(.glue_7)
 .glue_7        0x0000000008006b38        0x0 linker stubs
 *(.glue_7t)
 .glue_7t       0x0000000008006b38        0x0 linker stubs
 *(.eh_frame)
 .eh_frame      0x0000000008006b38        0x0 C:/ST/STM32CubeIDE_1.13.1/STM32CubeIDE/plugins/com.st.stm32cube.ide.mcu.externaltools.gnu-tools-for-stm32.11.3.rel1.win32_1.1.0.202305231506/tools/bin/../lib/gcc/arm-none-eabi/11.3.1/thumb/v7e-m+fp/hard/crtbegin.o
 *(.init)
 .init          0x0000000008006b38        0x4 C:/ST/STM32CubeIDE_1.13.1/STM32CubeIDE/plugins/com.st.stm32cube.ide.mcu.externaltools.gnu-tools-for-stm32.11.3.rel1.win32_1.1.0.202305231506/tools/bin/../lib/gcc/arm-none-eabi/11.3.1/thumb/v7e-m+fp/hard/crti.o
                0x0000000008006b38                _init
 .init          0x0000000008006b3c        0x8 C:/ST/STM32CubeIDE_1.13.1/STM32CubeIDE/plugins/com.st.stm32cube.ide.mcu.externaltools.gnu-tools-for-stm32.11.3.rel1.win32_1.1.0.202305231506/tools/bin/../lib/gcc/arm-none-eabi/11.3.1/thumb/v7e-m+fp/hard/crtn.o
 *(.fini)
 .fini          0x0000000008006b44        0x4 C:/ST/STM32CubeIDE_1.13.1/STM32CubeIDE/plugins/com.st.stm32cube.ide.mcu.externaltools.gnu-tools-for-stm32.11.3.rel1.win32_1.1.0.202305231506/tools/bin/../lib/gcc/arm-none-eabi/11.3.1/thumb/v7e-m+fp/hard/crti.o
                0x0000000008006b44                _fini
 .fini          0x0000000008006b48        0x8 C:/ST/STM32CubeIDE_1.13.1/STM32CubeIDE/plugins/com.st.stm32cube.ide.mcu.externaltools.gnu-tools-for-stm32.11.3.rel1.win32_1.1.0.202305231506/tools/bin/../lib/gcc/arm-none-eabi/11.3.1/thumb/v7e-m+fp/hard/crtn.o
                0x0000000008006b50                . = ALIGN (0x4)
                0x0000000008006b50                _etext = .

.vfp11_veneer   0x0000000008006b50        0x0
 .vfp11_veneer  0x0000000008006b50        0x0 linker stubs

.v4_bx          0x0000000008006b50        0x0
 .v4_bx         0x0000000008006b50        0x0 linker stubs

.iplt           0x0000000008006b50        0x0
 .iplt          0x0000000008006b50        0x0 C:/ST/STM32CubeIDE_1.13.1/STM32CubeIDE/plugins/com.st.stm32cube.ide.mcu.externaltools.gnu-tools-for-stm32.11.3.rel1.win32_1.1.0.202305231506/tools/bin/../lib/gcc/arm-none-eabi/11.3.1/thumb/v7e-m+fp/hard/crtbegin.o

.rodata         0x0000000008006b50      0x454
                0x0000000008006b50                . = ALIGN (0x4)
 *(.rodata)
 .rodata        0x0000000008006b50      0x1d7 ./Core/Src/main.o
 *fill*         0x0000000008006d27        0x1 
 .rodata        0x0000000008006d28        0x5 ./Middlewares/Third_Party/FreeRTOS/Source/tasks.o
 *fill*         0x0000000008006d2d        0x3 
 .rodata        0x0000000008006d30        0xd ./Middlewares/Third_Party/FreeRTOS/Source/timers.o
 *(.rodata*)
 *fill*         0x0000000008006d3d        0x3 
 .rodata.loggingThread_attributes
                0x0000000008006d40       0x24 ./Core/Src/main.o
                0x0000000008006d40                loggingThread_attributes
 .rodata.generateThread_attributes
                0x0000000008006d64       0x24 ./Core/Src/main.o
                0x0000000008006d64                generateThread_attributes
 .rodata.dispatchThread_attributes
                0x0000000008006d88       0x24 ./Core/Src/main.o
                0x0000000008006d88                dispatchThread_attributes
 .rodata.policeThread_attributes
                0x0000000008006dac       0x24 ./Core/Src/main.o
                0x0000000008006dac                policeThread_attributes
 .rodata.fireThread_attributes
                0x0000000008006dd0       0x24 ./Core/Src/main.o
                0x0000000008006dd0                fireThread_attributes
 .rodata.ambulanceThread_attributes
                0x0000000008006df4       0x24 ./Core/Src/main.o
                0x0000000008006df4                ambulanceThread_attributes
 .rodata.coronaThread_attributes
                0x0000000008006e18       0x24 ./Core/Src/main.o
                0x0000000008006e18                coronaThread_attributes
 .rodata.DispatchQueue_attributes
                0x0000000008006e3c       0x18 ./Core/Src/main.o
                0x0000000008006e3c                DispatchQueue_attributes
 .rodata.AmbulanceQueue_attributes
                0x0000000008006e54       0x18 ./Core/Src/main.o
                0x0000000008006e54                AmbulanceQueue_attributes
 .rodata.PoliceQueue_attributes
                0x0000000008006e6c       0x18 ./Core/Src/main.o
                0x0000000008006e6c                PoliceQueue_attributes
 .rodata.FireQueue_attributes
                0x0000000008006e84       0x18 ./Core/Src/main.o
                0x0000000008006e84                FireQueue_attributes
 .rodata.CoronaQueue_attributes
                0x0000000008006e9c       0x18 ./Core/Src/main.o
                0x0000000008006e9c                CoronaQueue_attributes
 .rodata.AHBPrescTable
                0x0000000008006eb4       0x10 ./Core/Src/system_stm32f7xx.o
                0x0000000008006eb4                AHBPrescTable
 .rodata.srand.str1.1
                0x0000000008006ec4       0x6f C:/ST/STM32CubeIDE_1.13.1/STM32CubeIDE/plugins/com.st.stm32cube.ide.mcu.externaltools.gnu-tools-for-stm32.11.3.rel1.win32_1.1.0.202305231506/tools/bin/../lib/gcc/arm-none-eabi/11.3.1/../../../../arm-none-eabi/lib/thumb/v7e-m+fp/hard\libc_nano.a(libc_a-rand.o)
 .rodata.__assert_func.str1.1
                0x0000000008006f33       0x3c C:/ST/STM32CubeIDE_1.13.1/STM32CubeIDE/plugins/com.st.stm32cube.ide.mcu.externaltools.gnu-tools-for-stm32.11.3.rel1.win32_1.1.0.202305231506/tools/bin/../lib/gcc/arm-none-eabi/11.3.1/../../../../arm-none-eabi/lib/thumb/v7e-m+fp/hard\libc_nano.a(libc_a-assert.o)
                                         0x3d (size before relaxing)
 .rodata._vfprintf_r.str1.1
                0x0000000008006f6f       0x11 C:/ST/STM32CubeIDE_1.13.1/STM32CubeIDE/plugins/com.st.stm32cube.ide.mcu.externaltools.gnu-tools-for-stm32.11.3.rel1.win32_1.1.0.202305231506/tools/bin/../lib/gcc/arm-none-eabi/11.3.1/../../../../arm-none-eabi/lib/thumb/v7e-m+fp/hard\libc_nano.a(libc_a-nano-vfprintf.o)
 .rodata._printf_i.str1.1
                0x0000000008006f80       0x22 C:/ST/STM32CubeIDE_1.13.1/STM32CubeIDE/plugins/com.st.stm32cube.ide.mcu.externaltools.gnu-tools-for-stm32.11.3.rel1.win32_1.1.0.202305231506/tools/bin/../lib/gcc/arm-none-eabi/11.3.1/../../../../arm-none-eabi/lib/thumb/v7e-m+fp/hard\libc_nano.a(libc_a-nano-vfprintf_i.o)
                0x0000000008006fa4                . = ALIGN (0x4)
 *fill*         0x0000000008006fa2        0x2 

.ARM.extab      0x0000000008006fa4        0x0
                0x0000000008006fa4                . = ALIGN (0x4)
 *(.ARM.extab* .gnu.linkonce.armextab.*)
                0x0000000008006fa4                . = ALIGN (0x4)

.ARM            0x0000000008006fa4        0x8
                0x0000000008006fa4                . = ALIGN (0x4)
                0x0000000008006fa4                __exidx_start = .
 *(.ARM.exidx*)
 .ARM.exidx     0x0000000008006fa4        0x8 C:/ST/STM32CubeIDE_1.13.1/STM32CubeIDE/plugins/com.st.stm32cube.ide.mcu.externaltools.gnu-tools-for-stm32.11.3.rel1.win32_1.1.0.202305231506/tools/bin/../lib/gcc/arm-none-eabi/11.3.1/thumb/v7e-m+fp/hard\libgcc.a(_udivmoddi4.o)
                0x0000000008006fac                __exidx_end = .
                0x0000000008006fac                . = ALIGN (0x4)

.rel.dyn        0x0000000008006fac        0x0
 .rel.iplt      0x0000000008006fac        0x0 C:/ST/STM32CubeIDE_1.13.1/STM32CubeIDE/plugins/com.st.stm32cube.ide.mcu.externaltools.gnu-tools-for-stm32.11.3.rel1.win32_1.1.0.202305231506/tools/bin/../lib/gcc/arm-none-eabi/11.3.1/thumb/v7e-m+fp/hard/crtbegin.o

.preinit_array  0x0000000008006fac        0x0
                0x0000000008006fac                . = ALIGN (0x4)
                0x0000000008006fac                PROVIDE (__preinit_array_start = .)
 *(.preinit_array*)
                0x0000000008006fac                PROVIDE (__preinit_array_end = .)
                0x0000000008006fac                . = ALIGN (0x4)

.init_array     0x0000000008006fac        0x4
                0x0000000008006fac                . = ALIGN (0x4)
                0x0000000008006fac                PROVIDE (__init_array_start = .)
 *(SORT_BY_NAME(.init_array.*))
 *(.init_array*)
 .init_array    0x0000000008006fac        0x4 C:/ST/STM32CubeIDE_1.13.1/STM32CubeIDE/plugins/com.st.stm32cube.ide.mcu.externaltools.gnu-tools-for-stm32.11.3.rel1.win32_1.1.0.202305231506/tools/bin/../lib/gcc/arm-none-eabi/11.3.1/thumb/v7e-m+fp/hard/crtbegin.o
                0x0000000008006fb0                PROVIDE (__init_array_end = .)
                0x0000000008006fb0                . = ALIGN (0x4)

.fini_array     0x0000000008006fb0        0x4
                0x0000000008006fb0                . = ALIGN (0x4)
                [!provide]                        PROVIDE (__fini_array_start = .)
 *(SORT_BY_NAME(.fini_array.*))
 *(.fini_array*)
 .fini_array    0x0000000008006fb0        0x4 C:/ST/STM32CubeIDE_1.13.1/STM32CubeIDE/plugins/com.st.stm32cube.ide.mcu.externaltools.gnu-tools-for-stm32.11.3.rel1.win32_1.1.0.202305231506/tools/bin/../lib/gcc/arm-none-eabi/11.3.1/thumb/v7e-m+fp/hard/crtbegin.o
                [!provide]                        PROVIDE (__fini_array_end = .)
                0x0000000008006fb4                . = ALIGN (0x4)
                0x0000000008006fb4                _sidata = LOADADDR (.data)

.data           0x0000000020000000       0x84 load address 0x0000000008006fb4
                0x0000000020000000                . = ALIGN (0x4)
                0x0000000020000000                _sdata = .
 *(.data)
 *(.data*)
 .data.totalVehicles
                0x0000000020000000        0x4 ./Core/Src/main.o
                0x0000000020000000                totalVehicles
 .data.police_dep
                0x0000000020000004        0x3 ./Core/Src/main.o
                0x0000000020000004                police_dep
 *fill*         0x0000000020000007        0x1 
 .data.fire_dep
                0x0000000020000008        0x3 ./Core/Src/main.o
                0x0000000020000008                fire_dep
 *fill*         0x000000002000000b        0x1 
 .data.ambulance_dep
                0x000000002000000c        0x3 ./Core/Src/main.o
                0x000000002000000c                ambulance_dep
 *fill*         0x000000002000000f        0x1 
 .data.corona_dep
                0x0000000020000010        0x3 ./Core/Src/main.o
                0x0000000020000010                corona_dep
 *fill*         0x0000000020000013        0x1 
 .data.dispatch_data
                0x0000000020000014        0x1 ./Core/Src/main.o
                0x0000000020000014                dispatch_data
 *fill*         0x0000000020000015        0x3 
 .data.SystemCoreClock
                0x0000000020000018        0x4 ./Core/Src/system_stm32f7xx.o
                0x0000000020000018                SystemCoreClock
 .data.uwTickPrio
                0x000000002000001c        0x4 ./Drivers/STM32F7xx_HAL_Driver/Src/stm32f7xx_hal.o
                0x000000002000001c                uwTickPrio
 .data.uwTickFreq
                0x0000000020000020        0x1 ./Drivers/STM32F7xx_HAL_Driver/Src/stm32f7xx_hal.o
                0x0000000020000020                uwTickFreq
 *fill*         0x0000000020000021        0x3 
 .data.uxCriticalNesting
                0x0000000020000024        0x4 ./Middlewares/Third_Party/FreeRTOS/Source/portable/GCC/ARM_CM7/r0p1/port.o
 .data.__sglue  0x0000000020000028        0xc C:/ST/STM32CubeIDE_1.13.1/STM32CubeIDE/plugins/com.st.stm32cube.ide.mcu.externaltools.gnu-tools-for-stm32.11.3.rel1.win32_1.1.0.202305231506/tools/bin/../lib/gcc/arm-none-eabi/11.3.1/../../../../arm-none-eabi/lib/thumb/v7e-m+fp/hard\libc_nano.a(libc_a-findfp.o)
                0x0000000020000028                __sglue
 .data._impure_data
                0x0000000020000034       0x4c C:/ST/STM32CubeIDE_1.13.1/STM32CubeIDE/plugins/com.st.stm32cube.ide.mcu.externaltools.gnu-tools-for-stm32.11.3.rel1.win32_1.1.0.202305231506/tools/bin/../lib/gcc/arm-none-eabi/11.3.1/../../../../arm-none-eabi/lib/thumb/v7e-m+fp/hard\libc_nano.a(libc_a-impure.o)
                0x0000000020000034                _impure_data
 .data._impure_ptr
                0x0000000020000080        0x4 C:/ST/STM32CubeIDE_1.13.1/STM32CubeIDE/plugins/com.st.stm32cube.ide.mcu.externaltools.gnu-tools-for-stm32.11.3.rel1.win32_1.1.0.202305231506/tools/bin/../lib/gcc/arm-none-eabi/11.3.1/../../../../arm-none-eabi/lib/thumb/v7e-m+fp/hard\libc_nano.a(libc_a-impure.o)
                0x0000000020000080                _impure_ptr
 *(.RamFunc)
 *(.RamFunc*)
                0x0000000020000084                . = ALIGN (0x4)
                0x0000000020000084                _edata = .

.igot.plt       0x0000000020000084        0x0 load address 0x0000000008007038
 .igot.plt      0x0000000020000084        0x0 C:/ST/STM32CubeIDE_1.13.1/STM32CubeIDE/plugins/com.st.stm32cube.ide.mcu.externaltools.gnu-tools-for-stm32.11.3.rel1.win32_1.1.0.202305231506/tools/bin/../lib/gcc/arm-none-eabi/11.3.1/thumb/v7e-m+fp/hard/crtbegin.o
                0x0000000020000084                . = ALIGN (0x4)

.bss            0x0000000020000084     0xad1c load address 0x0000000008007038
                0x0000000020000084                _sbss = .
                0x0000000020000084                __bss_start__ = _sbss
 *(.bss)
 .bss           0x0000000020000084       0x1c C:/ST/STM32CubeIDE_1.13.1/STM32CubeIDE/plugins/com.st.stm32cube.ide.mcu.externaltools.gnu-tools-for-stm32.11.3.rel1.win32_1.1.0.202305231506/tools/bin/../lib/gcc/arm-none-eabi/11.3.1/thumb/v7e-m+fp/hard/crtbegin.o
 *(.bss*)
 .bss.department_list
                0x00000000200000a0        0xc ./Core/Src/main.o
                0x00000000200000a0                department_list
 .bss.policeMutex
                0x00000000200000ac        0x4 ./Core/Src/main.o
                0x00000000200000ac                policeMutex
 .bss.globalMutex
                0x00000000200000b0        0x4 ./Core/Src/main.o
                0x00000000200000b0                globalMutex
 .bss.ambulanceMutex
                0x00000000200000b4        0x4 ./Core/Src/main.o
                0x00000000200000b4                ambulanceMutex
 .bss.fireMutex
                0x00000000200000b8        0x4 ./Core/Src/main.o
                0x00000000200000b8                fireMutex
 .bss.coronaMutex
                0x00000000200000bc        0x4 ./Core/Src/main.o
                0x00000000200000bc                coronaMutex
 .bss.loggingThreadHandle
                0x00000000200000c0        0x4 ./Core/Src/main.o
                0x00000000200000c0                loggingThreadHandle
 .bss.loggingThreadBuffer
                0x00000000200000c4      0x200 ./Core/Src/main.o
                0x00000000200000c4                loggingThreadBuffer
 .bss.loggingThreadControlBlock
                0x00000000200002c4       0x5c ./Core/Src/main.o
                0x00000000200002c4                loggingThreadControlBlock
 .bss.generateThreadHandle
                0x0000000020000320        0x4 ./Core/Src/main.o
                0x0000000020000320                generateThreadHandle
 .bss.generateThreadBuffer
                0x0000000020000324      0x200 ./Core/Src/main.o
                0x0000000020000324                generateThreadBuffer
 .bss.generateThreadControlBlock
                0x0000000020000524       0x5c ./Core/Src/main.o
                0x0000000020000524                generateThreadControlBlock
 .bss.dispatchThreadHandle
                0x0000000020000580        0x4 ./Core/Src/main.o
                0x0000000020000580                dispatchThreadHandle
 .bss.dispatchThreadBuffer
                0x0000000020000584      0x200 ./Core/Src/main.o
                0x0000000020000584                dispatchThreadBuffer
 .bss.dispatchThreadControlBlock
                0x0000000020000784       0x5c ./Core/Src/main.o
                0x0000000020000784                dispatchThreadControlBlock
 .bss.policeThreadHandle
                0x00000000200007e0        0x4 ./Core/Src/main.o
                0x00000000200007e0                policeThreadHandle
 .bss.policeThreadBuffer
                0x00000000200007e4      0x200 ./Core/Src/main.o
                0x00000000200007e4                policeThreadBuffer
 .bss.policeThreadControlBlock
                0x00000000200009e4       0x5c ./Core/Src/main.o
                0x00000000200009e4                policeThreadControlBlock
 .bss.fireThreadHandle
                0x0000000020000a40        0x4 ./Core/Src/main.o
                0x0000000020000a40                fireThreadHandle
 .bss.fireThreadBuffer
                0x0000000020000a44      0x200 ./Core/Src/main.o
                0x0000000020000a44                fireThreadBuffer
 .bss.fireThreadControlBlock
                0x0000000020000c44       0x5c ./Core/Src/main.o
                0x0000000020000c44                fireThreadControlBlock
 .bss.ambulanceThreadHandle
                0x0000000020000ca0        0x4 ./Core/Src/main.o
                0x0000000020000ca0                ambulanceThreadHandle
 .bss.ambulanceThreadBuffer
                0x0000000020000ca4      0x200 ./Core/Src/main.o
                0x0000000020000ca4                ambulanceThreadBuffer
 .bss.ambulanceThreadControlBlock
                0x0000000020000ea4       0x5c ./Core/Src/main.o
                0x0000000020000ea4                ambulanceThreadControlBlock
 .bss.coronaThreadHandle
                0x0000000020000f00        0x4 ./Core/Src/main.o
                0x0000000020000f00                coronaThreadHandle
 .bss.coronaThreadBuffer
                0x0000000020000f04      0x200 ./Core/Src/main.o
                0x0000000020000f04                coronaThreadBuffer
 .bss.coronaThreadControlBlock
                0x0000000020001104       0x5c ./Core/Src/main.o
                0x0000000020001104                coronaThreadControlBlock
 .bss.DispatchQueueHandle
                0x0000000020001160        0x4 ./Core/Src/main.o
                0x0000000020001160                DispatchQueueHandle
 .bss.DispatchQueueBuffer
                0x0000000020001164     0x1000 ./Core/Src/main.o
                0x0000000020001164                DispatchQueueBuffer
 .bss.DispatchQueueControlBlock
                0x0000000020002164       0x50 ./Core/Src/main.o
                0x0000000020002164                DispatchQueueControlBlock
 .bss.AmbulanceQueueHandle
                0x00000000200021b4        0x4 ./Core/Src/main.o
                0x00000000200021b4                AmbulanceQueueHandle
 .bss.AmbulanceQueueBuffer
                0x00000000200021b8     0x1000 ./Core/Src/main.o
                0x00000000200021b8                AmbulanceQueueBuffer
 .bss.AmbulanceQueueControlBlock
                0x00000000200031b8       0x50 ./Core/Src/main.o
                0x00000000200031b8                AmbulanceQueueControlBlock
 .bss.PoliceQueueHandle
                0x0000000020003208        0x4 ./Core/Src/main.o
                0x0000000020003208                PoliceQueueHandle
 .bss.PoliceQueueBuffer
                0x000000002000320c     0x1000 ./Core/Src/main.o
                0x000000002000320c                PoliceQueueBuffer
 .bss.PoliceQueueControlBlock
                0x000000002000420c       0x50 ./Core/Src/main.o
                0x000000002000420c                PoliceQueueControlBlock
 .bss.FireQueueHandle
                0x000000002000425c        0x4 ./Core/Src/main.o
                0x000000002000425c                FireQueueHandle
 .bss.FireQueueBuffer
                0x0000000020004260     0x1000 ./Core/Src/main.o
                0x0000000020004260                FireQueueBuffer
 .bss.FireQueueControlBlock
                0x0000000020005260       0x50 ./Core/Src/main.o
                0x0000000020005260                FireQueueControlBlock
 .bss.CoronaQueueHandle
                0x00000000200052b0        0x4 ./Core/Src/main.o
                0x00000000200052b0                CoronaQueueHandle
 .bss.CoronaQueueBuffer
                0x00000000200052b4     0x1000 ./Core/Src/main.o
                0x00000000200052b4                CoronaQueueBuffer
 .bss.CoronaQueueControlBlock
                0x00000000200062b4       0x50 ./Core/Src/main.o
                0x00000000200062b4                CoronaQueueControlBlock
 .bss.__sbrk_heap_end
                0x0000000020006304        0x4 ./Core/Src/sysmem.o
 .bss.uwTick    0x0000000020006308        0x4 ./Drivers/STM32F7xx_HAL_Driver/Src/stm32f7xx_hal.o
                0x0000000020006308                uwTick
 .bss.KernelState
                0x000000002000630c        0x4 ./Middlewares/Third_Party/FreeRTOS/Source/CMSIS_RTOS_V2/cmsis_os2.o
 .bss.Idle_TCB  0x0000000020006310       0x5c ./Middlewares/Third_Party/FreeRTOS/Source/CMSIS_RTOS_V2/cmsis_os2.o
 .bss.Idle_Stack
                0x000000002000636c      0x200 ./Middlewares/Third_Party/FreeRTOS/Source/CMSIS_RTOS_V2/cmsis_os2.o
 .bss.Timer_TCB
                0x000000002000656c       0x5c ./Middlewares/Third_Party/FreeRTOS/Source/CMSIS_RTOS_V2/cmsis_os2.o
 .bss.Timer_Stack
                0x00000000200065c8      0x400 ./Middlewares/Third_Party/FreeRTOS/Source/CMSIS_RTOS_V2/cmsis_os2.o
 .bss.xQueueRegistry
                0x00000000200069c8       0x40 ./Middlewares/Third_Party/FreeRTOS/Source/queue.o
                0x00000000200069c8                xQueueRegistry
 .bss.pxCurrentTCB
                0x0000000020006a08        0x4 ./Middlewares/Third_Party/FreeRTOS/Source/tasks.o
                0x0000000020006a08                pxCurrentTCB
 .bss.pxReadyTasksLists
                0x0000000020006a0c      0x460 ./Middlewares/Third_Party/FreeRTOS/Source/tasks.o
 .bss.xDelayedTaskList1
                0x0000000020006e6c       0x14 ./Middlewares/Third_Party/FreeRTOS/Source/tasks.o
 .bss.xDelayedTaskList2
                0x0000000020006e80       0x14 ./Middlewares/Third_Party/FreeRTOS/Source/tasks.o
 .bss.pxDelayedTaskList
                0x0000000020006e94        0x4 ./Middlewares/Third_Party/FreeRTOS/Source/tasks.o
 .bss.pxOverflowDelayedTaskList
                0x0000000020006e98        0x4 ./Middlewares/Third_Party/FreeRTOS/Source/tasks.o
 .bss.xPendingReadyList
                0x0000000020006e9c       0x14 ./Middlewares/Third_Party/FreeRTOS/Source/tasks.o
 .bss.xTasksWaitingTermination
                0x0000000020006eb0       0x14 ./Middlewares/Third_Party/FreeRTOS/Source/tasks.o
 .bss.uxDeletedTasksWaitingCleanUp
                0x0000000020006ec4        0x4 ./Middlewares/Third_Party/FreeRTOS/Source/tasks.o
 .bss.xSuspendedTaskList
                0x0000000020006ec8       0x14 ./Middlewares/Third_Party/FreeRTOS/Source/tasks.o
 .bss.uxCurrentNumberOfTasks
                0x0000000020006edc        0x4 ./Middlewares/Third_Party/FreeRTOS/Source/tasks.o
 .bss.xTickCount
                0x0000000020006ee0        0x4 ./Middlewares/Third_Party/FreeRTOS/Source/tasks.o
 .bss.uxTopReadyPriority
                0x0000000020006ee4        0x4 ./Middlewares/Third_Party/FreeRTOS/Source/tasks.o
 .bss.xSchedulerRunning
                0x0000000020006ee8        0x4 ./Middlewares/Third_Party/FreeRTOS/Source/tasks.o
 .bss.uxPendedTicks
                0x0000000020006eec        0x4 ./Middlewares/Third_Party/FreeRTOS/Source/tasks.o
 .bss.xYieldPending
                0x0000000020006ef0        0x4 ./Middlewares/Third_Party/FreeRTOS/Source/tasks.o
 .bss.xNumOfOverflows
                0x0000000020006ef4        0x4 ./Middlewares/Third_Party/FreeRTOS/Source/tasks.o
 .bss.uxTaskNumber
                0x0000000020006ef8        0x4 ./Middlewares/Third_Party/FreeRTOS/Source/tasks.o
 .bss.xNextTaskUnblockTime
                0x0000000020006efc        0x4 ./Middlewares/Third_Party/FreeRTOS/Source/tasks.o
 .bss.xIdleTaskHandle
                0x0000000020006f00        0x4 ./Middlewares/Third_Party/FreeRTOS/Source/tasks.o
 .bss.uxSchedulerSuspended
                0x0000000020006f04        0x4 ./Middlewares/Third_Party/FreeRTOS/Source/tasks.o
 .bss.xActiveTimerList1
                0x0000000020006f08       0x14 ./Middlewares/Third_Party/FreeRTOS/Source/timers.o
 .bss.xActiveTimerList2
                0x0000000020006f1c       0x14 ./Middlewares/Third_Party/FreeRTOS/Source/timers.o
 .bss.pxCurrentTimerList
                0x0000000020006f30        0x4 ./Middlewares/Third_Party/FreeRTOS/Source/timers.o
 .bss.pxOverflowTimerList
                0x0000000020006f34        0x4 ./Middlewares/Third_Party/FreeRTOS/Source/timers.o
 .bss.xTimerQueue
                0x0000000020006f38        0x4 ./Middlewares/Third_Party/FreeRTOS/Source/timers.o
 .bss.xTimerTaskHandle
                0x0000000020006f3c        0x4 ./Middlewares/Third_Party/FreeRTOS/Source/timers.o
 .bss.xLastTime.2
                0x0000000020006f40        0x4 ./Middlewares/Third_Party/FreeRTOS/Source/timers.o
 .bss.ucStaticTimerQueueStorage.1
                0x0000000020006f44       0xa0 ./Middlewares/Third_Party/FreeRTOS/Source/timers.o
 .bss.xStaticTimerQueue.0
                0x0000000020006fe4       0x50 ./Middlewares/Third_Party/FreeRTOS/Source/timers.o
 .bss.ucMaxSysCallPriority
                0x0000000020007034        0x1 ./Middlewares/Third_Party/FreeRTOS/Source/portable/GCC/ARM_CM7/r0p1/port.o
 *fill*         0x0000000020007035        0x3 
 .bss.ulMaxPRIGROUPValue
                0x0000000020007038        0x4 ./Middlewares/Third_Party/FreeRTOS/Source/portable/GCC/ARM_CM7/r0p1/port.o
 .bss.ucHeap    0x000000002000703c     0x3c00 ./Middlewares/Third_Party/FreeRTOS/Source/portable/MemMang/heap_4.o
 .bss.xStart    0x000000002000ac3c        0x8 ./Middlewares/Third_Party/FreeRTOS/Source/portable/MemMang/heap_4.o
 .bss.pxEnd     0x000000002000ac44        0x4 ./Middlewares/Third_Party/FreeRTOS/Source/portable/MemMang/heap_4.o
 .bss.xFreeBytesRemaining
                0x000000002000ac48        0x4 ./Middlewares/Third_Party/FreeRTOS/Source/portable/MemMang/heap_4.o
 .bss.xMinimumEverFreeBytesRemaining
                0x000000002000ac4c        0x4 ./Middlewares/Third_Party/FreeRTOS/Source/portable/MemMang/heap_4.o
 .bss.xBlockAllocatedBit
                0x000000002000ac50        0x4 ./Middlewares/Third_Party/FreeRTOS/Source/portable/MemMang/heap_4.o
 .bss.__sf      0x000000002000ac54      0x138 C:/ST/STM32CubeIDE_1.13.1/STM32CubeIDE/plugins/com.st.stm32cube.ide.mcu.externaltools.gnu-tools-for-stm32.11.3.rel1.win32_1.1.0.202305231506/tools/bin/../lib/gcc/arm-none-eabi/11.3.1/../../../../arm-none-eabi/lib/thumb/v7e-m+fp/hard\libc_nano.a(libc_a-findfp.o)
                0x000000002000ac54                __sf
 .bss.__stdio_exit_handler
                0x000000002000ad8c        0x4 C:/ST/STM32CubeIDE_1.13.1/STM32CubeIDE/plugins/com.st.stm32cube.ide.mcu.externaltools.gnu-tools-for-stm32.11.3.rel1.win32_1.1.0.202305231506/tools/bin/../lib/gcc/arm-none-eabi/11.3.1/../../../../arm-none-eabi/lib/thumb/v7e-m+fp/hard\libc_nano.a(libc_a-findfp.o)
                0x000000002000ad8c                __stdio_exit_handler
 .bss.errno     0x000000002000ad90        0x4 C:/ST/STM32CubeIDE_1.13.1/STM32CubeIDE/plugins/com.st.stm32cube.ide.mcu.externaltools.gnu-tools-for-stm32.11.3.rel1.win32_1.1.0.202305231506/tools/bin/../lib/gcc/arm-none-eabi/11.3.1/../../../../arm-none-eabi/lib/thumb/v7e-m+fp/hard\libc_nano.a(libc_a-reent.o)
                0x000000002000ad90                errno
 .bss.__lock___malloc_recursive_mutex
                0x000000002000ad94        0x1 C:/ST/STM32CubeIDE_1.13.1/STM32CubeIDE/plugins/com.st.stm32cube.ide.mcu.externaltools.gnu-tools-for-stm32.11.3.rel1.win32_1.1.0.202305231506/tools/bin/../lib/gcc/arm-none-eabi/11.3.1/../../../../arm-none-eabi/lib/thumb/v7e-m+fp/hard\libc_nano.a(libc_a-lock.o)
                0x000000002000ad94                __lock___malloc_recursive_mutex
 .bss.__lock___sfp_recursive_mutex
                0x000000002000ad95        0x1 C:/ST/STM32CubeIDE_1.13.1/STM32CubeIDE/plugins/com.st.stm32cube.ide.mcu.externaltools.gnu-tools-for-stm32.11.3.rel1.win32_1.1.0.202305231506/tools/bin/../lib/gcc/arm-none-eabi/11.3.1/../../../../arm-none-eabi/lib/thumb/v7e-m+fp/hard\libc_nano.a(libc_a-lock.o)
                0x000000002000ad95                __lock___sfp_recursive_mutex
 *fill*         0x000000002000ad96        0x2 
 .bss.__malloc_free_list
                0x000000002000ad98        0x4 C:/ST/STM32CubeIDE_1.13.1/STM32CubeIDE/plugins/com.st.stm32cube.ide.mcu.externaltools.gnu-tools-for-stm32.11.3.rel1.win32_1.1.0.202305231506/tools/bin/../lib/gcc/arm-none-eabi/11.3.1/../../../../arm-none-eabi/lib/thumb/v7e-m+fp/hard\libc_nano.a(libc_a-mallocr.o)
                0x000000002000ad98                __malloc_free_list
 .bss.__malloc_sbrk_start
                0x000000002000ad9c        0x4 C:/ST/STM32CubeIDE_1.13.1/STM32CubeIDE/plugins/com.st.stm32cube.ide.mcu.externaltools.gnu-tools-for-stm32.11.3.rel1.win32_1.1.0.202305231506/tools/bin/../lib/gcc/arm-none-eabi/11.3.1/../../../../arm-none-eabi/lib/thumb/v7e-m+fp/hard\libc_nano.a(libc_a-mallocr.o)
                0x000000002000ad9c                __malloc_sbrk_start
 *(COMMON)
                0x000000002000ada0                . = ALIGN (0x4)
                0x000000002000ada0                _ebss = .
                0x000000002000ada0                __bss_end__ = _ebss

._user_heap_stack
                0x000000002000ada0      0x600 load address 0x0000000008007038
                0x000000002000ada0                . = ALIGN (0x8)
                [!provide]                        PROVIDE (end = .)
                0x000000002000ada0                PROVIDE (_end = .)
                0x000000002000afa0                . = (. + _Min_Heap_Size)
 *fill*         0x000000002000ada0      0x200 
                0x000000002000b3a0                . = (. + _Min_Stack_Size)
 *fill*         0x000000002000afa0      0x400 
                0x000000002000b3a0                . = ALIGN (0x8)

/DISCARD/
 libc.a(*)
 libm.a(*)
 libgcc.a(*)

.ARM.attributes
                0x0000000000000000       0x30
 *(.ARM.attributes)
 .ARM.attributes
                0x0000000000000000       0x1e C:/ST/STM32CubeIDE_1.13.1/STM32CubeIDE/plugins/com.st.stm32cube.ide.mcu.externaltools.gnu-tools-for-stm32.11.3.rel1.win32_1.1.0.202305231506/tools/bin/../lib/gcc/arm-none-eabi/11.3.1/thumb/v7e-m+fp/hard/crti.o
 .ARM.attributes
                0x000000000000001e       0x34 C:/ST/STM32CubeIDE_1.13.1/STM32CubeIDE/plugins/com.st.stm32cube.ide.mcu.externaltools.gnu-tools-for-stm32.11.3.rel1.win32_1.1.0.202305231506/tools/bin/../lib/gcc/arm-none-eabi/11.3.1/thumb/v7e-m+fp/hard/crtbegin.o
 .ARM.attributes
                0x0000000000000052       0x34 ./Core/Src/main.o
 .ARM.attributes
                0x0000000000000086       0x34 ./Core/Src/stm32f7xx_hal_msp.o
 .ARM.attributes
                0x00000000000000ba       0x34 ./Core/Src/stm32f7xx_it.o
 .ARM.attributes
                0x00000000000000ee       0x34 ./Core/Src/syscalls.o
 .ARM.attributes
                0x0000000000000122       0x34 ./Core/Src/sysmem.o
 .ARM.attributes
                0x0000000000000156       0x34 ./Core/Src/system_stm32f7xx.o
 .ARM.attributes
                0x000000000000018a       0x21 ./Core/Startup/startup_stm32f746zgtx.o
 .ARM.attributes
                0x00000000000001ab       0x34 ./Drivers/STM32F7xx_HAL_Driver/Src/stm32f7xx_hal.o
 .ARM.attributes
                0x00000000000001df       0x34 ./Drivers/STM32F7xx_HAL_Driver/Src/stm32f7xx_hal_cortex.o
 .ARM.attributes
                0x0000000000000213       0x34 ./Drivers/STM32F7xx_HAL_Driver/Src/stm32f7xx_hal_rcc.o
 .ARM.attributes