../Core/Src/stm32f7xx_it.c:87:6:NMI_Handler	4	static
../Core/Src/stm32f7xx_it.c:102:6:HardFault_Handler	4	static
../Core/Src/stm32f7xx_it.c:117:6:MemManage_Handler	4	static
../Core/Src/stm32f7xx_it.c:132:6:BusFault_Handler	4	static
../Core/Src/stm32f7xx_it.c:147:6:UsageFault_Handler	4	static
../Core/Src/stm32f7xx_it.c:162:6:SVC_Handler	4	static
../Core/Src/stm32f7xx_it.c:175:6:DebugMon_Handler	4	static
../Core/Src/stm32f7xx_it.c:188:6:PendSV_Handler	4	static
../Core/Src/stm32f7xx_it.c:201:6:SysTick_Handler	8	static
../Core/Src/stm32f7xx_it.c:222:6:DMA1_Stream0_IRQHandler	8	static
../Core/Src/stm32f7xx_it.c:236:6:DMA1_Stream2_IRQHandler	8	static
../Core/Src/stm32f7xx_it.c:250:6:DMA1_Stream3_IRQHandler	8	static
../Core/Src/stm32f7xx_it.c:264:6:DMA1_Stream4_IRQHandler	8	static
../Core/Src/stm32f7xx_it.c:278:6:DMA1_Stream5_IRQHandler	8	static
../Core/Src/stm32f7xx_it.c:292:6:ADC_IRQHandler	8	static
../Core/Src/stm32f7xx_it.c:306:6:I2C2_EV_IRQHandler	8	static
../Core/Src/stm32f7xx_it.c:320:6:I2C2_ER_IRQHandler	8	static
../Core/Src/stm32f7xx_it.c:334:6:SPI1_IRQHandler	8	static
../Core/Src/stm32f7xx_it.c:348:6:SPI2_IRQHandler	8	static
../Core/Src/stm32f7xx_it.c:362:6:USART2_IRQHandler	8	static
../Core/Src/stm32f7xx_it.c:376:6:DMA1_Stream7_IRQHandler	8	static
../Core/Src/stm32f7xx_it.c:390:6:UART5_IRQHandler	8	static
../Core/Src/stm32f7xx_it.c:404:6:TIM6_DAC_IRQHandler	8	static
../Core/Src/stm32f7xx_it.c:418:6:TIM7_IRQHandler	8	static
../Core/Src/stm32f7xx_it.c:432:6:DMA2_Stream0_IRQHandler	8	static
../Core/Src/stm32f7xx_it.c:446:6:DMA2_Stream2_IRQHandler	8	static
../Core/Src/stm32f7xx_it.c:460:6:DMA2_Stream3_IRQHandler	8	static
../Core/Src/stm32f7xx_it.c:474:6:ETH_IRQHandler	8	static
../Core/Src/stm32f7xx_it.c:488:6:I2C4_EV_IRQHandler	8	static
../Core/Src/stm32f7xx_it.c:502:6:I2C4_ER_IRQHandler	8	static
