../Core/Src/main.c:275:5:main	48	static
../Core/Src/main.c:463:6:SystemClock_Config	88	static
../Core/Src/main.c:513:13:MX_ETH_Init	8	static
../Core/Src/main.c:562:13:MX_USART3_UART_Init	8	static
../Core/Src/main.c:597:13:MX_USB_OTG_FS_PCD_Init	8	static
../Core/Src/main.c:632:13:MX_GPIO_Init	56	static
../Core/Src/main.c:699:16:dispatchTask	72	static
../Core/Src/main.c:760:16:departmentTask	104	static
../Core/Src/main.c:811:16:ServiceRoutine	64	static
../Core/Src/main.c:856:6:releaseResources	48	static
../Core/Src/main.c:900:16:generateTask	40	static
../Core/Src/main.c:920:5:__io_putchar	16	static
../Core/Src/main.c:925:6:Error_Handler	4	static,ignoring_inline_asm
