Archive member included to satisfy reference by file (symbol)

C:/ST/STM32CubeIDE_1.13.1/STM32CubeIDE/plugins/com.st.stm32cube.ide.mcu.externaltools.gnu-tools-for-stm32.11.3.rel1.win32_1.1.0.202305231506/tools/bin/../lib/gcc/arm-none-eabi/11.3.1/../../../../arm-none-eabi/lib/thumb/v7e-m+fp/hard\libc_nano.a(libc_a-exit.o)
                              C:/ST/STM32CubeIDE_1.13.1/STM32CubeIDE/plugins/com.st.stm32cube.ide.mcu.externaltools.gnu-tools-for-stm32.11.3.rel1.win32_1.1.0.202305231506/tools/bin/../lib/gcc/arm-none-eabi/11.3.1/../../../../arm-none-eabi/lib/thumb/v7e-m+fp/hard/crt0.o (exit)
C:/ST/STM32CubeIDE_1.13.1/STM32CubeIDE/plugins/com.st.stm32cube.ide.mcu.externaltools.gnu-tools-for-stm32.11.3.rel1.win32_1.1.0.202305231506/tools/bin/../lib/gcc/arm-none-eabi/11.3.1/../../../../arm-none-eabi/lib/thumb/v7e-m+fp/hard\libc_nano.a(libc_a-findfp.o)
                              C:/ST/STM32CubeIDE_1.13.1/STM32CubeIDE/plugins/com.st.stm32cube.ide.mcu.externaltools.gnu-tools-for-stm32.11.3.rel1.win32_1.1.0.202305231506/tools/bin/../lib/gcc/arm-none-eabi/11.3.1/../../../../arm-none-eabi/lib/thumb/v7e-m+fp/hard\libc_nano.a(libc_a-exit.o) (__stdio_exit_handler)
C:/ST/STM32CubeIDE_1.13.1/STM32CubeIDE/plugins/com.st.stm32cube.ide.mcu.externaltools.gnu-tools-for-stm32.11.3.rel1.win32_1.1.0.202305231506/tools/bin/../lib/gcc/arm-none-eabi/11.3.1/../../../../arm-none-eabi/lib/thumb/v7e-m+fp/hard\libc_nano.a(libc_a-fwalk.o)
                              C:/ST/STM32CubeIDE_1.13.1/STM32CubeIDE/plugins/com.st.stm32cube.ide.mcu.externaltools.gnu-tools-for-stm32.11.3.rel1.win32_1.1.0.202305231506/tools/bin/../lib/gcc/arm-none-eabi/11.3.1/../../../../arm-none-eabi/lib/thumb/v7e-m+fp/hard\libc_nano.a(libc_a-findfp.o) (_fwalk_sglue)
C:/ST/STM32CubeIDE_1.13.1/STM32CubeIDE/plugins/com.st.stm32cube.ide.mcu.externaltools.gnu-tools-for-stm32.11.3.rel1.win32_1.1.0.202305231506/tools/bin/../lib/gcc/arm-none-eabi/11.3.1/../../../../arm-none-eabi/lib/thumb/v7e-m+fp/hard\libc_nano.a(libc_a-printf.o)
                              ./SPI_HW/Src/hw_main.o (printf)
C:/ST/STM32CubeIDE_1.13.1/STM32CubeIDE/plugins/com.st.stm32cube.ide.mcu.externaltools.gnu-tools-for-stm32.11.3.rel1.win32_1.1.0.202305231506/tools/bin/../lib/gcc/arm-none-eabi/11.3.1/../../../../arm-none-eabi/lib/thumb/v7e-m+fp/hard\libc_nano.a(libc_a-stdio.o)
                              C:/ST/STM32CubeIDE_1.13.1/STM32CubeIDE/plugins/com.st.stm32cube.ide.mcu.externaltools.gnu-tools-for-stm32.11.3.rel1.win32_1.1.0.202305231506/tools/bin/../lib/gcc/arm-none-eabi/11.3.1/../../../../arm-none-eabi/lib/thumb/v7e-m+fp/hard\libc_nano.a(libc_a-findfp.o) (__sread)
C:/ST/STM32CubeIDE_1.13.1/STM32CubeIDE/plugins/com.st.stm32cube.ide.mcu.externaltools.gnu-tools-for-stm32.11.3.rel1.win32_1.1.0.202305231506/tools/bin/../lib/gcc/arm-none-eabi/11.3.1/../../../../arm-none-eabi/lib/thumb/v7e-m+fp/hard\libc_nano.a(libc_a-memset.o)
                              C:/ST/STM32CubeIDE_1.13.1/STM32CubeIDE/plugins/com.st.stm32cube.ide.mcu.externaltools.gnu-tools-for-stm32.11.3.rel1.win32_1.1.0.202305231506/tools/bin/../lib/gcc/arm-none-eabi/11.3.1/../../../../arm-none-eabi/lib/thumb/v7e-m+fp/hard/crt0.o (memset)
C:/ST/STM32CubeIDE_1.13.1/STM32CubeIDE/plugins/com.st.stm32cube.ide.mcu.externaltools.gnu-tools-for-stm32.11.3.rel1.win32_1.1.0.202305231506/tools/bin/../lib/gcc/arm-none-eabi/11.3.1/../../../../arm-none-eabi/lib/thumb/v7e-m+fp/hard\libc_nano.a(libc_a-closer.o)
                              C:/ST/STM32CubeIDE_1.13.1/STM32CubeIDE/plugins/com.st.stm32cube.ide.mcu.externaltools.gnu-tools-for-stm32.11.3.rel1.win32_1.1.0.202305231506/tools/bin/../lib/gcc/arm-none-eabi/11.3.1/../../../../arm-none-eabi/lib/thumb/v7e-m+fp/hard\libc_nano.a(libc_a-stdio.o) (_close_r)
C:/ST/STM32CubeIDE_1.13.1/STM32CubeIDE/plugins/com.st.stm32cube.ide.mcu.externaltools.gnu-tools-for-stm32.11.3.rel1.win32_1.1.0.202305231506/tools/bin/../lib/gcc/arm-none-eabi/11.3.1/../../../../arm-none-eabi/lib/thumb/v7e-m+fp/hard\libc_nano.a(libc_a-reent.o)
                              C:/ST/STM32CubeIDE_1.13.1/STM32CubeIDE/plugins/com.st.stm32cube.ide.mcu.externaltools.gnu-tools-for-stm32.11.3.rel1.win32_1.1.0.202305231506/tools/bin/../lib/gcc/arm-none-eabi/11.3.1/../../../../arm-none-eabi/lib/thumb/v7e-m+fp/hard\libc_nano.a(libc_a-closer.o) (errno)
C:/ST/STM32CubeIDE_1.13.1/STM32CubeIDE/plugins/com.st.stm32cube.ide.mcu.externaltools.gnu-tools-for-stm32.11.3.rel1.win32_1.1.0.202305231506/tools/bin/../lib/gcc/arm-none-eabi/11.3.1/../../../../arm-none-eabi/lib/thumb/v7e-m+fp/hard\libc_nano.a(libc_a-impure.o)
                              C:/ST/STM32CubeIDE_1.13.1/STM32CubeIDE/plugins/com.st.stm32cube.ide.mcu.externaltools.gnu-tools-for-stm32.11.3.rel1.win32_1.1.0.202305231506/tools/bin/../lib/gcc/arm-none-eabi/11.3.1/../../../../arm-none-eabi/lib/thumb/v7e-m+fp/hard\libc_nano.a(libc_a-printf.o) (_impure_ptr)
[...]
Memory Configuration

Name             Origin             Length             Attributes
RAM              0x0000000020000000 0x0000000000050000 xrw
FLASH            0x0000000008000000 0x0000000000100000 xr
*default*        0x0000000000000000 0xffffffffffffffff

Linker script and memory map

LOAD C:/ST/STM32CubeIDE_1.13.1/STM32CubeIDE/plugins/com.st.stm32cube.ide.mcu.externaltools.gnu-tools-for-stm32.11.3.rel1.win32_1.1.0.202305231506/tools/bin/../lib/gcc/arm-none-eabi/11.3.1/thumb/v7e-m+fp/hard/crti.o
LOAD C:/ST/STM32CubeIDE_1.13.1/STM32CubeIDE/plugins/com.st.stm32cube.ide.mcu.externaltools.gnu-tools-for-stm32.11.3.rel1.win32_1.1.0.202305231506/tools/bin/../lib/gcc/arm-none-eabi/11.3.1/thumb/v7e-m+fp/hard/crtbegin.o
LOAD C:/ST/STM32CubeIDE_1.13.1/STM32CubeIDE/plugins/com.st.stm32cube.ide.mcu.externaltools.gnu-tools-for-stm32.11.3.rel1.win32_1.1.0.202305231506/tools/bin/../lib/gcc/arm-none-eabi/11.3.1/../../../../arm-none-eabi/lib/thumb/v7e-m+fp/hard/crt0.o
LOAD ./Core/Src/dma.o
LOAD ./Core/Src/gpio.o
LOAD ./Core/Src/main.o
LOAD ./Core/Src/spi.o
LOAD ./Core/Src/stm32f7xx_hal_msp.o
LOAD ./Core/Src/stm32f7xx_it.o
LOAD ./Core/Src/syscalls.o
LOAD ./Core/Src/sysmem.o
LOAD ./Core/Src/system_stm32f7xx.o
LOAD ./Core/Src/usart.o
LOAD ./Core/Src/usb_otg.o
LOAD ./Core/Startup/startup_stm32f746zgtx.o
LOAD ./Drivers/STM32F7xx_HAL_Driver/Src/stm32f7xx_hal.o
LOAD ./Drivers/STM32F7xx_HAL_Driver/Src/stm32f7xx_hal_cortex.o
LOAD ./Drivers/STM32F7xx_HAL_Driver/Src/stm32f7xx_hal_dma.o
LOAD ./Drivers/STM32F7xx_HAL_Driver/Src/stm32f7xx_hal_dma_ex.o
LOAD ./Drivers/STM32F7xx_HAL_Driver/Src/stm32f7xx_hal_exti.o
LOAD ./Drivers/STM32F7xx_HAL_Driver/Src/stm32f7xx_hal_flash.o
LOAD ./Drivers/STM32F7xx_HAL_Driver/Src/stm32f7xx_hal_flash_ex.o
LOAD ./Drivers/STM32F7xx_HAL_Driver/Src/stm32f7xx_hal_gpio.o
LOAD ./Drivers/STM32F7xx_HAL_Driver/Src/stm32f7xx_hal_i2c.o
LOAD ./Drivers/STM32F7xx_HAL_Driver/Src/stm32f7xx_hal_i2c_ex.o
LOAD ./Drivers/STM32F7xx_HAL_Driver/Src/stm32f7xx_hal_pcd.o
LOAD ./Drivers/STM32F7xx_HAL_Driver/Src/stm32f7xx_hal_pcd_ex.o
LOAD ./Drivers/STM32F7xx_HAL_Driver/Src/stm32f7xx_hal_pwr.o
LOAD ./Drivers/STM32F7xx_HAL_Driver/Src/stm32f7xx_hal_pwr_ex.o
LOAD ./Drivers/STM32F7xx_HAL_Driver/Src/stm32f7xx_hal_rcc.o
LOAD ./Drivers/STM32F7xx_HAL_Driver/Src/stm32f7xx_hal_rcc_ex.o
LOAD ./Drivers/STM32F7xx_HAL_Driver/Src/stm32f7xx_hal_spi.o
LOAD ./Drivers/STM32F7xx_HAL_Driver/Src/stm32f7xx_hal_spi_ex.o
LOAD ./Drivers/STM32F7xx_HAL_Driver/Src/stm32f7xx_hal_tim.o
LOAD ./Drivers/STM32F7xx_HAL_Driver/Src/stm32f7xx_hal_tim_ex.o
LOAD ./Drivers/STM32F7xx_HAL_Driver/Src/stm32f7xx_hal_uart.o
LOAD ./Drivers/STM32F7xx_HAL_Driver/Src/stm32f7xx_hal_uart_ex.o
LOAD ./Drivers/STM32F7xx_HAL_Driver/Src/stm32f7xx_ll_usb.o
LOAD ./SPI_HW/Src/Tools.o
LOAD ./SPI_HW/Src/hw_main.o
START GROUP
LOAD C:/ST/STM32CubeIDE_1.13.1/STM32CubeIDE/plugins/com.st.stm32cube.ide.mcu.externaltools.gnu-tools-for-stm32.11.3.rel1.win32_1.1.0.202305231506/tools/bin/../lib/gcc/arm-none-eabi/11.3.1/../../../../arm-none-eabi/lib/thumb/v7e-m+fp/hard\libc_nano.a
LOAD C:/ST/STM32CubeIDE_1.13.1/STM32CubeIDE/plugins/com.st.stm32cube.ide.mcu.externaltools.gnu-tools-for-stm32.11.3.rel1.win32_1.1.0.202305231506/tools/bin/../lib/gcc/arm-none-eabi/11.3.1/../../../../arm-none-eabi/lib/thumb/v7e-m+fp/hard\libm.a
END GROUP
START GROUP
LOAD C:/ST/STM32CubeIDE_1.13.1/STM32CubeIDE/plugins/com.st.stm32cube.ide.mcu.externaltools.gnu-tools-for-stm32.11.3.rel1.win32_1.1.0.202305231506/tools/bin/../lib/gcc/arm-none-eabi/11.3.1/thumb/v7e-m+fp/hard\libgcc.a
LOAD C:/ST/STM32CubeIDE_1.13.1/STM32CubeIDE/plugins/com.st.stm32cube.ide.mcu.externaltools.gnu-tools-for-stm32.11.3.rel1.win32_1.1.0.202305231506/tools/bin/../lib/gcc/arm-none-eabi/11.3.1/../../../../arm-none-eabi/lib/thumb/v7e-m+fp/hard\libc_nano.a
END GROUP
START GROUP
LOAD C:/ST/STM32CubeIDE_1.13.1/STM32CubeIDE/plugins/com.st.stm32cube.ide.mcu.externaltools.gnu-tools-for-stm32.11.3.rel1.win32_1.1.0.202305231506/tools/bin/../lib/gcc/arm-none-eabi/11.3.1/thumb/v7e-m+fp/hard\libgcc.a
LOAD C:/ST/STM32CubeIDE_1.13.1/STM32CubeIDE/plugins/com.st.stm32cube.ide.mcu.externaltools.gnu-tools-for-stm32.11.3.rel1.win32_1.1.0.202305231506/tools/bin/../lib/gcc/arm-none-eabi/11.3.1/../../../../arm-none-eabi/lib/thumb/v7e-m+fp/hard\libc_nano.a
LOAD C:/ST/STM32CubeIDE_1.13.1/STM32CubeIDE/plugins/com.st.stm32cube.ide.mcu.externaltools.gnu-tools-for-stm32.11.3.rel1.win32_1.1.0.202305231506/tools/bin/../lib/gcc/arm-none-eabi/11.3.1/../../../../arm-none-eabi/lib/thumb/v7e-m+fp/hard\libnosys.a
END GROUP
START GROUP
LOAD C:/ST/STM32CubeIDE_1.13.1/STM32CubeIDE/plugins/com.st.stm32cube.ide.mcu.externaltools.gnu-tools-for-stm32.11.3.rel1.win32_1.1.0.202305231506/tools/bin/../lib/gcc/arm-none-eabi/11.3.1/thumb/v7e-m+fp/hard\libgcc.a
LOAD C:/ST/STM32CubeIDE_1.13.1/STM32CubeIDE/plugins/com.st.stm32cube.ide.mcu.externaltools.gnu-tools-for-stm32.11.3.rel1.win32_1.1.0.202305231506/tools/bin/../lib/gcc/arm-none-eabi/11.3.1/../../../../arm-none-eabi/lib/thumb/v7e-m+fp/hard\libc_nano.a
LOAD C:/ST/STM32CubeIDE_1.13.1/STM32CubeIDE/plugins/com.st.stm32cube.ide.mcu.externaltools.gnu-tools-for-stm32.11.3.rel1.win32_1.1.0.202305231506/tools/bin/../lib/gcc/arm-none-eabi/11.3.1/../../../../arm-none-eabi/lib/thumb/v7e-m+fp/hard\libnosys.a
END GROUP
LOAD C:/ST/STM32CubeIDE_1.13.1/STM32CubeIDE/plugins/com.st.stm32cube.ide.mcu.externaltools.gnu-tools-for-stm32.11.3.rel1.win32_1.1.0.202305231506/tools/bin/../lib/gcc/arm-none-eabi/11.3.1/thumb/v7e-m+fp/hard/crtend.o
LOAD C:/ST/STM32CubeIDE_1.13.1/STM32CubeIDE/plugins/com.st.stm32cube.ide.mcu.externaltools.gnu-tools-for-stm32.11.3.rel1.win32_1.1.0.202305231506/tools/bin/../lib/gcc/arm-none-eabi/11.3.1/thumb/v7e-m+fp/hard/crtn.o
                0x0000000020050000                _estack = (ORIGIN (RAM) + LENGTH (RAM))
                0x0000000000000200                _Min_Heap_Size = 0x200
                0x0000000000000400                _Min_Stack_Size = 0x400

.isr_vector     0x0000000008000000      0x1c8
                0x0000000008000000                . = ALIGN (0x4)
 *(.isr_vector)
 .isr_vector    0x0000000008000000      0x1c8 ./Core/Startup/startup_stm32f746zgtx.o
                0x0000000008000000                g_pfnVectors
                0x00000000080001c8                . = ALIGN (0x4)

.text           0x00000000080001c8     0x5340
                0x00000000080001c8                . = ALIGN (0x4)
 *(.text)
 .text          0x00000000080001c8       0x40 C:/ST/STM32CubeIDE_1.13.1/STM32CubeIDE/plugins/com.st.stm32cube.ide.mcu.externaltools.gnu-tools-for-stm32.11.3.rel1.win32_1.1.0.202305231506/tools/bin/../lib/gcc/arm-none-eabi/11.3.1/thumb/v7e-m+fp/hard/crtbegin.o
 .text          0x0000000008000208       0x30 C:/ST/STM32CubeIDE_1.13.1/STM32CubeIDE/plugins/com.st.stm32cube.ide.mcu.externaltools.gnu-tools-for-stm32.11.3.rel1.win32_1.1.0.202305231506/tools/bin/../lib/gcc/arm-none-eabi/11.3.1/thumb/v7e-m+fp/hard\libgcc.a(_aeabi_uldivmod.o)
                0x0000000008000208                __aeabi_uldivmod
 .text          0x0000000008000238      0x2c8 C:/ST/STM32CubeIDE_1.13.1/STM32CubeIDE/plugins/com.st.stm32cube.ide.mcu.externaltools.gnu-tools-for-stm32.11.3.rel1.win32_1.1.0.202305231506/tools/bin/../lib/gcc/arm-none-eabi/11.3.1/thumb/v7e-m+fp/hard\libgcc.a(_udivmoddi4.o)
                0x0000000008000238                __udivmoddi4
 .text          0x0000000008000500        0x4 C:/ST/STM32CubeIDE_1.13.1/STM32CubeIDE/plugins/com.st.stm32cube.ide.mcu.externaltools.gnu-tools-for-stm32.11.3.rel1.win32_1.1.0.202305231506/tools/bin/../lib/gcc/arm-none-eabi/11.3.1/thumb/v7e-m+fp/hard\libgcc.a(_dvmd_tls.o)
                0x0000000008000500                __aeabi_idiv0
                0x0000000008000500                __aeabi_ldiv0
 *(.text*)
 .text.MX_DMA_Init
                0x0000000008000504       0x84 ./Core/Src/dma.o
                0x0000000008000504                MX_DMA_Init
 .text.MX_GPIO_Init
                0x0000000008000588      0x1cc ./Core/Src/gpio.o
                0x0000000008000588                MX_GPIO_Init
 .text.main     0x0000000008000754       0x2e ./Core/Src/main.o
                0x0000000008000754                main
 *fill*         0x0000000008000782        0x2 
 .text.SystemClock_Config
                0x0000000008000784       0xd0 ./Core/Src/main.o
                0x0000000008000784                SystemClock_Config
 .text.Error_Handler
                0x0000000008000854        0xa ./Core/Src/main.o
                0x0000000008000854                Error_Handler
 *fill*         0x000000000800085e        0x2 
 .text.MX_SPI1_Init
                0x0000000008000860       0x7c ./Core/Src/spi.o
                0x0000000008000860                MX_SPI1_Init
 .text.MX_SPI2_Init
                0x00000000080008dc       0x74 ./Core/Src/spi.o
                0x00000000080008dc                MX_SPI2_Init
 .text.MX_SPI3_Init
                0x0000000008000950       0x74 ./Core/Src/spi.o
                0x0000000008000950                MX_SPI3_Init
 .text.HAL_SPI_MspInit
                0x00000000080009c4      0x444 ./Core/Src/spi.o
                0x00000000080009c4                HAL_SPI_MspInit
 .text.HAL_MspInit
                0x0000000008000e08       0x48 ./Core/Src/stm32f7xx_hal_msp.o
                0x0000000008000e08                HAL_MspInit
 .text.NMI_Handler
                0x0000000008000e50        0x6 ./Core/Src/stm32f7xx_it.o
                0x0000000008000e50                NMI_Handler
 .text.HardFault_Handler
                0x0000000008000e56        0x6 ./Core/Src/stm32f7xx_it.o
                0x0000000008000e56                HardFault_Handler
 .text.MemManage_Handler
                0x0000000008000e5c        0x6 ./Core/Src/stm32f7xx_it.o
                0x0000000008000e5c                MemManage_Handler
 .text.BusFault_Handler
                0x0000000008000e62        0x6 ./Core/Src/stm32f7xx_it.o
                0x0000000008000e62                BusFault_Handler
 .text.UsageFault_Handler
                0x0000000008000e68        0x6 ./Core/Src/stm32f7xx_it.o
                0x0000000008000e68                UsageFault_Handler
 .text.SVC_Handler
                0x0000000008000e6e        0xe ./Core/Src/stm32f7xx_it.o
                0x0000000008000e6e                SVC_Handler
 .text.DebugMon_Handler
                0x0000000008000e7c        0xe ./Core/Src/stm32f7xx_it.o
                0x0000000008000e7c                DebugMon_Handler
 .text.PendSV_Handler
                0x0000000008000e8a        0xe ./Core/Src/stm32f7xx_it.o
                0x0000000008000e8a                PendSV_Handler
 .text.SysTick_Handler
                0x0000000008000e98        0xc ./Core/Src/stm32f7xx_it.o
                0x0000000008000e98                SysTick_Handler
 .text.DMA1_Stream3_IRQHandler
                0x0000000008000ea4       0x14 ./Core/Src/stm32f7xx_it.o
                0x0000000008000ea4                DMA1_Stream3_IRQHandler
 .text.DMA1_Stream4_IRQHandler
                0x0000000008000eb8       0x14 ./Core/Src/stm32f7xx_it.o
                0x0000000008000eb8                DMA1_Stream4_IRQHandler
 .text.SPI1_IRQHandler
                0x0000000008000ecc       0x14 ./Core/Src/stm32f7xx_it.o
                0x0000000008000ecc                SPI1_IRQHandler
 .text.SPI2_IRQHandler
                0x0000000008000ee0       0x14 ./Core/Src/stm32f7xx_it.o
                0x0000000008000ee0                SPI2_IRQHandler
 .text.SPI3_IRQHandler
                0x0000000008000ef4       0x14 ./Core/Src/stm32f7xx_it.o
                0x0000000008000ef4                SPI3_IRQHandler
 .text.DMA2_Stream0_IRQHandler
                0x0000000008000f08       0x14 ./Core/Src/stm32f7xx_it.o
                0x0000000008000f08                DMA2_Stream0_IRQHandler
 .text.DMA2_Stream3_IRQHandler
                0x0000000008000f1c       0x14 ./Core/Src/stm32f7xx_it.o
                0x0000000008000f1c                DMA2_Stream3_IRQHandler
 .text.SystemInit
                0x0000000008000f30       0x24 ./Core/Src/system_stm32f7xx.o
                0x0000000008000f30                SystemInit
 .text.MX_USART3_UART_Init
                0x0000000008000f54       0x60 ./Core/Src/usart.o
                0x0000000008000f54                MX_USART3_UART_Init
 .text.HAL_UART_MspInit
                0x0000000008000fb4       0xc0 ./Core/Src/usart.o
                0x0000000008000fb4                HAL_UART_MspInit
 .text.MX_USB_OTG_FS_PCD_Init
                0x0000000008001074       0x5c ./Core/Src/usb_otg.o
                0x0000000008001074                MX_USB_OTG_FS_PCD_Init
 .text.HAL_PCD_MspInit
                0x00000000080010d0       0xf4 ./Core/Src/usb_otg.o
                0x00000000080010d0                HAL_PCD_MspInit
 .text.Reset_Handler
                0x00000000080011c4       0x50 ./Core/Startup/startup_stm32f746zgtx.o
                0x00000000080011c4                Reset_Handler
 .text.Default_Handler
                0x0000000008001214        0x2 ./Core/Startup/startup_stm32f746zgtx.o
                0x0000000008001214                RTC_Alarm_IRQHandler
                0x0000000008001214                EXTI2_IRQHandler
                0x0000000008001214                TIM8_CC_IRQHandler
                0x0000000008001214                UART8_IRQHandler
                0x0000000008001214                SPI4_IRQHandler
                0x0000000008001214                TIM1_CC_IRQHandler
                0x0000000008001214                DMA2_Stream5_IRQHandler
                0x0000000008001214                DMA1_Stream5_IRQHandler
                0x0000000008001214                PVD_IRQHandler
                0x0000000008001214                TAMP_STAMP_IRQHandler
                0x0000000008001214                CAN2_RX1_IRQHandler
                0x0000000008001214                EXTI3_IRQHandler
                0x0000000008001214                TIM8_TRG_COM_TIM14_IRQHandler
                0x0000000008001214                TIM1_UP_TIM10_IRQHandler
                0x0000000008001214                TIM8_UP_TIM13_IRQHandler
                0x0000000008001214                I2C3_ER_IRQHandler
                0x0000000008001214                EXTI0_IRQHandler
                0x0000000008001214                I2C2_EV_IRQHandler
                0x0000000008001214                DMA1_Stream2_IRQHandler
                0x0000000008001214                CAN1_RX0_IRQHandler
                0x0000000008001214                FPU_IRQHandler
                0x0000000008001214                OTG_HS_WKUP_IRQHandler
                0x0000000008001214                LTDC_ER_IRQHandler
                0x0000000008001214                CAN2_SCE_IRQHandler
                0x0000000008001214                DMA2_Stream2_IRQHandler
                0x0000000008001214                TIM6_DAC_IRQHandler
                0x0000000008001214                TIM1_BRK_TIM9_IRQHandler
                0x0000000008001214                DCMI_IRQHandler
                0x0000000008001214                CAN2_RX0_IRQHandler
                0x0000000008001214                SAI2_IRQHandler
                0x0000000008001214                USART6_IRQHandler
                0x0000000008001214                USART3_IRQHandler
                0x0000000008001214                CAN1_RX1_IRQHandler
                0x0000000008001214                UART5_IRQHandler
                0x0000000008001214                TIM4_IRQHandler
                0x0000000008001214                QUADSPI_IRQHandler
                0x0000000008001214                I2C1_EV_IRQHandler
                0x0000000008001214                DMA1_Stream6_IRQHandler
                0x0000000008001214                DMA1_Stream1_IRQHandler
                0x0000000008001214                UART4_IRQHandler
                0x0000000008001214                TIM3_IRQHandler
                0x0000000008001214                RCC_IRQHandler
                0x0000000008001214                TIM8_BRK_TIM12_IRQHandler
                0x0000000008001214                Default_Handler
                0x0000000008001214                CEC_IRQHandler
                0x0000000008001214                EXTI15_10_IRQHandler
                0x0000000008001214                ADC_IRQHandler
                0x0000000008001214                DMA1_Stream7_IRQHandler
                0x0000000008001214                SPI5_IRQHandler
                0x0000000008001214                TIM7_IRQHandler
                0x0000000008001214                SDMMC1_IRQHandler
                0x0000000008001214                CAN2_TX_IRQHandler
                0x0000000008001214                TIM5_IRQHandler
                0x0000000008001214                DMA2_Stream7_IRQHandler
                0x0000000008001214                I2C3_EV_IRQHandler
                0x0000000008001214                EXTI9_5_IRQHandler
                0x0000000008001214                RTC_WKUP_IRQHandler
                0x0000000008001214                LTDC_IRQHandler
                0x0000000008001214                ETH_WKUP_IRQHandler
                0x0000000008001214                SPDIF_RX_IRQHandler
                0x0000000008001214                OTG_HS_EP1_IN_IRQHandler
                0x0000000008001214                DMA1_Stream0_IRQHandler
                0x0000000008001214                CAN1_TX_IRQHandler
                0x0000000008001214                EXTI4_IRQHandler
                0x0000000008001214                RNG_IRQHandler
                0x0000000008001214                ETH_IRQHandler
                0x0000000008001214                OTG_HS_EP1_OUT_IRQHandler
                0x0000000008001214                WWDG_IRQHandler
                0x0000000008001214                SPI6_IRQHandler
                0x0000000008001214                I2C4_EV_IRQHandler
                0x0000000008001214                TIM2_IRQHandler
                0x0000000008001214                OTG_FS_WKUP_IRQHandler
                0x0000000008001214                TIM1_TRG_COM_TIM11_IRQHandler
                0x0000000008001214                OTG_HS_IRQHandler
                0x0000000008001214                DMA2D_IRQHandler
                0x0000000008001214                EXTI1_IRQHandler
                0x0000000008001214                UART7_IRQHandler
                0x0000000008001214                USART2_IRQHandler
                0x0000000008001214                I2C2_ER_IRQHandler
                0x0000000008001214                DMA2_Stream1_IRQHandler
                0x0000000008001214                CAN1_SCE_IRQHandler
                0x0000000008001214                FLASH_IRQHandler
                0x0000000008001214                DMA2_Stream4_IRQHandler
                0x0000000008001214                USART1_IRQHandler
                0x0000000008001214                OTG_FS_IRQHandler
                0x0000000008001214                I2C1_ER_IRQHandler
                0x0000000008001214                FMC_IRQHandler
                0x0000000008001214                LPTIM1_IRQHandler
                0x0000000008001214                I2C4_ER_IRQHandler
                0x0000000008001214                DMA2_Stream6_IRQHandler
                0x0000000008001214                SAI1_IRQHandler
 .text.HAL_Init
                0x0000000008001216       0x1a ./Drivers/STM32F7xx_HAL_Driver/Src/stm32f7xx_hal.o
                0x0000000008001216                HAL_Init
 .text.HAL_InitTick
                0x0000000008001230       0x60 ./Drivers/STM32F7xx_HAL_Driver/Src/stm32f7xx_hal.o
                0x0000000008001230                HAL_InitTick
 .text.HAL_IncTick
                0x0000000008001290       0x28 ./Drivers/STM32F7xx_HAL_Driver/Src/stm32f7xx_hal.o
                0x0000000008001290                HAL_IncTick
 .text.HAL_GetTick
                0x00000000080012b8       0x18 ./Drivers/STM32F7xx_HAL_Driver/Src/stm32f7xx_hal.o
                0x00000000080012b8                HAL_GetTick
 .text.HAL_Delay
                0x00000000080012d0       0x48 ./Drivers/STM32F7xx_HAL_Driver/Src/stm32f7xx_hal.o
                0x00000000080012d0                HAL_Delay
 .text.__NVIC_SetPriorityGrouping
                0x0000000008001318       0x48 ./Drivers/STM32F7xx_HAL_Driver/Src/stm32f7xx_hal_cortex.o
 .text.__NVIC_GetPriorityGrouping
                0x0000000008001360       0x1c ./Drivers/STM32F7xx_HAL_Driver/Src/stm32f7xx_hal_cortex.o
 .text.__NVIC_EnableIRQ
                0x000000000800137c       0x3c ./Drivers/STM32F7xx_HAL_Driver/Src/stm32f7xx_hal_cortex.o
 .text.__NVIC_SetPriority
                0x00000000080013b8       0x54 ./Drivers/STM32F7xx_HAL_Driver/Src/stm32f7xx_hal_cortex.o
 .text.NVIC_EncodePriority
                0x000000000800140c       0x66 ./Drivers/STM32F7xx_HAL_Driver/Src/stm32f7xx_hal_cortex.o
 *fill*         0x0000000008001472        0x2 
 .text.SysTick_Config
                0x0000000008001474       0x44 ./Drivers/STM32F7xx_HAL_Driver/Src/stm32f7xx_hal_cortex.o
 .text.HAL_NVIC_SetPriorityGrouping
                0x00000000080014b8       0x16 ./Drivers/STM32F7xx_HAL_Driver/Src/stm32f7xx_hal_cortex.o
                0x00000000080014b8                HAL_NVIC_SetPriorityGrouping
 .text.HAL_NVIC_SetPriority
                0x00000000080014ce       0x38 ./Drivers/STM32F7xx_HAL_Driver/Src/stm32f7xx_hal_cortex.o
                0x00000000080014ce                HAL_NVIC_SetPriority
 .text.HAL_NVIC_EnableIRQ
                0x0000000008001506       0x1c ./Drivers/STM32F7xx_HAL_Driver/Src/stm32f7xx_hal_cortex.o
                0x0000000008001506                HAL_NVIC_EnableIRQ
 .text.HAL_SYSTICK_Config
                0x0000000008001522       0x18 ./Drivers/STM32F7xx_HAL_Driver/Src/stm32f7xx_hal_cortex.o
                0x0000000008001522                HAL_SYSTICK_Config
 *fill*         0x000000000800153a        0x2 
 .text.HAL_DMA_Init
                0x000000000800153c      0x15c ./Drivers/STM32F7xx_HAL_Driver/Src/stm32f7xx_hal_dma.o
                0x000000000800153c                HAL_DMA_Init
 .text.HAL_DMA_Abort_IT
                0x0000000008001698       0x44 ./Drivers/STM32F7xx_HAL_Driver/Src/stm32f7xx_hal_dma.o
                0x0000000008001698                HAL_DMA_Abort_IT
 .text.HAL_DMA_IRQHandler
                0x00000000080016dc      0x314 ./Drivers/STM32F7xx_HAL_Driver/Src/stm32f7xx_hal_dma.o
                0x00000000080016dc                HAL_DMA_IRQHandler
 .text.DMA_CalcBaseAndBitshift
                0x00000000080019f0       0x6c ./Drivers/STM32F7xx_HAL_Driver/Src/stm32f7xx_hal_dma.o
 .text.DMA_CheckFifoParam
                0x0000000008001a5c       0xf8 ./Drivers/STM32F7xx_HAL_Driver/Src/stm32f7xx_hal_dma.o
 .text.HAL_GPIO_Init
                0x0000000008001b54      0x358 ./Drivers/STM32F7xx_HAL_Driver/Src/stm32f7xx_hal_gpio.o
                0x0000000008001b54                HAL_GPIO_Init
 .text.HAL_GPIO_WritePin
                0x0000000008001eac       0x32 ./Drivers/STM32F7xx_HAL_Driver/Src/stm32f7xx_hal_gpio.o
                0x0000000008001eac                HAL_GPIO_WritePin
 .text.HAL_PCD_Init
                0x0000000008001ede      0x248 ./Drivers/STM32F7xx_HAL_Driver/Src/stm32f7xx_hal_pcd.o
                0x0000000008001ede                HAL_PCD_Init
 *fill*         0x0000000008002126        0x2 
 .text.HAL_PCDEx_ActivateLPM
                0x0000000008002128       0x48 ./Drivers/STM32F7xx_HAL_Driver/Src/stm32f7xx_hal_pcd_ex.o
                0x0000000008002128                HAL_PCDEx_ActivateLPM
 .text.HAL_PWR_EnableBkUpAccess
                0x0000000008002170       0x20 ./Drivers/STM32F7xx_HAL_Driver/Src/stm32f7xx_hal_pwr.o
                0x0000000008002170                HAL_PWR_EnableBkUpAccess
 .text.HAL_RCC_OscConfig
                0x0000000008002190      0x548 ./Drivers/STM32F7xx_HAL_Driver/Src/stm32f7xx_hal_rcc.o
                0x0000000008002190                HAL_RCC_OscConfig
 .text.HAL_RCC_ClockConfig
                0x00000000080026d8      0x1d8 ./Drivers/STM32F7xx_HAL_Driver/Src/stm32f7xx_hal_rcc.o
                0x00000000080026d8                HAL_RCC_ClockConfig
 .text.HAL_RCC_GetSysClockFreq
                0x00000000080028b0      0x20c ./Drivers/STM32F7xx_HAL_Driver/Src/stm32f7xx_hal_rcc.o
                0x00000000080028b0                HAL_RCC_GetSysClockFreq
 .text.HAL_RCC_GetHCLKFreq
                0x0000000008002abc       0x18 ./Drivers/STM32F7xx_HAL_Driver/Src/stm32f7xx_hal_rcc.o
                0x0000000008002abc                HAL_RCC_GetHCLKFreq
 .text.HAL_RCC_GetPCLK1Freq
                0x0000000008002ad4       0x28 ./Drivers/STM32F7xx_HAL_Driver/Src/stm32f7xx_hal_rcc.o
                0x0000000008002ad4                HAL_RCC_GetPCLK1Freq
 .text.HAL_RCC_GetPCLK2Freq
                0x0000000008002afc       0x28 ./Drivers/STM32F7xx_HAL_Driver/Src/stm32f7xx_hal_rcc.o
                0x0000000008002afc                HAL_RCC_GetPCLK2Freq
 .text.HAL_RCCEx_PeriphCLKConfig
                0x0000000008002b24      0x7e0 ./Drivers/STM32F7xx_HAL_Driver/Src/stm32f7xx_hal_rcc_ex.o
                0x0000000008002b24                HAL_RCCEx_PeriphCLKConfig
 .text.HAL_SPI_Init
                0x0000000008003304      0x156 ./Drivers/STM32F7xx_HAL_Driver/Src/stm32f7xx_hal_spi.o
                0x0000000008003304                HAL_SPI_Init
 .text.HAL_SPI_Transmit
                0x000000000800345a      0x2dc ./Drivers/STM32F7xx_HAL_Driver/Src/stm32f7xx_hal_spi.o
                0x000000000800345a                HAL_SPI_Transmit
 *fill*         0x0000000008003736        0x2 
 .text.HAL_SPI_Receive_IT
                0x0000000008003738      0x160 ./Drivers/STM32F7xx_HAL_Driver/Src/stm32f7xx_hal_spi.o
                0x0000000008003738                HAL_SPI_Receive_IT
 .text.HAL_SPI_TransmitReceive_IT
                0x0000000008003898      0x160 ./Drivers/STM32F7xx_HAL_Driver/Src/stm32f7xx_hal_spi.o
                0x0000000008003898                HAL_SPI_TransmitReceive_IT
 .text.HAL_SPI_IRQHandler
                0x00000000080039f8      0x1e8 ./Drivers/STM32F7xx_HAL_Driver/Src/stm32f7xx_hal_spi.o
                0x00000000080039f8                HAL_SPI_IRQHandler
 .text.HAL_SPI_TxRxCpltCallback
                0x0000000008003be0       0x14 ./Drivers/STM32F7xx_HAL_Driver/Src/stm32f7xx_hal_spi.o
                0x0000000008003be0                HAL_SPI_TxRxCpltCallback
 .text.HAL_SPI_ErrorCallback
                0x0000000008003bf4       0x14 ./Drivers/STM32F7xx_HAL_Driver/Src/stm32f7xx_hal_spi.o
                0x0000000008003bf4                HAL_SPI_ErrorCallback
 .text.SPI_DMAAbortOnError
                0x0000000008003c08       0x2a ./Drivers/STM32F7xx_HAL_Driver/Src/stm32f7xx_hal_spi.o
 .text.SPI_2linesRxISR_8BIT
                0x0000000008003c32       0xbe ./Drivers/STM32F7xx_HAL_Driver/Src/stm32f7xx_hal_spi.o
 .text.SPI_2linesTxISR_8BIT
                0x0000000008003cf0       0x92 ./Drivers/STM32F7xx_HAL_Driver/Src/stm32f7xx_hal_spi.o
 .text.SPI_2linesRxISR_16BIT
                0x0000000008003d82       0x66 ./Drivers/STM32F7xx_HAL_Driver/Src/stm32f7xx_hal_spi.o
 .text.SPI_2linesTxISR_16BIT
                0x0000000008003de8       0x60 ./Drivers/STM32F7xx_HAL_Driver/Src/stm32f7xx_hal_spi.o
 .text.SPI_RxISR_8BIT
                0x0000000008003e48       0x50 ./Drivers/STM32F7xx_HAL_Driver/Src/stm32f7xx_hal_spi.o
 .text.SPI_RxISR_16BIT
                0x0000000008003e98       0x4c ./Drivers/STM32F7xx_HAL_Driver/Src/stm32f7xx_hal_spi.o
 .text.SPI_WaitFlagStateUntilTimeout
                0x0000000008003ee4      0x110 ./Drivers/STM32F7xx_HAL_Driver/Src/stm32f7xx_hal_spi.o
 .text.SPI_WaitFifoStateUntilTimeout
                0x0000000008003ff4      0x12c ./Drivers/STM32F7xx_HAL_Driver/Src/stm32f7xx_hal_spi.o
 .text.SPI_EndRxTransaction
                0x0000000008004120       0xf8 ./Drivers/STM32F7xx_HAL_Driver/Src/stm32f7xx_hal_spi.o
 .text.SPI_EndRxTxTransaction
                0x0000000008004218       0xd4 ./Drivers/STM32F7xx_HAL_Driver/Src/stm32f7xx_hal_spi.o
 .text.SPI_CloseRxTx_ISR
                0x00000000080042ec       0x84 ./Drivers/STM32F7xx_HAL_Driver/Src/stm32f7xx_hal_spi.o
 .text.SPI_CloseRx_ISR
                0x0000000008004370       0x60 ./Drivers/STM32F7xx_HAL_Driver/Src/stm32f7xx_hal_spi.o
 .text.HAL_UART_Init
                0x00000000080043d0       0x9c ./Drivers/STM32F7xx_HAL_Driver/Src/stm32f7xx_hal_uart.o
                0x00000000080043d0                HAL_UART_Init
 .text.HAL_UART_Transmit
                0x000000000800446c      0x106 ./Drivers/STM32F7xx_HAL_Driver/Src/stm32f7xx_hal_uart.o
                0x000000000800446c                HAL_UART_Transmit
 *fill*         0x0000000008004572        0x2 
 .text.UART_SetConfig
                0x0000000008004574      0x4c8 ./Drivers/STM32F7xx_HAL_Driver/Src/stm32f7xx_hal_uart.o
                0x0000000008004574                UART_SetConfig
 .text.UART_AdvFeatureConfig
                0x0000000008004a3c      0x144 ./Drivers/STM32F7xx_HAL_Driver/Src/stm32f7xx_hal_uart.o
                0x0000000008004a3c                UART_AdvFeatureConfig
 .text.UART_CheckIdleState
                0x0000000008004b80       0x6e ./Drivers/STM32F7xx_HAL_Driver/Src/stm32f7xx_hal_uart.o
                0x0000000008004b80                UART_CheckIdleState
 .text.UART_WaitOnFlagUntilTimeout
                0x0000000008004bee      0x18c ./Drivers/STM32F7xx_HAL_Driver/Src/stm32f7xx_hal_uart.o
                0x0000000008004bee                UART_WaitOnFlagUntilTimeout
 *fill*         0x0000000008004d7a        0x2 
 .text.USB_CoreInit
                0x0000000008004d7c       0xb0 ./Drivers/STM32F7xx_HAL_Driver/Src/stm32f7xx_ll_usb.o
                0x0000000008004d7c                USB_CoreInit
 .text.USB_DisableGlobalInt
                0x0000000008004e2c       0x22 ./Drivers/STM32F7xx_HAL_Driver/Src/stm32f7xx_ll_usb.o
                0x0000000008004e2c                USB_DisableGlobalInt
 .text.USB_SetCurrentMode
                0x0000000008004e4e       0x98 ./Drivers/STM32F7xx_HAL_Driver/Src/stm32f7xx_ll_usb.o
                0x0000000008004e4e                USB_SetCurrentMode
 *fill*         0x0000000008004ee6        0x2 
 .text.USB_DevInit
                0x0000000008004ee8      0x2bc ./Drivers/STM32F7xx_HAL_Driver/Src/stm32f7xx_ll_usb.o
                0x0000000008004ee8                USB_DevInit
 .text.USB_FlushTxFifo
                0x00000000080051a4       0x68 ./Drivers/STM32F7xx_HAL_Driver/Src/stm32f7xx_ll_usb.o
                0x00000000080051a4                USB_FlushTxFifo
 .text.USB_FlushRxFifo
                0x000000000800520c       0x60 ./Drivers/STM32F7xx_HAL_Driver/Src/stm32f7xx_ll_usb.o
                0x000000000800520c                USB_FlushRxFifo
 .text.USB_SetDevSpeed
                0x000000000800526c       0x32 ./Drivers/STM32F7xx_HAL_Driver/Src/stm32f7xx_ll_usb.o
                0x000000000800526c                USB_SetDevSpeed
 .text.USB_DevDisconnect
                0x000000000800529e       0x42 ./Drivers/STM32F7xx_HAL_Driver/Src/stm32f7xx_ll_usb.o
                0x000000000800529e                USB_DevDisconnect
 .text.USB_GetMode
                0x00000000080052e0       0x1c ./Drivers/STM32F7xx_HAL_Driver/Src/stm32f7xx_ll_usb.o
                0x00000000080052e0                USB_GetMode
 .text.USB_CoreReset
                0x00000000080052fc       0x68 ./Drivers/STM32F7xx_HAL_Driver/Src/stm32f7xx_ll_usb.o
 .text.ex1      0x0000000008005364       0xe8 ./SPI_HW/Src/hw_main.o
                0x0000000008005364                ex1
 .text.HAL_SPI_RxCpltCallback
                0x000000000800544c       0x40 ./SPI_HW/Src/hw_main.o
                0x000000000800544c                HAL_SPI_RxCpltCallback
 .text.hw_main  0x000000000800548c        0xc ./SPI_HW/Src/hw_main.o
                0x000000000800548c                hw_main
 .text.memset   0x0000000008005498       0x10 C:/ST/STM32CubeIDE_1.13.1/STM32CubeIDE/plugins/com.st.stm32cube.ide.mcu.externaltools.gnu-tools-for-stm32.11.3.rel1.win32_1.1.0.202305231506/tools/bin/../lib/gcc/arm-none-eabi/11.3.1/../../../../arm-none-eabi/lib/thumb/v7e-m+fp/hard\libc_nano.a(libc_a-memset.o)
                0x0000000008005498                memset
 .text.__libc_init_array
                0x00000000080054a8       0x48 C:/ST/STM32CubeIDE_1.13.1/STM32CubeIDE/plugins/com.st.stm32cube.ide.mcu.externaltools.gnu-tools-for-stm32.11.3.rel1.win32_1.1.0.202305231506/tools/bin/../lib/gcc/arm-none-eabi/11.3.1/../../../../arm-none-eabi/lib/thumb/v7e-m+fp/hard\libc_nano.a(libc_a-init.o)
                0x00000000080054a8                __libc_init_array
 *(.glue_7)
 .glue_7        0x00000000080054f0        0x0 linker stubs
 *(.glue_7t)
 .glue_7t       0x00000000080054f0        0x0 linker stubs
 *(.eh_frame)
 .eh_frame      0x00000000080054f0        0x0 C:/ST/STM32CubeIDE_1.13.1/STM32CubeIDE/plugins/com.st.stm32cube.ide.mcu.externaltools.gnu-tools-for-stm32.11.3.rel1.win32_1.1.0.202305231506/tools/bin/../lib/gcc/arm-none-eabi/11.3.1/thumb/v7e-m+fp/hard/crtbegin.o
 *(.init)
 .init          0x00000000080054f0        0x4 C:/ST/STM32CubeIDE_1.13.1/STM32CubeIDE/plugins/com.st.stm32cube.ide.mcu.externaltools.gnu-tools-for-stm32.11.3.rel1.win32_1.1.0.202305231506/tools/bin/../lib/gcc/arm-none-eabi/11.3.1/thumb/v7e-m+fp/hard/crti.o
                0x00000000080054f0                _init
 .init          0x00000000080054f4        0x8 C:/ST/STM32CubeIDE_1.13.1/STM32CubeIDE/plugins/com.st.stm32cube.ide.mcu.externaltools.gnu-tools-for-stm32.11.3.rel1.win32_1.1.0.202305231506/tools/bin/../lib/gcc/arm-none-eabi/11.3.1/thumb/v7e-m+fp/hard/crtn.o
 *(.fini)
 .fini          0x00000000080054fc        0x4 C:/ST/STM32CubeIDE_1.13.1/STM32CubeIDE/plugins/com.st.stm32cube.ide.mcu.externaltools.gnu-tools-for-stm32.11.3.rel1.win32_1.1.0.202305231506/tools/bin/../lib/gcc/arm-none-eabi/11.3.1/thumb/v7e-m+fp/hard/crti.o
                0x00000000080054fc                _fini
 .fini          0x0000000008005500        0x8 C:/ST/STM32CubeIDE_1.13.1/STM32CubeIDE/plugins/com.st.stm32cube.ide.mcu.externaltools.gnu-tools-for-stm32.11.3.rel1.win32_1.1.0.202305231506/tools/bin/../lib/gcc/arm-none-eabi/11.3.1/thumb/v7e-m+fp/hard/crtn.o
                0x0000000008005508                . = ALIGN (0x4)
                0x0000000008005508                _etext = .

.vfp11_veneer   0x0000000008005508        0x0
 .vfp11_veneer  0x0000000008005508        0x0 linker stubs

.v4_bx          0x0000000008005508        0x0
 .v4_bx         0x0000000008005508        0x0 linker stubs

.iplt           0x0000000008005508        0x0
 .iplt          0x0000000008005508        0x0 C:/ST/STM32CubeIDE_1.13.1/STM32CubeIDE/plugins/com.st.stm32cube.ide.mcu.externaltools.gnu-tools-for-stm32.11.3.rel1.win32_1.1.0.202305231506/tools/bin/../lib/gcc/arm-none-eabi/11.3.1/thumb/v7e-m+fp/hard/crtbegin.o

.rodata         0x0000000008005508       0xdc
                0x0000000008005508                . = ALIGN (0x4)
 *(.rodata)
 .rodata        0x0000000008005508       0xbb ./SPI_HW/Src/hw_main.o
 *(.rodata*)
 *fill*         0x00000000080055c3        0x1 
 .rodata.AHBPrescTable
                0x00000000080055c4       0x10 ./Core/Src/system_stm32f7xx.o
                0x00000000080055c4                AHBPrescTable
 .rodata.APBPrescTable
                0x00000000080055d4        0x8 ./Core/Src/system_stm32f7xx.o
                0x00000000080055d4                APBPrescTable
 .rodata.flagBitshiftOffset.0
                0x00000000080055dc        0x8 ./Drivers/STM32F7xx_HAL_Driver/Src/stm32f7xx_hal_dma.o
                0x00000000080055e4                . = ALIGN (0x4)

.ARM.extab      0x00000000080055e4        0x0
                0x00000000080055e4                . = ALIGN (0x4)
 *(.ARM.extab* .gnu.linkonce.armextab.*)
                0x00000000080055e4                . = ALIGN (0x4)

.ARM            0x00000000080055e4        0x8
                0x00000000080055e4                . = ALIGN (0x4)
                0x00000000080055e4                __exidx_start = .
 *(.ARM.exidx*)
 .ARM.exidx     0x00000000080055e4        0x8 C:/ST/STM32CubeIDE_1.13.1/STM32CubeIDE/plugins/com.st.stm32cube.ide.mcu.externaltools.gnu-tools-for-stm32.11.3.rel1.win32_1.1.0.202305231506/tools/bin/../lib/gcc/arm-none-eabi/11.3.1/thumb/v7e-m+fp/hard\libgcc.a(_udivmoddi4.o)
                0x00000000080055ec                __exidx_end = .
                0x00000000080055ec                . = ALIGN (0x4)

.rel.dyn        0x00000000080055ec        0x0
 .rel.iplt      0x00000000080055ec        0x0 C:/ST/STM32CubeIDE_1.13.1/STM32CubeIDE/plugins/com.st.stm32cube.ide.mcu.externaltools.gnu-tools-for-stm32.11.3.rel1.win32_1.1.0.202305231506/tools/bin/../lib/gcc/arm-none-eabi/11.3.1/thumb/v7e-m+fp/hard/crtbegin.o

.preinit_array  0x00000000080055ec        0x0
                0x00000000080055ec                . = ALIGN (0x4)
                0x00000000080055ec                PROVIDE (__preinit_array_start = .)
 *(.preinit_array*)
                0x00000000080055ec                PROVIDE (__preinit_array_end = .)
                0x00000000080055ec                . = ALIGN (0x4)

.init_array     0x00000000080055ec        0x4
                0x00000000080055ec                . = ALIGN (0x4)
                0x00000000080055ec                PROVIDE (__init_array_start = .)
 *(SORT_BY_NAME(.init_array.*))
 *(.init_array*)
 .init_array    0x00000000080055ec        0x4 C:/ST/STM32CubeIDE_1.13.1/STM32CubeIDE/plugins/com.st.stm32cube.ide.mcu.externaltools.gnu-tools-for-stm32.11.3.rel1.win32_1.1.0.202305231506/tools/bin/../lib/gcc/arm-none-eabi/11.3.1/thumb/v7e-m+fp/hard/crtbegin.o
                0x00000000080055f0                PROVIDE (__init_array_end = .)
                0x00000000080055f0                . = ALIGN (0x4)

.fini_array     0x00000000080055f0        0x4
                0x00000000080055f0                . = ALIGN (0x4)
                [!provide]                        PROVIDE (__fini_array_start = .)
 *(SORT_BY_NAME(.fini_array.*))
 *(.fini_array*)
 .fini_array    0x00000000080055f0        0x4 C:/ST/STM32CubeIDE_1.13.1/STM32CubeIDE/plugins/com.st.stm32cube.ide.mcu.externaltools.gnu-tools-for-stm32.11.3.rel1.win32_1.1.0.202305231506/tools/bin/../lib/gcc/arm-none-eabi/11.3.1/thumb/v7e-m+fp/hard/crtbegin.o
                [!provide]                        PROVIDE (__fini_array_end = .)
                0x00000000080055f4                . = ALIGN (0x4)
                0x00000000080055f4                _sidata = LOADADDR (.data)

.data           0x0000000020000000        0xc load address 0x00000000080055f4
                0x0000000020000000                . = ALIGN (0x4)
                0x0000000020000000                _sdata = .
 *(.data)
 *(.data*)
 .data.SystemCoreClock
                0x0000000020000000        0x4 ./Core/Src/system_stm32f7xx.o
                0x0000000020000000                SystemCoreClock
 .data.uwTickPrio
                0x0000000020000004        0x4 ./Drivers/STM32F7xx_HAL_Driver/Src/stm32f7xx_hal.o
                0x0000000020000004                uwTickPrio
 .data.uwTickFreq
                0x0000000020000008        0x1 ./Drivers/STM32F7xx_HAL_Driver/Src/stm32f7xx_hal.o
                0x0000000020000008                uwTickFreq
 *(.RamFunc)
 *(.RamFunc*)
                0x000000002000000c                . = ALIGN (0x4)
 *fill*         0x0000000020000009        0x3 
                0x000000002000000c                _edata = .

.igot.plt       0x000000002000000c        0x0 load address 0x0000000008005600
 .igot.plt      0x000000002000000c        0x0 C:/ST/STM32CubeIDE_1.13.1/STM32CubeIDE/plugins/com.st.stm32cube.ide.mcu.externaltools.gnu-tools-for-stm32.11.3.rel1.win32_1.1.0.202305231506/tools/bin/../lib/gcc/arm-none-eabi/11.3.1/thumb/v7e-m+fp/hard/crtbegin.o
                0x000000002000000c                . = ALIGN (0x4)

.bss            0x000000002000000c      0x864 load address 0x0000000008005600
                0x000000002000000c                _sbss = .
                0x000000002000000c                __bss_start__ = _sbss
 *(.bss)
 .bss           0x000000002000000c       0x1c C:/ST/STM32CubeIDE_1.13.1/STM32CubeIDE/plugins/com.st.stm32cube.ide.mcu.externaltools.gnu-tools-for-stm32.11.3.rel1.win32_1.1.0.202305231506/tools/bin/../lib/gcc/arm-none-eabi/11.3.1/thumb/v7e-m+fp/hard/crtbegin.o
 *(.bss*)
 .bss.hspi1     0x0000000020000028       0x64 ./Core/Src/spi.o
                0x0000000020000028                hspi1
 .bss.hspi2     0x000000002000008c       0x64 ./Core/Src/spi.o
                0x000000002000008c                hspi2
 .bss.hspi3     0x00000000200000f0       0x64 ./Core/Src/spi.o
                0x00000000200000f0                hspi3
 .bss.hdma_spi1_rx
                0x0000000020000154       0x60 ./Core/Src/spi.o
                0x0000000020000154                hdma_spi1_rx
 .bss.hdma_spi1_tx
                0x00000000200001b4       0x60 ./Core/Src/spi.o
                0x00000000200001b4                hdma_spi1_tx
 .bss.hdma_spi2_rx
                0x0000000020000214       0x60 ./Core/Src/spi.o
                0x0000000020000214                hdma_spi2_rx
 .bss.hdma_spi2_tx
                0x0000000020000274       0x60 ./Core/Src/spi.o
                0x0000000020000274                hdma_spi2_tx
 .bss.huart3    0x00000000200002d4       0x88 ./Core/Src/usart.o
                0x00000000200002d4                huart3
 .bss.hpcd_USB_OTG_FS
                0x000000002000035c      0x508 ./Core/Src/usb_otg.o
                0x000000002000035c                hpcd_USB_OTG_FS
 .bss.uwTick    0x0000000020000864        0x4 ./Drivers/STM32F7xx_HAL_Driver/Src/stm32f7xx_hal.o
                0x0000000020000864                uwTick
 .bss.flag_1    0x0000000020000868        0x4 ./SPI_HW/Src/hw_main.o
                0x0000000020000868                flag_1
 .bss.flag_2    0x000000002000086c        0x4 ./SPI_HW/Src/hw_main.o
                0x000000002000086c                flag_2
 *(COMMON)
                0x0000000020000870                . = ALIGN (0x4)
                0x0000000020000870                _ebss = .
                0x0000000020000870                __bss_end__ = _ebss

._user_heap_stack
                0x0000000020000870      0x600 load address 0x0000000008005600
                0x0000000020000870                . = ALIGN (0x8)
                [!provide]                        PROVIDE (end = .)
                0x0000000020000870                PROVIDE (_end = .)
                0x0000000020000a70                . = (. + _Min_Heap_Size)
 *fill*         0x0000000020000870      0x200 
                0x0000000020000e70                . = (. + _Min_Stack_Size)
 *fill*         0x0000000020000a70      0x400 
                0x0000000020000e70                . = ALIGN (0x8)

/DISCARD/
 libc.a(*)
 libm.a(*)
 libgcc.a(*)

.ARM.attributes
                0x0000000000000000       0x30
 *(.ARM.attributes)
 .ARM.attributes
                0x0000000000000000       0x1e C:/ST/STM32CubeIDE_1.13.1/STM32CubeIDE/plugins/com.st.stm32cube.ide.mcu.externaltools.gnu-tools-for-stm32.11.3.rel1.win32_1.1.0.202305231506/tools/bin/../lib/gcc/arm-none-eabi/11.3.1/thumb/v7e-m+fp/hard/crti.o
 .ARM.attributes
                0x000000000000001e       0x34 C:/ST/STM32CubeIDE_1.13.1/STM32CubeIDE/plugins/com.st.stm32cube.ide.mcu.externaltools.gnu-tools-for-stm32.11.3.rel1.win32_1.1.0.202305231506/tools/bin/../lib/gcc/arm-none-eabi/11.3.1/thumb/v7e-m+fp/hard/crtbegin.o
 .ARM.attributes
                0x0000000000000052       0x34 ./Core/Src/dma.o
 .ARM.attributes
                0x0000000000000086       0x34 ./Core/Src/gpio.o
 .ARM.attributes
                0x00000000000000ba       0x34 ./Core/Src/main.o
 .ARM.attributes
                0x00000000000000ee       0x34 ./Core/Src/spi.o
 .ARM.attributes
                0x0000000000000122       0x34 ./Core/Src/stm32f7xx_hal_msp.o
 .ARM.attributes
                0x0000000000000156       0x34 ./Core/Src/stm32f7xx_it.o
 .ARM.attributes
                0x000000000000018a       0x34 ./Core/Src/system_stm32f7xx.o
 .ARM.attributes
                0x00000000000001be       0x34 ./Core/Src/usart.o
 .ARM.attributes
                0x00000000000001f2       0x34 ./Core/Src/usb_otg.o
 .ARM.attributes
                0x0000000000000226       0x21 ./Core/Startup/startup_stm32f746zgtx.o
 .ARM.attributes
                0x0000000000000247       0x34 ./Drivers/STM32F7xx_HAL_Driver/Src/stm32f7xx_hal.o
 .ARM.attributes
                0x000000000000027b       0x34 ./Drivers/STM32F7xx_HAL_Driver/Src/stm32f7xx_hal_cortex.o
 .ARM.attributes
                0x00000000000002af       0x34 ./Drivers/STM32F7xx_HAL_Driver/Src/stm32f7xx_hal_dma.o
 .ARM.attributes
                0x00000000000002e3       0x34 ./Drivers/STM32F7xx_HAL_Driver/Src/stm32f7xx_hal_gpio.o
 .ARM.attributes
                0x0000000000000317       0x34 ./Drivers/STM32F7xx_HAL_Driver/Src/stm32f7xx_hal_pcd.o
 .ARM.attributes
                0x000000000000034b       0x34 ./Drivers/STM32F7xx_HAL_Driver/Src/stm32f7xx_hal_pcd_ex.o
 .ARM.attributes
                0x000000000000037f       0x34 ./Drivers/STM32F7xx_HAL_Driver/Src/stm32f7xx_hal_pwr.o
 .ARM.attributes
                0x00000000000003b3       0x34 ./Drivers/STM32F7xx_HAL_Driver/Src/stm32f7xx_hal_rcc.o
 .ARM.attributes
                0x00000000000003e7       0x34 ./Drivers/STM32F7xx_HAL_Driver/Src/stm32f7xx_hal_rcc_ex.o
 .ARM.attributes
                0x000000000000041b       0x34 ./Drivers/STM32F7xx_HAL_Driver/Src/stm32f7xx_hal_spi.o
 .ARM.attributes
                0x000000000000044f       0x34 ./Drivers/STM32F7xx_HAL_Driver/Src/stm32f7xx_hal_uart.o
 .ARM.attributes
                0x0000000000000483       0x34 ./Drivers/STM32F7xx_HAL_Driver/Src/stm32f7xx_ll_usb.o
 .ARM.attributes
                0x00000000000004b7       0x34 ./SPI_HW/Src/hw_main.o
 .ARM.attributes
                0x00000000000004eb       0x34 C:/ST/STM32CubeIDE_1.13.1/STM32CubeIDE/plugins/com.st.stm32cube.ide.mcu.externaltools.gnu-tools-for-stm32.11.3.rel1.win32_1.1.0.202305231506/tools/bin/../lib/gcc/arm-none-eabi/11.3.1/../../../../arm-none-eabi/lib/thumb/v7e-m+fp/hard\libc_nano.a(libc_a-memset.o)
 .ARM.attributes
                0x000000000000051f       0x34 C:/ST/STM32CubeIDE_1.13.1/STM32CubeIDE/plugins/com.st.stm32cube.ide.mcu.externaltools.gnu-tools-for-stm32.11.3.rel1.win32_1.1.0.202305231506/tools/bin/../lib/gcc/arm-none-eabi/11.3.1/../../../../arm-none-eabi/lib/thumb/v7e-m+fp/hard\libc_nano.a(libc_a-init.o)
 .ARM.attributes
                0x0000000000000553       0x1e C:/ST/STM32CubeIDE_1.13.1/STM32CubeIDE/plugins/com.st.stm32cube.ide.mcu.externaltools.gnu-tools-for-stm32.11.3.rel1.win32_1.1.0.202305231506/tools/bin/../lib/gcc/arm-none-eabi/11.3.1/thumb/v7e-m+fp/hard\libgcc.a(_aeabi_uldivmod.o)
 .ARM.attributes
                0x0000000000000571       0x34 C:/ST/STM32CubeIDE_1.13.1/STM32CubeIDE/plugins/com.st.stm32cube.ide.mcu.externaltools.gnu-tools-for-stm32.11.3.rel1.win32_1.1.0.202305231506/tools/bin/../lib/gcc/arm-none-eabi/11.3.1/thumb/v7e-m+fp/hard\libgcc.a(_udivmoddi4.o)
 .ARM.attributes
                0x00000000000005a5       0x1e C:/ST/STM32CubeIDE_1.13.1/STM32CubeIDE/plugins/com.st.stm32cube.ide.mcu.externaltools.gnu-tools-for-stm32.11.3.rel1.win32_1.1.0.202305231506/tools/bin/../lib/gcc/arm-none-eabi/11.3.1/thumb/v7e-m+fp/hard\libgcc.a(_dvmd_tls.o)
 .ARM.attributes
                0x00000000000005c3       0x1e C:/ST/STM32CubeIDE_1.13.1/STM32CubeIDE/plugins/com.st.stm32cube.ide.mcu.externaltools.gnu-tools-for-stm32.11.3.rel1.win32_1.1.0.202305231506/tools/bin/../lib/gcc/arm-none-eabi/11.3.1/thumb/v7e-m+fp/hard/crtn.o
OUTPUT(Homework_SPI.elf elf32-littlearm)
LOAD linker stubs
LOAD C:/ST/STM32CubeIDE_1.13.1/STM32CubeIDE/plugins/com.st.stm32cube.ide.mcu.externaltools.gnu-tools-for-stm32.11.3.rel1.win32_1.1.0.202305231506/tools/bin/../lib/gcc/arm-none-eabi/11.3.1/../../../../arm-none-eabi/lib/thumb/v7e-m+fp/hard\libc.a
LOAD C:/ST/STM32CubeIDE_1.13.1/STM32CubeIDE/plugins/com.st.stm32cube.ide.mcu.externaltools.gnu-tools-for-stm32.11.3.rel1.win32_1.1.0.202305231506/tools/bin/../lib/gcc/arm-none-eabi/11.3.1/../../../../arm-none-eabi/lib/thumb/v7e-m+fp/hard\libm.a
LOAD C:/ST/STM32CubeIDE_1.13.1/STM32CubeIDE/plugins/com.st.stm32cube.ide.mcu.externaltools.gnu-tools-for-stm32.11.3.rel1.win32_1.1.0.202305231506/tools/bin/../lib/gcc/arm-none-eabi/11.3.1/thumb/v7e-m+fp/hard\libgcc.a

.comment        0x0000000000000000       0x43
 .comment       0x0000000000000000       0x43 C:/ST/STM32CubeIDE_1.13.1/STM32CubeIDE/plugins/com.st.stm32cube.ide.mcu.externaltools.gnu-tools-for-stm32.11.3.rel1.win32_1.1.0.202305231506/tools/bin/../lib/gcc/arm-none-eabi/11.3.1/thumb/v7e-m+fp/hard/crtbegin.o
                                         0x44 (size before relaxing)
 .comment       0x0000000000000043       0x44 ./Core/Src/dma.o
 .comment       0x0000000000000043       0x44 ./Core/Src/gpio.o
 .comment       0x0000000000000043       0x44 ./Core/Src/main.o
 .comment       0x0000000000000043       0x44 ./Core/Src/spi.o
 .comment       0x0000000000000043       0x44 ./Core/Src/stm32f7xx_hal_msp.o
 .comment       0x0000000000000043       0x44 ./Core/Src/stm32f7xx_it.o
 .comment       0x0000000000000043       0x44 ./Core/Src/system_stm32f7xx.o
 .comment       0x0000000000000043       0x44 ./Core/Src/usart.o
 .comment       0x0000000000000043       0x44 ./Core/Src/usb_otg.o
 .comment       0x0000000000000043       0x44 ./Drivers/STM32F7xx_HAL_Driver/Src/stm32f7xx_hal.o
 .comment       0x0000000000000043       0x44 ./Drivers/STM32F7xx_HAL_Driver/Src/stm32f7xx_hal_cortex.o
 .comment       0x0000000000000043       0x44 ./Drivers/STM32F7xx_HAL_Driver/Src/stm32f7xx_hal_dma.o
 .comment       0x0000000000000043       0x44 ./Drivers/STM32F7xx_HAL_Driver/Src/stm32f7xx_hal_gpio.o
 .comment       0x0000000000000043       0x44 ./Drivers/STM32F7xx_HAL_Driver/Src/stm32f7xx_hal_pcd.o
 .comment       0x0000000000000043       0x44 ./Drivers/STM32F7xx_HAL_Driver/Src/stm32f7xx_hal_pcd_ex.o
 .comment       0x0000000000000043       0x44 ./Drivers/STM32F7xx_HAL_Driver/Src/stm32f7xx_hal_pwr.o
 .comment       0x0000000000000043       0x44 ./Drivers/STM32F7xx_HAL_Driver/Src/stm32f7xx_hal_rcc.o
 .comment       0x0000000000000043       0x44 ./Drivers/STM32F7xx_HAL_Driver/Src/stm32f7xx_hal_rcc_ex.o
 .comment       0x0000000000000043       0x44 ./Drivers/STM32F7xx_HAL_Driver/Src/stm32f7xx_hal_spi.o
 .comment       0x0000000000000043       0x44 ./Drivers/STM32F7xx_HAL_Driver/Src/stm32f7xx_hal_uart.o
 .comment       0x0000000000000043       0x44 ./Drivers/STM32F7xx_HAL_Driver/Src/stm32f7xx_ll_usb.o
 .comment       0x0000000000000043       0x44 ./SPI_HW/Src/hw_main.o

.debug_info     0x0000000000000000    0x11a6f
 .debug_info    0x0000000000000000      0x54a ./Core/Src/dma.o
 .debug_info    0x000000000000054a      0x47d ./Core/Src/gpio.o
 .debug_info    0x00000000000009c7      0x509 ./Core/Src/main.o
 .debug_info    0x0000000000000ed0      0xdf9 ./Core/Src/spi.o
 .debug_info    0x0000000000001cc9      0x28d ./Core/Src/stm32f7xx_hal_msp.o
 .debug_info    0x0000000000001f56      0x738 ./Core/Src/stm32f7xx_it.o
 .debug_info    0x000000000000268e      0x6ed ./Core/Src/system_stm32f7xx.o
 .debug_info    0x0000000000002d7b      0xc5a ./Core/Src/usart.o
 .debug_info    0x00000000000039d5      0xbde ./Core/Src/usb_otg.o
 .debug_info    0x00000000000045b3       0x23 ./Core/Startup/startup_stm32f746zgtx.o
 .debug_info    0x00000000000045d6      0x9d8 ./Drivers/STM32F7xx_HAL_Driver/Src/stm32f7xx_hal.o
 .debug_info    0x0000000000004fae      0xf49 ./Drivers/STM32F7xx_HAL_Driver/Src/stm32f7xx_hal_cortex.o
 .debug_info    0x0000000000005ef7      0x8e7 ./Drivers/STM32F7xx_HAL_Driver/Src/stm32f7xx_hal_dma.o
 .debug_info    0x00000000000067de      0x6e7 ./Drivers/STM32F7xx_HAL_Driver/Src/stm32f7xx_hal_gpio.o
 .debug_info    0x0000000000006ec5     0x156c ./Drivers/STM32F7xx_HAL_Driver/Src/stm32f7xx_hal_pcd.o
 .debug_info    0x0000000000008431      0x78b ./Drivers/STM32F7xx_HAL_Driver/Src/stm32f7xx_hal_pcd_ex.o
 .debug_info    0x0000000000008bbc      0x90e ./Drivers/STM32F7xx_HAL_Driver/Src/stm32f7xx_hal_pwr.o
 .debug_info    0x00000000000094ca      0x8dc ./Drivers/STM32F7xx_HAL_Driver/Src/stm32f7xx_hal_rcc.o
 .debug_info    0x0000000000009da6      0x6bd ./Drivers/STM32F7xx_HAL_Driver/Src/stm32f7xx_hal_rcc_ex.o
 .debug_info    0x000000000000a463     0x169b ./Drivers/STM32F7xx_HAL_Driver/Src/stm32f7xx_hal_spi.o
 .debug_info    0x000000000000bafe     0x3a47 ./Drivers/STM32F7xx_HAL_Driver/Src/stm32f7xx_hal_uart.o
 .debug_info    0x000000000000f545     0x19bc ./Drivers/STM32F7xx_HAL_Driver/Src/stm32f7xx_ll_usb.o
 .debug_info    0x0000000000010f01      0xb6e ./SPI_HW/Src/hw_main.o

.debug_abbrev   0x0000000000000000     0x2d13
 .debug_abbrev  0x0000000000000000      0x11b ./Core/Src/dma.o
 .debug_abbrev  0x000000000000011b      0x152 ./Core/Src/gpio.o
 .debug_abbrev  0x000000000000026d      0x1ea ./Core/Src/main.o
 .debug_abbrev  0x0000000000000457      0x26a ./Core/Src/spi.o
 .debug_abbrev  0x00000000000006c1       0xd8 ./Core/Src/stm32f7xx_hal_msp.o
 .debug_abbrev  0x0000000000000799      0x19c ./Core/Src/stm32f7xx_it.o
 .debug_abbrev  0x0000000000000935      0x13b ./Core/Src/system_stm32f7xx.o
 .debug_abbrev  0x0000000000000a70      0x1f9 ./Core/Src/usart.o
 .debug_abbrev  0x0000000000000c69      0x230 ./Core/Src/usb_otg.o
 .debug_abbrev  0x0000000000000e99       0x12 ./Core/Startup/startup_stm32f746zgtx.o
 .debug_abbrev  0x0000000000000eab      0x213 ./Drivers/STM32F7xx_HAL_Driver/Src/stm32f7xx_hal.o
 .debug_abbrev  0x00000000000010be      0x329 ./Drivers/STM32F7xx_HAL_Driver/Src/stm32f7xx_hal_cortex.o
 .debug_abbrev  0x00000000000013e7      0x264 ./Drivers/STM32F7xx_HAL_Driver/Src/stm32f7xx_hal_dma.o
 .debug_abbrev  0x000000000000164b      0x1d4 ./Drivers/STM32F7xx_HAL_Driver/Src/stm32f7xx_hal_gpio.o
 .debug_abbrev  0x000000000000181f      0x2e7 ./Drivers/STM32F7xx_HAL_Driver/Src/stm32f7xx_hal_pcd.o
 .debug_abbrev  0x0000000000001b06      0x1ca ./Drivers/STM32F7xx_HAL_Driver/Src/stm32f7xx_hal_pcd_ex.o
 .debug_abbrev  0x0000000000001cd0      0x1c5 ./Drivers/STM32F7xx_HAL_Driver/Src/stm32f7xx_hal_pwr.o
 .debug_abbrev  0x0000000000001e95      0x288 ./Drivers/STM32F7xx_HAL_Driver/Src/stm32f7xx_hal_rcc.o
 .debug_abbrev  0x000000000000211d      0x1c9 ./Drivers/STM32F7xx_HAL_Driver/Src/stm32f7xx_hal_rcc_ex.o
 .debug_abbrev  0x00000000000022e6      0x269 ./Drivers/STM32F7xx_HAL_Driver/Src/stm32f7xx_hal_spi.o
 .debug_abbrev  0x000000000000254f      0x2e6 ./Drivers/STM32F7xx_HAL_Driver/Src/stm32f7xx_hal_uart.o
 .debug_abbrev  0x0000000000002835      0x28c ./Drivers/STM32F7xx_HAL_Driver/Src/stm32f7xx_ll_usb.o
 .debug_abbrev  0x0000000000002ac1      0x252 ./SPI_HW/Src/hw_main.o

.debug_aranges  0x0000000000000000      0xe08
 .debug_aranges
                0x0000000000000000       0x20 ./Core/Src/dma.o
 .debug_aranges
                0x0000000000000020       0x20 ./Core/Src/gpio.o
 .debug_aranges
                0x0000000000000040       0x30 ./Core/Src/main.o
 .debug_aranges
                0x0000000000000070       0x40 ./Core/Src/spi.o
 .debug_aranges
                0x00000000000000b0       0x20 ./Core/Src/stm32f7xx_hal_msp.o
 .debug_aranges
                0x00000000000000d0       0x98 ./Core/Src/stm32f7xx_it.o
 .debug_aranges
                0x0000000000000168       0x28 ./Core/Src/system_stm32f7xx.o
 .debug_aranges
                0x0000000000000190       0x30 ./Core/Src/usart.o
 .debug_aranges
                0x00000000000001c0       0x30 ./Core/Src/usb_otg.o
 .debug_aranges
                0x00000000000001f0       0x28 ./Core/Startup/startup_stm32f746zgtx.o
 .debug_aranges
                0x0000000000000218      0x100 ./Drivers/STM32F7xx_HAL_Driver/Src/stm32f7xx_hal.o
 .debug_aranges
                0x0000000000000318      0x118 ./Drivers/STM32F7xx_HAL_Driver/Src/stm32f7xx_hal_cortex.o
 .debug_aranges
                0x0000000000000430       0x90 ./Drivers/STM32F7xx_HAL_Driver/Src/stm32f7xx_hal_dma.o
 .debug_aranges
                0x00000000000004c0       0x58 ./Drivers/STM32F7xx_HAL_Driver/Src/stm32f7xx_hal_gpio.o
 .debug_aranges
                0x0000000000000518      0x148 ./Drivers/STM32F7xx_HAL_Driver/Src/stm32f7xx_hal_pcd.o
 .debug_aranges
                0x0000000000000660       0x48 ./Drivers/STM32F7xx_HAL_Driver/Src/stm32f7xx_hal_pcd_ex.o
 .debug_aranges
                0x00000000000006a8       0xa0 ./Drivers/STM32F7xx_HAL_Driver/Src/stm32f7xx_hal_pwr.o
 .debug_aranges
                0x0000000000000748       0x88 ./Drivers/STM32F7xx_HAL_Driver/Src/stm32f7xx_hal_rcc.o
 .debug_aranges
                0x00000000000007d0       0x50 ./Drivers/STM32F7xx_HAL_Driver/Src/stm32f7xx_hal_rcc_ex.o
 .debug_aranges
                0x0000000000000820      0x1d8 ./Drivers/STM32F7xx_HAL_Driver/Src/stm32f7xx_hal_spi.o
 .debug_aranges
                0x00000000000009f8      0x228 ./Drivers/STM32F7xx_HAL_Driver/Src/stm32f7xx_hal_uart.o
 .debug_aranges
                0x0000000000000c20      0x1a8 ./Drivers/STM32F7xx_HAL_Driver/Src/stm32f7xx_ll_usb.o
 .debug_aranges
                0x0000000000000dc8       0x40 ./SPI_HW/Src/hw_main.o

.debug_rnglists
                0x0000000000000000      0xab2
 .debug_rnglists
                0x0000000000000000       0x14 ./Core/Src/dma.o
 .debug_rnglists
                0x0000000000000014       0x14 ./Core/Src/gpio.o
 .debug_rnglists
                0x0000000000000028       0x20 ./Core/Src/main.o
 .debug_rnglists
                0x0000000000000048       0x2d ./Core/Src/spi.o
 .debug_rnglists
                0x0000000000000075       0x13 ./Core/Src/stm32f7xx_hal_msp.o
 .debug_rnglists
                0x0000000000000088       0x6d ./Core/Src/stm32f7xx_it.o
 .debug_rnglists
                0x00000000000000f5       0x1a ./Core/Src/system_stm32f7xx.o
 .debug_rnglists
                0x000000000000010f       0x20 ./Core/Src/usart.o
 .debug_rnglists
                0x000000000000012f       0x20 ./Core/Src/usb_otg.o
 .debug_rnglists
                0x000000000000014f       0x19 ./Core/Startup/startup_stm32f746zgtx.o
 .debug_rnglists
                0x0000000000000168       0xbb ./Drivers/STM32F7xx_HAL_Driver/Src/stm32f7xx_hal.o
 .debug_rnglists
                0x0000000000000223       0xce ./Drivers/STM32F7xx_HAL_Driver/Src/stm32f7xx_hal_cortex.o
 .debug_rnglists
                0x00000000000002f1       0x70 ./Drivers/STM32F7xx_HAL_Driver/Src/stm32f7xx_hal_dma.o
 .debug_rnglists
                0x0000000000000361       0x3f ./Drivers/STM32F7xx_HAL_Driver/Src/stm32f7xx_hal_gpio.o
 .debug_rnglists
                0x00000000000003a0       0xfc ./Drivers/STM32F7xx_HAL_Driver/Src/stm32f7xx_hal_pcd.o
 .debug_rnglists
                0x000000000000049c       0x32 ./Drivers/STM32F7xx_HAL_Driver/Src/stm32f7xx_hal_pcd_ex.o
 .debug_rnglists
                0x00000000000004ce       0x74 ./Drivers/STM32F7xx_HAL_Driver/Src/stm32f7xx_hal_pwr.o
 .debug_rnglists
                0x0000000000000542       0x67 ./Drivers/STM32F7xx_HAL_Driver/Src/stm32f7xx_hal_rcc.o
 .debug_rnglists
                0x00000000000005a9       0x3c ./Drivers/STM32F7xx_HAL_Driver/Src/stm32f7xx_hal_rcc_ex.o
 .debug_rnglists
                0x00000000000005e5      0x178 ./Drivers/STM32F7xx_HAL_Driver/Src/stm32f7xx_hal_spi.o
 .debug_rnglists
                0x000000000000075d      0x1d9 ./Drivers/STM32F7xx_HAL_Driver/Src/stm32f7xx_hal_uart.o
 .debug_rnglists
                0x0000000000000936      0x14e ./Drivers/STM32F7xx_HAL_Driver/Src/stm32f7xx_ll_usb.o
 .debug_rnglists
                0x0000000000000a84       0x2e ./SPI_HW/Src/hw_main.o

.debug_macro    0x0000000000000000    0x263b3
 .debug_macro   0x0000000000000000      0x220 ./Core/Src/dma.o
 .debug_macro   0x0000000000000220      0xaa8 ./Core/Src/dma.o
 .debug_macro   0x0000000000000cc8      0x299 ./Core/Src/dma.o
 .debug_macro   0x0000000000000f61       0x2e ./Core/Src/dma.o
 .debug_macro   0x0000000000000f8f       0x3b ./Core/Src/dma.o
 .debug_macro   0x0000000000000fca       0x22 ./Core/Src/dma.o
 .debug_macro   0x0000000000000fec       0x8e ./Core/Src/dma.o
 .debug_macro   0x000000000000107a       0x51 ./Core/Src/dma.o
 .debug_macro   0x00000000000010cb      0x103 ./Core/Src/dma.o
 .debug_macro   0x00000000000011ce       0x6a ./Core/Src/dma.o
 .debug_macro   0x0000000000001238      0x1df ./Core/Src/dma.o
 .debug_macro   0x0000000000001417       0x1c ./Core/Src/dma.o
 .debug_macro   0x0000000000001433       0x22 ./Core/Src/dma.o
 .debug_macro   0x0000000000001455       0xd9 ./Core/Src/dma.o
 .debug_macro   0x000000000000152e     0x12cd ./Core/Src/dma.o
 .debug_macro   0x00000000000027fb      0x11f ./Core/Src/dma.o
 .debug_macro   0x000000000000291a       0x19 ./Core/Src/dma.o
 .debug_macro   0x0000000000002933    0x1920a ./Core/Src/dma.o
 .debug_macro   0x000000000001bb3d       0x6d ./Core/Src/dma.o
 .debug_macro   0x000000000001bbaa     0x3749 ./Core/Src/dma.o
 .debug_macro   0x000000000001f2f3      0x174 ./Core/Src/dma.o
 .debug_macro   0x000000000001f467       0x63 ./Core/Src/dma.o
 .debug_macro   0x000000000001f4ca     0x18ad ./Core/Src/dma.o
 .debug_macro   0x0000000000020d77      0x6c4 ./Core/Src/dma.o
 .debug_macro   0x000000000002143b      0x185 ./Core/Src/dma.o
 .debug_macro   0x00000000000215c0      0x115 ./Core/Src/dma.o
 .debug_macro   0x00000000000216d5      0x1fd ./Core/Src/dma.o
 .debug_macro   0x00000000000218d2       0xa5 ./Core/Src/dma.o
 .debug_macro   0x0000000000021977      0x24f ./Core/Src/dma.o
 .debug_macro   0x0000000000021bc6       0x41 ./Core/Src/dma.o
 .debug_macro   0x0000000000021c07       0x58 ./Core/Src/dma.o
 .debug_macro   0x0000000000021c5f      0x236 ./Core/Src/dma.o
 .debug_macro   0x0000000000021e95      0x14e ./Core/Src/dma.o
 .debug_macro   0x0000000000021fe3      0x25a ./Core/Src/dma.o
 .debug_macro   0x000000000002223d       0x12 ./Core/Src/dma.o
 .debug_macro   0x000000000002224f      0x22c ./Core/Src/dma.o
 .debug_macro   0x000000000002247b       0x61 ./Core/Src/dma.o
 .debug_macro   0x00000000000224dc       0xa5 ./Core/Src/dma.o
 .debug_macro   0x0000000000022581      0x12e ./Core/Src/dma.o
 .debug_macro   0x00000000000226af      0x108 ./Core/Src/dma.o
 .debug_macro   0x00000000000227b7       0x35 ./Core/Src/dma.o
 .debug_macro   0x00000000000227ec      0x2fe ./Core/Src/dma.o
 .debug_macro   0x0000000000022aea      0x56d ./Core/Src/dma.o
 .debug_macro   0x0000000000023057       0x44 ./Core/Src/dma.o
 .debug_macro   0x000000000002309b      0x256 ./Core/Src/dma.o
 .debug_macro   0x00000000000232f1       0xba ./Core/Src/dma.o
 .debug_macro   0x00000000000233ab      0x14d ./Core/Src/dma.o
 .debug_macro   0x00000000000234f8      0x130 ./Core/Src/dma.o
 .debug_macro   0x0000000000023628      0x220 ./Core/Src/gpio.o
 .debug_macro   0x0000000000023848      0x256 ./Core/Src/main.o
 .debug_macro   0x0000000000023a9e      0x220 ./Core/Src/spi.o
 .debug_macro   0x0000000000023cbe      0x216 ./Core/Src/stm32f7xx_hal_msp.o
 .debug_macro   0x0000000000023ed4      0x220 ./Core/Src/stm32f7xx_it.o
 .debug_macro   0x00000000000240f4      0x207 ./Core/Src/system_stm32f7xx.o
 .debug_macro   0x00000000000242fb      0x220 ./Core/Src/usart.o
 .debug_macro   0x000000000002451b      0x220 ./Core/Src/usb_otg.o
 .debug_macro   0x000000000002473b      0x22b ./Drivers/STM32F7xx_HAL_Driver/Src/stm32f7xx_hal.o
 .debug_macro   0x0000000000024966      0x207 ./Drivers/STM32F7xx_HAL_Driver/Src/stm32f7xx_hal_cortex.o
 .debug_macro   0x0000000000024b6d      0x20d ./Drivers/STM32F7xx_HAL_Driver/Src/stm32f7xx_hal_dma.o
 .debug_macro   0x0000000000024d7a      0x20d ./Drivers/STM32F7xx_HAL_Driver/Src/stm32f7xx_hal_gpio.o
 .debug_macro   0x0000000000024f87      0x213 ./Drivers/STM32F7xx_HAL_Driver/Src/stm32f7xx_hal_pcd.o
 .debug_macro   0x000000000002519a      0x207 ./Drivers/STM32F7xx_HAL_Driver/Src/stm32f7xx_hal_pcd_ex.o
 .debug_macro   0x00000000000253a1      0x225 ./Drivers/STM32F7xx_HAL_Driver/Src/stm32f7xx_hal_pwr.o
 .debug_macro   0x00000000000255c6      0x22b ./Drivers/STM32F7xx_HAL_Driver/Src/stm32f7xx_hal_rcc.o
 .debug_macro   0x00000000000257f1      0x207 ./Drivers/STM32F7xx_HAL_Driver/Src/stm32f7xx_hal_rcc_ex.o
 .debug_macro   0x00000000000259f8      0x216 ./Drivers/STM32F7xx_HAL_Driver/Src/stm32f7xx_hal_spi.o
 .debug_macro   0x0000000000025c0e      0x224 ./Drivers/STM32F7xx_HAL_Driver/Src/stm32f7xx_hal_uart.o
 .debug_macro   0x0000000000025e32      0x207 ./Drivers/STM32F7xx_HAL_Driver/Src/stm32f7xx_ll_usb.o
 .debug_macro   0x0000000000026039      0x37a ./SPI_HW/Src/hw_main.o

.debug_line     0x0000000000000000    0x13e9c
 .debug_line    0x0000000000000000      0x7bb ./Core/Src/dma.o
 .debug_line    0x00000000000007bb      0x82c ./Core/Src/gpio.o
 .debug_line    0x0000000000000fe7      0x8b5 ./Core/Src/main.o
 .debug_line    0x000000000000189c      0xa33 ./Core/Src/spi.o
 .debug_line    0x00000000000022cf      0x7b9 ./Core/Src/stm32f7xx_hal_msp.o
 .debug_line    0x0000000000002a88      0x923 ./Core/Src/stm32f7xx_it.o
 .debug_line    0x00000000000033ab      0x838 ./Core/Src/system_stm32f7xx.o
 .debug_line    0x0000000000003be3      0x83a ./Core/Src/usart.o
 .debug_line    0x000000000000441d      0x849 ./Core/Src/usb_otg.o
 .debug_line    0x0000000000004c66       0x7a ./Core/Startup/startup_stm32f746zgtx.o
 .debug_line    0x0000000000004ce0      0xac9 ./Drivers/STM32F7xx_HAL_Driver/Src/stm32f7xx_hal.o
 .debug_line    0x00000000000057a9      0xd4f ./Drivers/STM32F7xx_HAL_Driver/Src/stm32f7xx_hal_cortex.o
 .debug_line    0x00000000000064f8     0x1018 ./Drivers/STM32F7xx_HAL_Driver/Src/stm32f7xx_hal_dma.o
 .debug_line    0x0000000000007510      0xc3d ./Drivers/STM32F7xx_HAL_Driver/Src/stm32f7xx_hal_gpio.o
 .debug_line    0x000000000000814d     0x1518 ./Drivers/STM32F7xx_HAL_Driver/Src/stm32f7xx_hal_pcd.o
 .debug_line    0x0000000000009665      0x8ca ./Drivers/STM32F7xx_HAL_Driver/Src/stm32f7xx_hal_pcd_ex.o
 .debug_line    0x0000000000009f2f      0x9cd ./Drivers/STM32F7xx_HAL_Driver/Src/stm32f7xx_hal_pwr.o
 .debug_line    0x000000000000a8fc      0xf09 ./Drivers/STM32F7xx_HAL_Driver/Src/stm32f7xx_hal_rcc.o
 .debug_line    0x000000000000b805      0xebd ./Drivers/STM32F7xx_HAL_Driver/Src/stm32f7xx_hal_rcc_ex.o
 .debug_line    0x000000000000c6c2     0x201f ./Drivers/STM32F7xx_HAL_Driver/Src/stm32f7xx_hal_spi.o
 .debug_line    0x000000000000e6e1     0x317a ./Drivers/STM32F7xx_HAL_Driver/Src/stm32f7xx_hal_uart.o
 .debug_line    0x000000000001185b     0x1b85 ./Drivers/STM32F7xx_HAL_Driver/Src/stm32f7xx_ll_usb.o
 .debug_line    0x00000000000133e0      0xabc ./SPI_HW/Src/hw_main.o

.debug_str      0x0000000000000000    0xea9de
 .debug_str     0x0000000000000000    0xe2fd4 ./Core/Src/dma.o
                                      0xe36aa (size before relaxing)
 .debug_str     0x00000000000e2fd4       0xed ./Core/Src/gpio.o
                                      0xe31b5 (size before relaxing)
 .debug_str     0x00000000000e30c1      0x272 ./Core/Src/main.o
                                      0xe3358 (size before relaxing)
 .debug_str     0x00000000000e3333      0x4a6 ./Core/Src/spi.o
                                      0xe3ca9 (size before relaxing)
 .debug_str     0x00000000000e37d9       0x2c ./Core/Src/stm32f7xx_hal_msp.o
                                      0xe30d8 (size before relaxing)
 .debug_str     0x00000000000e3805      0x17f ./Core/Src/stm32f7xx_it.o
                                      0xe35ba (size before relaxing)
 .debug_str     0x00000000000e3984      0x1a4 ./Core/Src/system_stm32f7xx.o
                                      0xe2d90 (size before relaxing)
 .debug_str     0x00000000000e3b28      0x463 ./Core/Src/usart.o
                                      0xe391e (size before relaxing)
 .debug_str     0x00000000000e3f8b      0x3ca ./Core/Src/usb_otg.o
                                      0xe3890 (size before relaxing)
 .debug_str     0x00000000000e4355       0x34 ./Core/Startup/startup_stm32f746zgtx.o
                                         0x74 (size before relaxing)
 .debug_str     0x00000000000e4389      0x40c ./Drivers/STM32F7xx_HAL_Driver/Src/stm32f7xx_hal.o
                                      0xe36f9 (size before relaxing)
 .debug_str     0x00000000000e4795      0x31c ./Drivers/STM32F7xx_HAL_Driver/Src/stm32f7xx_hal_cortex.o
                                      0xe36e4 (size before relaxing)
 .debug_str     0x00000000000e4ab1      0x2f6 ./Drivers/STM32F7xx_HAL_Driver/Src/stm32f7xx_hal_dma.o
                                      0xe30cf (size before relaxing)
 .debug_str     0x00000000000e4da7      0x105 ./Drivers/STM32F7xx_HAL_Driver/Src/stm32f7xx_hal_gpio.o
                                      0xe2e4e (size before relaxing)
 .debug_str     0x00000000000e4eac      0x837 ./Drivers/STM32F7xx_HAL_Driver/Src/stm32f7xx_hal_pcd.o
                                      0xe37ad (size before relaxing)
 .debug_str     0x00000000000e56e3      0x12d ./Drivers/STM32F7xx_HAL_Driver/Src/stm32f7xx_hal_pcd_ex.o
                                      0xe30ae (size before relaxing)
 .debug_str     0x00000000000e5810      0x2ac ./Drivers/STM32F7xx_HAL_Driver/Src/stm32f7xx_hal_pwr.o
                                      0xe3031 (size before relaxing)
 .debug_str     0x00000000000e5abc      0x23e ./Drivers/STM32F7xx_HAL_Driver/Src/stm32f7xx_hal_rcc.o
                                      0xe30f2 (size before relaxing)
 .debug_str     0x00000000000e5cfa      0x14f ./Drivers/STM32F7xx_HAL_Driver/Src/stm32f7xx_hal_rcc_ex.o
                                      0xe302a (size before relaxing)
 .debug_str     0x00000000000e5e49      0x59a ./Drivers/STM32F7xx_HAL_Driver/Src/stm32f7xx_hal_spi.o
                                      0xe35d0 (size before relaxing)
 .debug_str     0x00000000000e63e3      0x84e ./Drivers/STM32F7xx_HAL_Driver/Src/stm32f7xx_hal_uart.o
                                      0xe3a3f (size before relaxing)
 .debug_str     0x00000000000e6c31      0x460 ./Drivers/STM32F7xx_HAL_Driver/Src/stm32f7xx_ll_usb.o
                                      0xe3633 (size before relaxing)
 .debug_str     0x00000000000e7091     0x394d ./SPI_HW/Src/hw_main.o
                                      0xe6ff1 (size before relaxing)

.debug_frame    0x0000000000000000     0x3860
 .debug_frame   0x0000000000000000       0x34 ./Core/Src/dma.o
 .debug_frame   0x0000000000000034       0x34 ./Core/Src/gpio.o
 .debug_frame   0x0000000000000068       0x68 ./Core/Src/main.o
 .debug_frame   0x00000000000000d0       0xb0 ./Core/Src/spi.o
 .debug_frame   0x0000000000000180       0x38 ./Core/Src/stm32f7xx_hal_msp.o
 .debug_frame   0x00000000000001b8      0x1c8 ./Core/Src/stm32f7xx_it.o
 .debug_frame   0x0000000000000380       0x58 ./Core/Src/system_stm32f7xx.o
 .debug_frame   0x00000000000003d8       0x78 ./Core/Src/usart.o
 .debug_frame   0x0000000000000450       0x78 ./Core/Src/usb_otg.o
 .debug_frame   0x00000000000004c8      0x3b4 ./Drivers/STM32F7xx_HAL_Driver/Src/stm32f7xx_hal.o
 .debug_frame   0x000000000000087c      0x498 ./Drivers/STM32F7xx_HAL_Driver/Src/stm32f7xx_hal_cortex.o
 .debug_frame   0x0000000000000d14      0x250 ./Drivers/STM32F7xx_HAL_Driver/Src/stm32f7xx_hal_dma.o
 .debug_frame   0x0000000000000f64      0x14c ./Drivers/STM32F7xx_HAL_Driver/Src/stm32f7xx_hal_gpio.o
 .debug_frame   0x00000000000010b0      0x5bc ./Drivers/STM32F7xx_HAL_Driver/Src/stm32f7xx_hal_pcd.o
 .debug_frame   0x000000000000166c      0x100 ./Drivers/STM32F7xx_HAL_Driver/Src/stm32f7xx_hal_pcd_ex.o
 .debug_frame   0x000000000000176c      0x254 ./Drivers/STM32F7xx_HAL_Driver/Src/stm32f7xx_hal_pwr.o
 .debug_frame   0x00000000000019c0      0x1f8 ./Drivers/STM32F7xx_HAL_Driver/Src/stm32f7xx_hal_rcc.o
 .debug_frame   0x0000000000001bb8      0x118 ./Drivers/STM32F7xx_HAL_Driver/Src/stm32f7xx_hal_rcc_ex.o
 .debug_frame   0x0000000000001cd0      0x860 ./Drivers/STM32F7xx_HAL_Driver/Src/stm32f7xx_hal_spi.o
 .debug_frame   0x0000000000002530      0x9e4 ./Drivers/STM32F7xx_HAL_Driver/Src/stm32f7xx_hal_uart.o
 .debug_frame   0x0000000000002f14      0x7e8 ./Drivers/STM32F7xx_HAL_Driver/Src/stm32f7xx_ll_usb.o
 .debug_frame   0x00000000000036fc       0xb8 ./SPI_HW/Src/hw_main.o
 .debug_frame   0x00000000000037b4       0x20 C:/ST/STM32CubeIDE_1.13.1/STM32CubeIDE/plugins/com.st.stm32cube.ide.mcu.externaltools.gnu-tools-for-stm32.11.3.rel1.win32_1.1.0.202305231506/tools/bin/../lib/gcc/arm-none-eabi/11.3.1/../../../../arm-none-eabi/lib/thumb/v7e-m+fp/hard\libc_nano.a(libc_a-memset.o)
 .debug_frame   0x00000000000037d4       0x2c C:/ST/STM32CubeIDE_1.13.1/STM32CubeIDE/plugins/com.st.stm32cube.ide.mcu.externaltools.gnu-tools-for-stm32.11.3.rel1.win32_1.1.0.202305231506/tools/bin/../lib/gcc/arm-none-eabi/11.3.1/../../../../arm-none-eabi/lib/thumb/v7e-m+fp/hard\libc_nano.a(libc_a-init.o)
 .debug_frame   0x0000000000003800       0x2c C:/ST/STM32CubeIDE_1.13.1/STM32CubeIDE/plugins/com.st.stm32cube.ide.mcu.externaltools.gnu-tools-for-stm32.11.3.rel1.win32_1.1.0.202305231506/tools/bin/../lib/gcc/arm-none-eabi/11.3.1/thumb/v7e-m+fp/hard\libgcc.a(_aeabi_uldivmod.o)
 .debug_frame   0x000000000000382c       0x34 C:/ST/STM32CubeIDE_1.13.1/STM32CubeIDE/plugins/com.st.stm32cube.ide.mcu.externaltools.gnu-tools-for-stm32.11.3.rel1.win32_1.1.0.202305231506/tools/bin/../lib/gcc/arm-none-eabi/11.3.1/thumb/v7e-m+fp/hard\libgcc.a(_udivmoddi4.o)

.debug_line_str
                0x0000000000000000       0x68
 .debug_line_str
                0x0000000000000000       0x68 ./Core/Startup/startup_stm32f746zgtx.o
                                         0x80 (size before relaxing)
