../Drivers/STM32F7xx_HAL_Driver/Src/stm32f7xx_hal_rng.c:155:19:HAL_RNG_Init	16	static
../Drivers/STM32F7xx_HAL_Driver/Src/stm32f7xx_hal_rng.c:216:19:HAL_RNG_DeInit	16	static
../Drivers/STM32F7xx_HAL_Driver/Src/stm32f7xx_hal_rng.c:262:13:HAL_RNG_MspInit	16	static
../Drivers/STM32F7xx_HAL_Driver/Src/stm32f7xx_hal_rng.c:277:13:HAL_RNG_MspDeInit	16	static
../Drivers/STM32F7xx_HAL_Driver/Src/stm32f7xx_hal_rng.c:552:19:HAL_RNG_GenerateRandomNumber	24	static
../Drivers/STM32F7xx_HAL_Driver/Src/stm32f7xx_hal_rng.c:610:19:HAL_RNG_GenerateRandomNumber_IT	24	static
../Drivers/STM32F7xx_HAL_Driver/Src/stm32f7xx_hal_rng.c:645:10:HAL_RNG_GetRandomNumber	16	static
../Drivers/STM32F7xx_HAL_Driver/Src/stm32f7xx_hal_rng.c:664:10:HAL_RNG_GetRandomNumber_IT	24	static
../Drivers/STM32F7xx_HAL_Driver/Src/stm32f7xx_hal_rng.c:705:6:HAL_RNG_IRQHandler	24	static
../Drivers/STM32F7xx_HAL_Driver/Src/stm32f7xx_hal_rng.c:779:10:HAL_RNG_ReadLastRandomNumber	16	static
../Drivers/STM32F7xx_HAL_Driver/Src/stm32f7xx_hal_rng.c:796:13:HAL_RNG_ReadyDataCallback	16	static
../Drivers/STM32F7xx_HAL_Driver/Src/stm32f7xx_hal_rng.c:812:13:HAL_RNG_ErrorCallback	16	static
../Drivers/STM32F7xx_HAL_Driver/Src/stm32f7xx_hal_rng.c:846:22:HAL_RNG_GetState	16	static
../Drivers/STM32F7xx_HAL_Driver/Src/stm32f7xx_hal_rng.c:856:10:HAL_RNG_GetError	16	static
