../Core/Src/main.c:103:5:main	8	static
../Core/Src/main.c:153:6:SystemClock_Config	88	static
../Core/Src/main.c:203:13:MX_ETH_Init	8	static
../Core/Src/main.c:252:13:MX_UART4_Init	8	static
../Core/Src/main.c:287:13:MX_UART5_Init	8	static
../Core/Src/main.c:322:13:MX_USART3_UART_Init	8	static
../Core/Src/main.c:357:13:MX_USB_OTG_FS_PCD_Init	8	static
../Core/Src/main.c:390:13:MX_DMA_Init	16	static
../Core/Src/main.c:423:13:MX_GPIO_Init	56	static
../Core/Src/main.c:481:6:Error_Handler	4	static,ignoring_inline_asm
