../Drivers/CMSIS/Include/core_cm7.h:2464:22:SCB_InvalidateDCache_by_Addr	32	static,ignoring_inline_asm
../LWIP/Target/ethernetif.c:158:13:low_level_init	24	static
../LWIP/Target/ethernetif.c:259:14:low_level_output	80	static
../LWIP/Target/ethernetif.c:306:22:low_level_input	24	static
../LWIP/Target/ethernetif.c:327:6:ethernetif_input	24	static
../LWIP/Target/ethernetif.c:377:7:ethernetif_init	16	static
../LWIP/Target/ethernetif.c:428:6:pbuf_free_custom	24	static
../LWIP/Target/ethernetif.c:450:7:sys_now	8	static
../LWIP/Target/ethernetif.c:463:6:HAL_ETH_MspInit	64	static
../LWIP/Target/ethernetif.c:526:6:HAL_ETH_MspDeInit	16	static
../LWIP/Target/ethernetif.c:572:9:ETH_PHY_IO_Init	8	static
../LWIP/Target/ethernetif.c:589:9:ETH_PHY_IO_DeInit	4	static
../LWIP/Target/ethernetif.c:601:9:ETH_PHY_IO_ReadReg	24	static
../LWIP/Target/ethernetif.c:618:9:ETH_PHY_IO_WriteReg	24	static
../LWIP/Target/ethernetif.c:632:9:ETH_PHY_IO_GetTick	8	static
../LWIP/Target/ethernetif.c:641:6:ethernet_link_check_state	136	static
../LWIP/Target/ethernetif.c:698:6:HAL_ETH_RxAllocateCallback	32	static
../LWIP/Target/ethernetif.c:720:6:HAL_ETH_RxLinkCallback	40	static
../LWIP/Target/ethernetif.c:760:6:HAL_ETH_TxFreeCallback	16	static
