18:47:12 **** Incremental Build of configuration Debug for project Homework6-Timers ****
make -j8 all 
arm-none-eabi-gcc -o "Homework6-Timers.elf" @"objects.list"   -mcpu=cortex-m7 -T"C:\Users\yarde\Desktop\Homework6-Timers\STM32F746ZGTX_FLASH.ld" --specs=nosys.specs -Wl,-Map="Homework6-Timers.map" -Wl,--gc-sections -static --specs=nano.specs -mfpu=fpv5-sp-d16 -mfloat-abi=hard -mthumb -Wl,--start-group -lc -lm -Wl,--end-group
Finished building target: Homework6-Timers.elf
 
arm-none-eabi-size  Homework6-Timers.elf 
arm-none-eabi-objdump -h -S Homework6-Timers.elf  > "Homework6-Timers.list"
   text	   data	    bss	    dec	    hex	filename
  26160	    432	   2808	  29400	   72d8	Homework6-Timers.elf
Finished building: default.size.stdout
 
Finished building: Homework6-Timers.list
 

18:47:16 Build Finished. 0 errors, 0 warnings. (took 4s.441ms)

