19:09:46 **** Incremental Build of configuration Debug for project ProjClient ****
make -j8 all 
arm-none-eabi-gcc "../Core/Src/main.c" -mcpu=cortex-m7 -std=gnu11 -g3 -DDEBUG -DUSE_HAL_DRIVER -DSTM32F746xx -c -I../Core/Inc -I"C:/Users/yarde/STM32CubeIDE/workspace_1.13.1/ProjClient/UUT/spi_testing/Inc" -I"C:/Users/yarde/STM32CubeIDE/workspace_1.13.1/ProjClient/UUT/adc_testing/Inc" -I"C:/Users/yarde/STM32CubeIDE/workspace_1.13.1/ProjClient/UUT/server/Inc" -I../Drivers/STM32F7xx_HAL_Driver/Inc -I../Drivers/STM32F7xx_HAL_Driver/Inc/Legacy -I../Drivers/CMSIS/Device/ST/STM32F7xx/Include -I../Drivers/CMSIS/Include -I../LWIP/App -I../LWIP/Target -I../Middlewares/Third_Party/LwIP/src/include -I../Middlewares/Third_Party/LwIP/system -I"C:/Users/yarde/STM32CubeIDE/workspace_1.13.1/ProjClient/UUT/server/Inc" -I../Middlewares/Third_Party/LwIP/src/include/netif/ppp -I../Middlewares/Third_Party/LwIP/src/include/lwip -I../Middlewares/Third_Party/LwIP/src/include/lwip/apps -I../Middlewares/Third_Party/LwIP/src/include/lwip/priv -I../Middlewares/Third_Party/LwIP/src/include/lwip/prot -I../Middlewares/Third_Party/LwIP/src/include/netif -I../Middlewares/Third_Party/LwIP/src/include/compat/posix -I../Middlewares/Third_Party/LwIP/src/include/compat/posix/arpa -I../Middlewares/Third_Party/LwIP/src/include/compat/posix/net -I../Middlewares/Third_Party/LwIP/src/include/compat/posix/sys -I../Middlewares/Third_Party/LwIP/src/include/compat/stdc -I../Middlewares/Third_Party/LwIP/system/arch -I../Drivers/BSP/Components/lan8742 -I"C:/Users/yarde/STM32CubeIDE/workspace_1.13.1/ProjClient/UUT/i2c_testing/Inc" -I"C:/Users/yarde/STM32CubeIDE/workspace_1.13.1/ProjClient/UUT/spi_testing/Inc" -I"C:/Users/yarde/STM32CubeIDE/workspace_1.13.1/ProjClient/UUT/Testing_Program/Inc" -I"C:/Users/yarde/STM32CubeIDE/workspace_1.13.1/ProjClient/UUT/uart_testin/Inc" -I"C:/Users/yarde/STM32CubeIDE/workspace_1.13.1/ProjClient/UUT/timer_testing/Inc" -O0 -ffunction-sections -fdata-sections -Wall -fstack-usage -fcyclomatic-complexity -MMD -MP -MF"Core/Src/main.d" -MT"Core/Src/main.o" --specs=nano.specs -mfpu=fpv5-sp-d16 -mfloat-abi=hard -mthumb -o "Core/Src/main.o"
arm-none-eabi-gcc -o "ProjClient.elf" @"objects.list"   -mcpu=cortex-m7 -T"C:\Users\yarde\STM32CubeIDE\workspace_1.13.1\ProjClient\STM32F746ZGTX_FLASH.ld" --specs=nosys.specs -Wl,-Map="ProjClient.map" -Wl,--gc-sections -static --specs=nano.specs -mfpu=fpv5-sp-d16 -mfloat-abi=hard -mthumb -Wl,--start-group -lc -lm -Wl,--end-group
Finished building target: ProjClient.elf
 
arm-none-eabi-size  ProjClient.elf 
arm-none-eabi-objdump -h -S ProjClient.elf  > "ProjClient.list"
   text	   data	    bss	    dec	    hex	filename
 112872	    464	  37296	 150632	  24c68	ProjClient.elf
Finished building: default.size.stdout
 
Finished building: ProjClient.list
 

19:09:54 Build Finished. 0 errors, 0 warnings. (took 7s.576ms)

