23:52:39 **** Incremental Build of configuration Debug for project UART ****
make -j8 all 
arm-none-eabi-gcc "../ex_uart/Src/ex_uart.c" -mcpu=cortex-m7 -std=gnu11 -g3 -DDEBUG -DUSE_HAL_DRIVER -DSTM32F746xx -c -I../Core/Inc -I"C:/Users/yarde/STM32CubeIDE/workspace_1.13.1/UART/ex_uart/Inc" -I../Drivers/STM32F7xx_HAL_Driver/Inc -I../Drivers/STM32F7xx_HAL_Driver/Inc/Legacy -I../Drivers/CMSIS/Device/ST/STM32F7xx/Include -I../Drivers/CMSIS/Include -O0 -ffunction-sections -fdata-sections -Wall -fstack-usage -fcyclomatic-complexity -MMD -MP -MF"ex_uart/Src/ex_uart.d" -MT"ex_uart/Src/ex_uart.o" --specs=nano.specs -mfpu=fpv5-sp-d16 -mfloat-abi=hard -mthumb -o "ex_uart/Src/ex_uart.o"
../ex_uart/Src/ex_uart.c: In function 'ex3':
../ex_uart/Src/ex_uart.c:192:61: warning: pointer targets in passing argument 1 of 'strlen' differ in signedness [-Wpointer-sign]
  192 |         status= HAL_UART_Transmit(UART_4 ,ex1_buff4, strlen(ex1_buff4), HAL_MAX_DELAY);
      |                                                             ^~~~~~~~~
      |                                                             |
      |                                                             uint8_t * {aka unsigned char *}
In file included from ../ex_uart/Src/ex_uart.c:6:
C:\ST\STM32CubeIDE_1.13.1\STM32CubeIDE\plugins\com.st.stm32cube.ide.mcu.externaltools.gnu-tools-for-stm32.11.3.rel1.win32_1.1.0.202305231506\tools\bin/../lib/gcc/arm-none-eabi/11.3.1/../../../../arm-none-eabi/include/string.h:41:18: note: expected 'const char *' but argument is of type 'uint8_t *' {aka 'unsigned char *'}
   41 | size_t   strlen (const char *);
      |                  ^~~~~~~~~~~~
../ex_uart/Src/ex_uart.c:210:78: warning: pointer targets in passing argument 1 of 'strlen' differ in signedness [-Wpointer-sign]
  210 |                         status = HAL_UART_Transmit(UART_5, ex1_buff5, strlen(ex1_buff5),HAL_MAX_DELAY);
      |                                                                              ^~~~~~~~~
      |                                                                              |
      |                                                                              uint8_t * {aka unsigned char *}
In file included from ../ex_uart/Src/ex_uart.c:6:
C:\ST\STM32CubeIDE_1.13.1\STM32CubeIDE\plugins\com.st.stm32cube.ide.mcu.externaltools.gnu-tools-for-stm32.11.3.rel1.win32_1.1.0.202305231506\tools\bin/../lib/gcc/arm-none-eabi/11.3.1/../../../../arm-none-eabi/include/string.h:41:18: note: expected 'const char *' but argument is of type 'uint8_t *' {aka 'unsigned char *'}
   41 | size_t   strlen (const char *);
      |                  ^~~~~~~~~~~~
../ex_uart/Src/ex_uart.c: In function 'ex4':
../ex_uart/Src/ex_uart.c:268:82: warning: pointer targets in passing argument 1 of 'strlen' differ in signedness [-Wpointer-sign]
  268 |                         status = HAL_UART_Transmit(UART_DEBUG, ex2_buff4, strlen(ex2_buff4),HAL_MAX_DELAY);
      |                                                                                  ^~~~~~~~~
      |                                                                                  |
      |                                                                                  uint8_t * {aka unsigned char *}
In file included from ../ex_uart/Src/ex_uart.c:6:
C:\ST\STM32CubeIDE_1.13.1\STM32CubeIDE\plugins\com.st.stm32cube.ide.mcu.externaltools.gnu-tools-for-stm32.11.3.rel1.win32_1.1.0.202305231506\tools\bin/../lib/gcc/arm-none-eabi/11.3.1/../../../../arm-none-eabi/include/string.h:41:18: note: expected 'const char *' but argument is of type 'uint8_t *' {aka 'unsigned char *'}
   41 | size_t   strlen (const char *);
      |                  ^~~~~~~~~~~~
../ex_uart/Src/ex_uart.c:290:78: warning: pointer targets in passing argument 1 of 'strlen' differ in signedness [-Wpointer-sign]
  290 |                         status = HAL_UART_Transmit(UART_5, ex2_buff5, strlen(ex2_buff5), HAL_MAX_DELAY);
      |                                                                              ^~~~~~~~~
      |                                                                              |
      |                                                                              uint8_t * {aka unsigned char *}
In file included from ../ex_uart/Src/ex_uart.c:6:
C:\ST\STM32CubeIDE_1.13.1\STM32CubeIDE\plugins\com.st.stm32cube.ide.mcu.externaltools.gnu-tools-for-stm32.11.3.rel1.win32_1.1.0.202305231506\tools\bin/../lib/gcc/arm-none-eabi/11.3.1/../../../../arm-none-eabi/include/string.h:41:18: note: expected 'const char *' but argument is of type 'uint8_t *' {aka 'unsigned char *'}
   41 | size_t   strlen (const char *);
      |                  ^~~~~~~~~~~~
arm-none-eabi-gcc -o "UART.elf" @"objects.list"   -mcpu=cortex-m7 -T"C:\Users\yarde\STM32CubeIDE\workspace_1.13.1\UART\STM32F746ZGTX_FLASH.ld" --specs=nosys.specs -Wl,-Map="UART.map" -Wl,--gc-sections -static --specs=nano.specs -mfpu=fpv5-sp-d16 -mfloat-abi=hard -mthumb -Wl,--start-group -lc -lm -Wl,--end-group
Finished building target: UART.elf
 
arm-none-eabi-size   UART.elf 
arm-none-eabi-objdump -h -S  UART.elf  > "UART.list"
   text	   data	    bss	    dec	    hex	filename
  28328	    432	   7496	  36256	   8da0	UART.elf
Finished building: default.size.stdout
 
Finished building: UART.list
 

23:52:41 Build Finished. 0 errors, 4 warnings. (took 1s.727ms)

